Component: ARM Compiler 5.06 update 6 (build 750) Tool: armlink [4d35ed]

==============================================================================

Section Cross References

    main.o(.text) refers to stm32f4xx_gpio.o(.text) for GPIO_ResetBits
    main.o(.text) refers to tasks.o(.text) for vTaskDelay
    main.o(.text) refers to vs1053.o(.text) for vs10xx_reset
    main.o(.text) refers to lv_timer.o(.text) for lv_timer_handler
    main.o(.text) refers to delay.o(.text) for delay_init
    main.o(.text) refers to led.o(.text) for LED_Init
    main.o(.text) refers to uart.o(.text) for UART_Init
    main.o(.text) refers to lv_obj.o(.text) for lv_init
    main.o(.text) refers to lv_port_disp_template.o(.text) for lv_port_disp_init
    main.o(.text) refers to lv_port_indev_template.o(.text) for lv_port_indev_init
    main.o(.text) refers to ui.o(.text) for UI_init
    main.o(.text) refers to lv_hal_disp.o(.text) for lv_disp_get_default
    main.o(.text) refers to lv_disp.o(.text) for lv_disp_get_scr_act
    main.o(.text) refers to lv_switch.o(.text) for lv_switch_create
    main.o(.text) refers to lv_obj_pos.o(.text) for lv_obj_align
    main.o(.text) refers to main.o(.data) for task1Handler
    system_stm32f4xx.o(.text) refers to system_stm32f4xx.o(.data) for SystemCoreClock
    led.o(.text) refers to stm32f4xx_rcc.o(.text) for RCC_AHB1PeriphClockCmd
    led.o(.text) refers to stm32f4xx_gpio.o(.text) for GPIO_Init
    lcd.o(.text) refers to delay.o(.text) for delay_ms
    lcd.o(.text) refers to lcd.o(.bss) for lcddev
    lcd.o(.text) refers to dflt_clz.o(x$fpl$dfltu) for __aeabi_ui2d
    lcd.o(.text) refers to dmul.o(x$fpl$dmul) for __aeabi_dmul
    lcd.o(.text) refers to dfixu.o(x$fpl$dfixu) for __aeabi_d2uiz
    lcd.o(.text) refers to stm32f4xx_rcc.o(.text) for RCC_AHB1PeriphClockCmd
    lcd.o(.text) refers to stm32f4xx_gpio.o(.text) for GPIO_Init
    lcd.o(.text) refers to stm32f4xx_fmc.o(.text) for FMC_NORSRAMInit
    lcd.o(.text) refers to lcd.o(.constdata) for asc2_1206
    lcd.o(.text) refers to lcd.o(.data) for g_back_color
    ctiic.o(.text) refers to delay.o(.text) for delay_us
    ctiic.o(.text) refers to stm32f4xx_gpio.o(.text) for GPIO_ResetBits
    ctiic.o(.text) refers to stm32f4xx_rcc.o(.text) for RCC_AHB1PeriphClockCmd
    ft5206.o(.text) refers to ctiic.o(.text) for ct_iic_start
    ft5206.o(.text) refers to stm32f4xx_rcc.o(.text) for RCC_AHB1PeriphClockCmd
    ft5206.o(.text) refers to stm32f4xx_gpio.o(.text) for GPIO_Init
    ft5206.o(.text) refers to delay.o(.text) for delay_ms
    ft5206.o(.text) refers to ft5206.o(.data) for t
    ft5206.o(.text) refers to touch.o(.data) for tp_dev
    ft5206.o(.text) refers to ft5206.o(.constdata) for FT5206_TPX_TBL
    ft5206.o(.text) refers to lcd.o(.bss) for lcddev
    gt9xxx.o(.text) refers to ctiic.o(.text) for ct_iic_start
    gt9xxx.o(.text) refers to stm32f4xx_rcc.o(.text) for RCC_AHB1PeriphClockCmd
    gt9xxx.o(.text) refers to stm32f4xx_gpio.o(.text) for GPIO_Init
    gt9xxx.o(.text) refers to delay.o(.text) for delay_ms
    gt9xxx.o(.text) refers to strcmpv7m.o(.text) for strcmp
    gt9xxx.o(.text) refers to gt9xxx.o(.data) for g_gt_tnum
    gt9xxx.o(.text) refers to touch.o(.data) for tp_dev
    gt9xxx.o(.text) refers to gt9xxx.o(.constdata) for GT9XXX_TPX_TBL
    gt9xxx.o(.text) refers to lcd.o(.bss) for lcddev
    touch.o(.text) refers to _printf_percent.o(.ARM.Collect$$_printf_percent$$00000000) for _printf_percent
    touch.o(.text) refers to _printf_d.o(.ARM.Collect$$_printf_percent$$00000009) for _printf_d
    touch.o(.text) refers to _printf_dec.o(.text) for _printf_int_dec
    touch.o(.text) refers to _printf_f.o(.ARM.Collect$$_printf_percent$$00000003) for _printf_f
    touch.o(.text) refers to printf1.o(x$fpl$printf1) for _printf_fp_dec
    touch.o(.text) refers to stm32f4xx_gpio.o(.text) for GPIO_SetBits
    touch.o(.text) refers to delay.o(.text) for delay_us
    touch.o(.text) refers to lcd.o(.text) for lcd_draw_line
    touch.o(.text) refers to touch.o(.data) for tp_dev
    touch.o(.text) refers to lcd.o(.bss) for lcddev
    touch.o(.text) refers to flash.o(.text) for Flash_WriteBuffer8
    touch.o(.text) refers to __2sprintf.o(.text) for __2sprintf
    touch.o(.text) refers to dflt_clz.o(x$fpl$dflt) for __aeabi_i2d
    touch.o(.text) refers to ddiv.o(x$fpl$ddiv) for __aeabi_ddiv
    touch.o(.text) refers to dleqf.o(x$fpl$dleqf) for __aeabi_cdcmple
    touch.o(.text) refers to basic.o(x$fpl$basic) for __aeabi_dneg
    touch.o(.text) refers to drleqf.o(x$fpl$drleqf) for __aeabi_cdrcmple
    touch.o(.text) refers to touch.o(.constdata) for TP_REMIND_MSG_TBL
    touch.o(.text) refers to f2d.o(x$fpl$f2d) for __aeabi_f2d
    touch.o(.text) refers to uart.o(.text) for UART_printf
    touch.o(.text) refers to gt9xxx.o(.text) for gt9xxx_init
    touch.o(.text) refers to ft5206.o(.text) for ft5206_init
    touch.o(.text) refers to stm32f4xx_rcc.o(.text) for RCC_AHB1PeriphClockCmd
[...]
    br                                       0x200007c0   Data           4  txt_read_page.o(.data)
    ui_picture_page                          0x200007c4   Data           4  picture_page.o(.data)
    picture_page                             0x200007c8   Data          12  picture_page.o(.data)
    ui_menu_page                             0x20000858   Data           4  menu_page.o(.data)
    menu_page                                0x2000085c   Data          12  menu_page.o(.data)
    root_path                                0x20000868   Data           4  file_manager.o(.data)
    ui_file_manager_page                     0x2000086c   Data           4  file_manager.o(.data)
    file_manager_page                        0x20000874   Data          12  file_manager.o(.data)
    ui_home_page                             0x20000880   Data           4  home_page.o(.data)
    home_page                                0x20000894   Data          12  home_page.o(.data)
    ui_calendar_page                         0x200008a0   Data           4  calendar_page.o(.data)
    calendar_page                            0x200008a4   Data          12  calendar_page.o(.data)
    ui_card_page                             0x200008b0   Data           4  card_page.o(.data)
    card_page                                0x200008b4   Data          12  card_page.o(.data)
    ui_device_info_page                      0x200008c0   Data           4  device_info_page.o(.data)
    device_info_page                         0x200008c4   Data          12  device_info_page.o(.data)
    ui_stop_watch_page                       0x200008d0   Data           4  stop_watch_page.o(.data)
    stop_watch_page                          0x200008d4   Data          12  stop_watch_page.o(.data)
    ui_settings_page                         0x200008e0   Data           4  settings_page.o(.data)
    settings_page                            0x200008e4   Data          12  settings_page.o(.data)
    ui_music_page                            0x200008f0   Data           4  music_page.o(.data)
    music_page                               0x200008f4   Data          12  music_page.o(.data)
    ui_game_page                             0x20000900   Data           4  game_page.o(.data)
    game_page                                0x20000904   Data          12  game_page.o(.data)
    ui_calculator_page                       0x20000910   Data           4  calculator_page.o(.data)
    calculator_page                          0x20000970   Data          12  calculator_page.o(.data)
    g_sram_handle                            0x20000980   Data          64  lcd.o(.bss)
    lcddev                                   0x200009c0   Data          14  lcd.o(.bss)
    SDIO_InitStructure                       0x200009d0   Data          24  sdio_sdcard.o(.bss)
    SDIO_CmdInitStructure                    0x200009e8   Data          20  sdio_sdcard.o(.bss)
    SDIO_DataInitStructure                   0x200009fc   Data          24  sdio_sdcard.o(.bss)
    SDCardInfo                               0x20000a38   Data          88  sdio_sdcard.o(.bss)
    SDIO_DATA_BUFFER                         0x20000a90   Data         512  sdio_sdcard.o(.bss)
    _lv_timer_ll                             0x20008aec   Data          12  lv_gc.o(.bss)
    _lv_disp_ll                              0x20008af8   Data          12  lv_gc.o(.bss)
    _lv_indev_ll                             0x20008b04   Data          12  lv_gc.o(.bss)
    _lv_fsdrv_ll                             0x20008b10   Data          12  lv_gc.o(.bss)
    _lv_anim_ll                              0x20008b1c   Data          12  lv_gc.o(.bss)
    _lv_group_ll                             0x20008b28   Data          12  lv_gc.o(.bss)
    _lv_img_decoder_ll                       0x20008b34   Data          12  lv_gc.o(.bss)
    _lv_obj_style_trans_ll                   0x20008b40   Data          12  lv_gc.o(.bss)
    lv_mem_buf                               0x20008b4c   Data         128  lv_gc.o(.bss)
    _lv_circle_cache                         0x20008bcc   Data         112  lv_gc.o(.bss)
    _lv_draw_mask_list                       0x20008c3c   Data         128  lv_gc.o(.bss)
    text_manage                              0x2001ef18   Data         132  txt_read_page.o(.bss)
    f                                        0x2001ef9c   Data          12  txt_read_page.o(.bss)
    __libspace_start                         0x2001f64c   Data          96  libspace.o(.bss)
    __temporary_stack_top$libspace           0x2001f6ac   Data           0  libspace.o(.bss)



==============================================================================

Memory Map of the image

  Image Entry point : 0x080001ad

  Load Region LR_IROM1 (Base: 0x08000000, Size: 0x000cac9c, Max: 0x00100000, ABSOLUTE, COMPRESSED[0x000ca91c])

    Execution Region ER_IROM1 (Exec base: 0x08000000, Load base: 0x08000000, Size: 0x000ca31c, Max: 0x00100000, ABSOLUTE)

    Exec Addr    Load Addr    Size         Type   Attr      Idx    E Section Name        Object

    0x08000000   0x08000000   0x000001ac   Data   RO          931    RESET               startup_stm32f429_439xx.o
    0x080001ac   0x080001ac   0x00000008   Code   RO        29491  * !!!main             c_w.l(__main.o)
    0x080001b4   0x080001b4   0x00000034   Code   RO        29949    !!!scatter          c_w.l(__scatter.o)
    0x080001e8   0x080001e8   0x0000005a   Code   RO        29947    !!dczerorl2         c_w.l(__dczerorl2.o)
    0x08000242   0x08000242   0x00000002   PAD
    0x08000244   0x08000244   0x0000001c   Code   RO        29951    !!handler_zi        c_w.l(__scatter_zi.o)
    0x08000260   0x08000260   0x00000000   Code   RO        29454    .ARM.Collect$$_printf_percent$$00000000  c_w.l(_printf_percent.o)
    0x08000260   0x08000260   0x00000006   Code   RO        29595    .ARM.Collect$$_printf_percent$$00000001  c_w.l(_printf_n.o)
    0x08000266   0x08000266   0x00000006   Code   RO        29597    .ARM.Collect$$_printf_percent$$00000002  c_w.l(_printf_p.o)
    0x0800026c   0x0800026c   0x00000006   Code   RO        29453    .ARM.Collect$$_printf_percent$$00000003  c_w.l(_printf_f.o)
    0x08000272   0x08000272   0x00000006   Code   RO        29601    .ARM.Collect$$_printf_percent$$00000004  c_w.l(_printf_e.o)
    0x08000278   0x08000278   0x00000006   Code   RO        29602    .ARM.Collect$$_printf_percent$$00000005  c_w.l(_printf_g.o)
    0x0800027e   0x0800027e   0x00000006   Code   RO        29603    .ARM.Collect$$_printf_percent$$00000006  c_w.l(_printf_a.o)
    0x08000284   0x08000284   0x0000000a   Code   RO        29608    .ARM.Collect$$_printf_percent$$00000007  c_w.l(_printf_ll.o)
    0x0800028e   0x0800028e   0x00000006   Code   RO        29599    .ARM.Collect$$_printf_percent$$00000008  c_w.l(_printf_i.o)
    0x08000294   0x08000294   0x00000006   Code   RO        29452    .ARM.Collect$$_printf_percent$$00000009  c_w.l(_printf_d.o)
    0x0800029a   0x0800029a   0x00000006   Code   RO        29600    .ARM.Collect$$_printf_percent$$0000000A  c_w.l(_printf_u.o)
    0x080002a0   0x080002a0   0x00000006   Code   RO        29598    .ARM.Collect$$_printf_percent$$0000000B  c_w.l(_printf_o.o)
    0x080002a6   0x080002a6   0x00000006   Code   RO        29596    .ARM.Collect$$_printf_percent$$0000000C  c_w.l(_printf_x.o)
    0x080002ac   0x080002ac   0x00000006   Code   RO        29605    .ARM.Collect$$_printf_percent$$0000000D  c_w.l(_printf_lli.o)
    0x080002b2   0x080002b2   0x00000006   Code   RO        29606    .ARM.Collect$$_printf_percent$$0000000E  c_w.l(_printf_lld.o)
    0x080002b8   0x080002b8   0x00000006   Code   RO        29607    .ARM.Collect$$_printf_percent$$0000000F  c_w.l(_printf_llu.o)
    0x080002be   0x080002be   0x00000006   Code   RO        29612    .ARM.Collect$$_printf_percent$$00000010  c_w.l(_printf_llo.o)
    0x080002c4   0x080002c4   0x00000006   Code   RO        29613    .ARM.Collect$$_printf_percent$$00000011  c_w.l(_printf_llx.o)
    0x080002ca   0x080002ca   0x0000000a   Code   RO        29609    .ARM.Collect$$_printf_percent$$00000012  c_w.l(_printf_l.o)
    0x080002d4   0x080002d4   0x00000006   Code   RO        29593    .ARM.Collect$$_printf_percent$$00000013  c_w.l(_printf_c.o)
    0x080002da   0x080002da   0x00000006   Code   RO        29594    .ARM.Collect$$_printf_percent$$00000014  c_w.l(_printf_s.o)
    0x080002e0   0x080002e0   0x00000006   Code   RO        29610    .ARM.Collect$$_printf_percent$$00000015  c_w.l(_printf_lc.o)
    0x080002e6   0x080002e6   0x00000006   Code   RO        29611    .ARM.Collect$$_printf_percent$$00000016  c_w.l(_printf_ls.o)
    0x080002ec   0x080002ec   0x00000004   Code   RO        29604    .ARM.Collect$$_printf_percent$$00000017  c_w.l(_printf_percent_end.o)
    0x080002f0   0x080002f0   0x00000002   Code   RO        29798    .ARM.Collect$$libinit$$00000000  c_w.l(libinit.o)
    0x080002f2   0x080002f2   0x00000004   Code   RO        29721    .ARM.Collect$$libinit$$00000001  c_w.l(libinit2.o)
    0x080002f6   0x080002f6   0x00000000   Code   RO        29724    .ARM.Collect$$libinit$$00000004  c_w.l(libinit2.o)
    0x080002f6   0x080002f6   0x00000000   Code   RO        29727    .ARM.Collect$$libinit$$0000000A  c_w.l(libinit2.o)
    0x080002f6   0x080002f6   0x00000000   Code   RO        29729    .ARM.Collect$$libinit$$0000000C  c_w.l(libinit2.o)
    0x080002f6   0x080002f6   0x00000000   Code   RO        29731    .ARM.Collect$$libinit$$0000000E  c_w.l(libinit2.o)
    0x080002f6   0x080002f6   0x00000006   Code   RO        29732    .ARM.Collect$$libinit$$0000000F  c_w.l(libinit2.o)
    0x080002fc   0x080002fc   0x00000000   Code   RO        29734    .ARM.Collect$$libinit$$00000011  c_w.l(libinit2.o)
    0x080002fc   0x080002fc   0x0000000c   Code   RO        29735    .ARM.Collect$$libinit$$00000012  c_w.l(libinit2.o)
    0x08000308   0x08000308   0x00000000   Code   RO        29736    .ARM.Collect$$libinit$$00000013  c_w.l(libinit2.o)
    0x08000308   0x08000308   0x00000000   Code   RO        29738    .ARM.Collect$$libinit$$00000015  c_w.l(libinit2.o)
    0x08000308   0x08000308   0x0000000a   Code   RO        29739    .ARM.Collect$$libinit$$00000016  c_w.l(libinit2.o)
    0x08000312   0x08000312   0x00000000   Code   RO        29740    .ARM.Collect$$libinit$$00000017  c_w.l(libinit2.o)
    0x08000312   0x08000312   0x00000000   Code   RO        29742    .ARM.Collect$$libinit$$00000019  c_w.l(libinit2.o)
    0x08000312   0x08000312   0x00000000   Code   RO        29744    .ARM.Collect$$libinit$$0000001B  c_w.l(libinit2.o)
    0x08000312   0x08000312   0x00000000   Code   RO        29746    .ARM.Collect$$libinit$$0000001D  c_w.l(libinit2.o)
    0x08000312   0x08000312   0x00000000   Code   RO        29748    .ARM.Collect$$libinit$$0000001F  c_w.l(libinit2.o)
    0x08000312   0x08000312   0x00000000   Code   RO        29750    .ARM.Collect$$libinit$$00000021  c_w.l(libinit2.o)
    0x08000312   0x08000312   0x00000000   Code   RO        29752    .ARM.Collect$$libinit$$00000023  c_w.l(libinit2.o)
    0x08000312   0x08000312   0x00000000   Code   RO        29754    .ARM.Collect$$libinit$$00000025  c_w.l(libinit2.o)
    0x08000312   0x08000312   0x00000000   Code   RO        29758    .ARM.Collect$$libinit$$0000002C  c_w.l(libinit2.o)
    0x08000312   0x08000312   0x00000000   Code   RO        29760    .ARM.Collect$$libinit$$0000002E  c_w.l(libinit2.o)
    0x08000312   0x08000312   0x00000000   Code   RO        29762    .ARM.Collect$$libinit$$00000030  c_w.l(libinit2.o)
    0x08000312   0x08000312   0x00000000   Code   RO        29764    .ARM.Collect$$libinit$$00000032  c_w.l(libinit2.o)
    0x08000312   0x08000312   0x00000002   Code   RO        29765    .ARM.Collect$$libinit$$00000033  c_w.l(libinit2.o)
    0x08000314   0x08000314   0x00000002   Code   RO        29887    .ARM.Collect$$libshutdown$$00000000  c_w.l(libshutdown.o)
    0x08000316   0x08000316   0x00000000   Code   RO        29907    .ARM.Collect$$libshutdown$$00000002  c_w.l(libshutdown2.o)
    0x08000316   0x08000316   0x00000000   Code   RO        29909    .ARM.Collect$$libshutdown$$00000004  c_w.l(libshutdown2.o)
    0x08000316   0x08000316   0x00000000   Code   RO        29912    .ARM.Collect$$libshutdown$$00000007  c_w.l(libshutdown2.o)
    0x08000316   0x08000316   0x00000000   Code   RO        29915    .ARM.Collect$$libshutdown$$0000000A  c_w.l(libshutdown2.o)
    0x08000316   0x08000316   0x00000000   Code   RO        29917    .ARM.Collect$$libshutdown$$0000000C  c_w.l(libshutdown2.o)
    0x08000316   0x08000316   0x00000000   Code   RO        29920    .ARM.Collect$$libshutdown$$0000000F  c_w.l(libshutdown2.o)
    0x08000316   0x08000316   0x00000002   Code   RO        29921    .ARM.Collect$$libshutdown$$00000010  c_w.l(libshutdown2.o)
    0x08000318   0x08000318   0x00000000   Code   RO        29533    .ARM.Collect$$rtentry$$00000000  c_w.l(__rtentry.o)
    0x08000318   0x08000318   0x00000000   Code   RO        29650    .ARM.Collect$$rtentry$$00000002  c_w.l(__rtentry2.o)
    0x08000318   0x08000318   0x00000006   Code   RO        29662    .ARM.Collect$$rtentry$$00000004  c_w.l(__rtentry4.o)
    0x0800031e   0x0800031e   0x00000000   Code   RO        29652    .ARM.Collect$$rtentry$$00000009  c_w.l(__rtentry2.o)
    0x0800031e   0x0800031e   0x00000004   Code   RO        29653    .ARM.Collect$$rtentry$$0000000A  c_w.l(__rtentry2.o)
    0x08000322   0x08000322   0x00000000   Code   RO        29655    .ARM.Collect$$rtentry$$0000000C  c_w.l(__rtentry2.o)
    0x08000322   0x08000322   0x00000008   Code   RO        29656    .ARM.Collect$$rtentry$$0000000D  c_w.l(__rtentry2.o)
    0x0800032a   0x0800032a   0x00000002   Code   RO        29801    .ARM.Collect$$rtexit$$00000000  c_w.l(rtexit.o)
    0x0800032c   0x0800032c   0x00000000   Code   RO        29839    .ARM.Collect$$rtexit$$00000002  c_w.l(rtexit2.o)
    0x0800032c   0x0800032c   0x00000004   Code   RO        29840    .ARM.Collect$$rtexit$$00000003  c_w.l(rtexit2.o)
    0x08000330   0x08000330   0x00000006   Code   RO        29841    .ARM.Collect$$rtexit$$00000004  c_w.l(rtexit2.o)
    0x08000336   0x08000336   0x00000002   PAD
    0x08000338   0x08000338   0x000000be   Code   RO         1416    .emb_text           port.o
    0x080003f6   0x080003f6   0x00000002   PAD
    0x080003f8   0x080003f8   0x00000114   Code   RO            2    .text               main.o
    0x0800050c   0x0800050c   0x00000014   Code   RO          623    .text               stm32f4xx_it.o
    0x08000520   0x08000520   0x00000244   Code   RO          668    .text               system_stm32f4xx.o
    0x08000764   0x08000764   0x00000040   Code   RO          690    .text               led.o
    0x080007a4   0x080007a4   0x00003cb4   Code   RO          706    .text               lcd.o
    0x08004458   0x08004458   0x0000025c   Code   RO          739    .text               ctiic.o
    0x080046b4   0x080046b4   0x00000350   Code   RO          758    .text               ft5206.o
    0x08004a04   0x08004a04   0x000004f4   Code   RO          784    .text               gt9xxx.o
    0x08004ef8   0x08004ef8   0x00000c38   Code   RO          804    .text               touch.o
    0x08005b30   0x08005b30   0x00001cc4   Code   RO          841    .text               sdio_sdcard.o
    0x080077f4   0x080077f4   0x00000154   Code   RO          864    .text               spi.o
    0x08007948   0x08007948   0x000008a4   Code   RO          880    .text               vs1053.o
    0x080081ec   0x080081ec   0x000001cc   Code   RO          912    .text               flash.o
    0x080083b8   0x080083b8   0x00000040   Code   RO          932    .text               startup_stm32f429_439xx.o
    0x080083f8   0x080083f8   0x000000e0   Code   RO          937    .text               misc.o
    0x080084d8   0x080084d8   0x00000294   Code   RO          953    .text               stm32f4xx_gpio.o
    0x0800876c   0x0800876c   0x00000660   Code   RO          969    .text               stm32f4xx_rcc.o
    0x08008dcc   0x08008dcc   0x00000454   Code   RO         1003    .text               stm32f4xx_usart.o
    0x08009220   0x08009220   0x00000ca2   Code   RO         1019    .text               stm32f4xx_tim.o
    0x08009ec2   0x08009ec2   0x00000002   PAD
    0x08009ec4   0x08009ec4   0x000003a8   Code   RO         1035    .text               stm32f4xx_dma.o
    0x0800a26c   0x0800a26c   0x000001dc   Code   RO         1051    .text               stm32f4xx_sdio.o
    0x0800a448   0x0800a448   0x00000480   Code   RO         1067    .text               stm32f4xx_spi.o
    0x0800a8c8   0x0800a8c8   0x00000698   Code   RO         1083    .text               stm32f4xx_flash.o
    0x0800af60   0x0800af60   0x000008b0   Code   RO         1099    .text               stm32f4xx_fmc.o
    0x0800b810   0x0800b810   0x000000cc   Code   RO         1134    .text               delay.o
    0x0800b8dc   0x0800b8dc   0x0000000c   Code   RO         1152    .text               sys.o
    0x0800b8e8   0x0800b8e8   0x000001ac   Code   RO         1168    .text               uart.o
    0x0800ba94   0x0800ba94   0x000000d0   Code   RO         1193    .text               diskio.o
    0x0800bb64   0x0800bb64   0x00003506   Code   RO         1211    .text               ff.o
    0x0800f06a   0x0800f06a   0x00000002   PAD
    0x0800f06c   0x0800f06c   0x0000018c   Code   RO         1233    .text               ffunicode.o
    0x0800f1f8   0x0800f1f8   0x00000094   Code   RO         1298    .text               list.o
    0x0800f28c   0x0800f28c   0x000017f0   Code   RO         1358    .text               tasks.o
    0x08010a7c   0x08010a7c   0x000002c8   Code   RO         1401    .text               heap_4.o
    0x08010d44   0x08010d44   0x0000010c   Code   RO         1417    .text               port.o
    0x08010e50   0x08010e50   0x00000884   Code   RO         1446    .text               lv_disp.o
    0x080116d4   0x080116d4   0x00000e60   Code   RO         1614    .text               lv_event.o
    0x08012534   0x08012534   0x00000762   Code   RO         1760    .text               lv_group.o
    0x08012c96   0x08012c96   0x00000002   PAD
    0x08012c98   0x08012c98   0x000013e0   Code   RO         1916    .text               lv_indev.o
    0x08014078   0x08014078   0x00000d4e   Code   RO         1976    .text               lv_indev_scroll.o
    0x08014dc6   0x08014dc6   0x00000002   PAD
    0x08014dc8   0x08014dc8   0x00001a92   Code   RO         2067    .text               lv_obj.o
    0x0801685a   0x0801685a   0x00000002   PAD
    0x0801685c   0x0801685c   0x00000414   Code   RO         2178    .text               lv_obj_class.o
    0x08016c70   0x08016c70   0x00000b64   Code   RO         2191    .text               lv_obj_draw.o
    0x080177d4   0x080177d4   0x00002aac   Code   RO         2338    .text               lv_obj_pos.o
    0x0801a280   0x0801a280   0x000018dc   Code   RO         2442    .text               lv_obj_scroll.o
    0x0801bb5c   0x0801bb5c   0x0000151c   Code   RO         2549    .text               lv_obj_style.o
    0x0801d078   0x0801d078   0x00000992   Code   RO         2652    .text               lv_obj_style_gen.o
    0x0801da0a   0x0801da0a   0x00000002   PAD
    0x0801da0c   0x0801da0c   0x00001264   Code   RO         2697    .text               lv_obj_tree.o
    0x0801ec70   0x0801ec70   0x000013fc   Code   RO         2774    .text               lv_refr.o
    0x0802006c   0x0802006c   0x00000100   Code   RO         2890    .text               lv_theme.o
    0x0802016c   0x0802016c   0x0000006c   Code   RO         3577    .text               lv_draw_sw.o
    0x080201d8   0x080201d8   0x00000d9a   Code   RO         3711    .text               lv_draw_sw_arc.o
    0x08020f72   0x08020f72   0x00000002   PAD
    0x08020f74   0x08020f74   0x00000fb8   Code   RO         3818    .text               lv_draw_sw_blend.o
    0x08021f2c   0x08021f2c   0x00000c42   Code   RO         3925    .text               lv_draw_sw_dither.o
    0x08022b6e   0x08022b6e   0x00000002   PAD
    0x08022b70   0x08022b70   0x00000708   Code   RO         3967    .text               lv_draw_sw_gradient.o
    0x08023278   0x08023278   0x000005ba   Code   RO         4023    .text               lv_draw_sw_img.o
    0x08023832   0x08023832   0x00000002   PAD
    0x08023834   0x08023834   0x00000aac   Code   RO         4116    .text               lv_draw_sw_letter.o
    0x080242e0   0x080242e0   0x000009f8   Code   RO         4218    .text               lv_draw_sw_line.o
    0x08024cd8   0x08024cd8   0x00000394   Code   RO         4316    .text               lv_draw_sw_polygon.o
    0x0802506c   0x0802506c   0x00002224   Code   RO         4387    .text               lv_draw_sw_rect.o
    0x08027290   0x08027290   0x00000002   Code   RO         4488    .text               lv_draw.o
    0x08027292   0x08027292   0x000004d2   Code   RO         4622    .text               lv_draw_arc.o
    0x08027764   0x08027764   0x00000574   Code   RO         4676    .text               lv_draw_img.o
    0x08027cd8   0x08027cd8   0x000009c6   Code   RO         4792    .text               lv_draw_label.o
    0x0802869e   0x0802869e   0x00000086   Code   RO         4891    .text               lv_draw_line.o
    0x08028724   0x08028724   0x00001f6c   Code   RO         5046    .text               lv_draw_mask.o
    0x0802a690   0x0802a690   0x000001c8   Code   RO         5115    .text               lv_draw_rect.o
    0x0802a858   0x0802a858   0x000011da   Code   RO         5189    .text               lv_img_buf.o
    0x0802ba32   0x0802ba32   0x00000002   PAD
    0x0802ba34   0x0802ba34   0x00000394   Code   RO         5233    .text               lv_img_cache.o
    0x0802bdc8   0x0802bdc8   0x00000ea0   Code   RO         5279    .text               lv_img_decoder.o
    0x0802cc68   0x0802cc68   0x0000100c   Code   RO         5343    .text               lv_flex.o
    0x0802dc74   0x0802dc74   0x0000103c   Code   RO         5512    .text               lv_grid.o
    0x0802ecb0   0x0802ecb0   0x00000330   Code   RO         5681    .text               lv_bmp.o
    0x0802efe0   0x0802efe0   0x00009304   Code   RO         7730    .text               lodepng.o
    0x080382e4   0x080382e4   0x0000030c   Code   RO         8144    .text               lv_png.o
    0x080385f0   0x080385f0   0x00000ca0   Code   RO         9222    .text               lv_sjpg.o
    0x08039290   0x08039290   0x00000f5c   Code   RO         9628    .text               tjpgd.o
    0x0803a1ec   0x0803a1ec   0x000032d0   Code   RO        10793    .text               lv_theme_default.o
    0x0803d4bc   0x0803d4bc   0x00000ca4   Code   RO        12011    .text               lv_calendar.o
    0x0803e160   0x0803e160   0x00000224   Code   RO        12415    .text               lv_calendar_header_arrow.o
    0x0803e384   0x0803e384   0x0000019c   Code   RO        12598    .text               lv_calendar_header_dropdown.o
    0x0803e520   0x0803e520   0x000041aa   Code   RO        12717    .text               lv_chart.o
    0x080426ca   0x080426ca   0x00000002   PAD
    0x080426cc   0x080426cc   0x00001314   Code   RO        13119    .text               lv_colorwheel.o
    0x080439e0   0x080439e0   0x00000884   Code   RO        13926    .text               lv_keyboard.o
    0x08044264   0x08044264   0x000006a0   Code   RO        14101    .text               lv_led.o
    0x08044904   0x08044904   0x0000011c   Code   RO        14503    .text               lv_list.o
    0x08044a20   0x08044a20   0x0000147c   Code   RO        14686    .text               lv_menu.o
    0x08045e9c   0x08045e9c   0x000015cc   Code   RO        14863    .text               lv_meter.o
    0x08047468   0x08047468   0x00000f48   Code   RO        16072    .text               lv_spinbox.o
    0x080483b0   0x080483b0   0x000000f8   Code   RO        16475    .text               lv_spinner.o
    0x080484a8   0x080484a8   0x000007d4   Code   RO        16878    .text               lv_tabview.o
    0x08048c7c   0x08048c7c   0x000002dc   Code   RO        17282    .text               lv_tileview.o
    0x08048f58   0x08048f58   0x00000140   Code   RO        17445    .text               lv_win.o
    0x08049098   0x08049098   0x00000018   Code   RO        17848    .text               lv_extra.o
    0x080490b0   0x080490b0   0x000001a4   Code   RO        18248    .text               lv_font.o
    0x08049254   0x08049254   0x00000890   Code   RO        18690    .text               lv_font_fmt_txt.o
    0x08049ae4   0x08049ae4   0x000006cc   Code   RO        24610    .text               lv_anim.o
    0x0804a1b0   0x0804a1b0   0x000008dc   Code   RO        24705    .text               lv_area.o
    0x0804aa8c   0x0804aa8c   0x00000058   Code   RO        24720    .text               lv_async.o
    0x0804aae4   0x0804aae4   0x00000a28   Code   RO        24735    .text               lv_bidi.o
    0x0804b50c   0x0804b50c   0x000005b8   Code   RO        24774    .text               lv_color.o
    0x0804bac4   0x0804bac4   0x00000848   Code   RO        24790    .text               lv_fs.o
    0x0804c30c   0x0804c30c   0x000000dc   Code   RO        24831    .text               lv_gc.o
    0x0804c3e8   0x0804c3e8   0x00000342   Code   RO        24856    .text               lv_ll.o
    0x0804c72a   0x0804c72a   0x00000002   PAD
    0x0804c72c   0x0804c72c   0x00000104   Code   RO        24868    .text               lv_log.o
    0x0804c830   0x0804c830   0x00000244   Code   RO        24902    .text               lv_math.o
    0x0804ca74   0x0804ca74   0x00000924   Code   RO        24917    .text               lv_mem.o
    0x0804d398   0x0804d398   0x00000968   Code   RO        24937    .text               lv_printf.o
    0x0804dd00   0x0804dd00   0x00000800   Code   RO        24949    .text               lv_style.o
    0x0804e500   0x0804e500   0x000007fe   Code   RO        24985    .text               lv_style_gen.o
    0x0804ecfe   0x0804ecfe   0x00000002   PAD
    0x0804ed00   0x0804ed00   0x000003e8   Code   RO        25008    .text               lv_timer.o
    0x0804f0e8   0x0804f0e8   0x0000196c   Code   RO        25023    .text               lv_tlsf.o
    0x08050a54   0x08050a54   0x00000a18   Code   RO        25037    .text               lv_txt.o
    0x0805146c   0x0805146c   0x000004d6   Code   RO        25123    .text               lv_txt_ap.o
    0x08051942   0x08051942   0x00000054   Code   RO        25147    .text               lv_utils.o
    0x08051996   0x08051996   0x00000002   PAD
    0x08051998   0x08051998   0x00001cea   Code   RO        25162    .text               lv_arc.o
    0x08053682   0x08053682   0x00000002   PAD
    0x08053684   0x08053684   0x000010f8   Code   RO        25326    .text               lv_bar.o
    0x0805477c   0x0805477c   0x00000044   Code   RO        25434    .text               lv_btn.o
    0x080547c0   0x080547c0   0x00001ee0   Code   RO        25458    .text               lv_btnmatrix.o
    0x080566a0   0x080566a0   0x00000572   Code   RO        25648    .text               lv_checkbox.o
    0x08056c12   0x08056c12   0x00000002   PAD
    0x08056c14   0x08056c14   0x000022c4   Code   RO        25745    .text               lv_dropdown.o
    0x08058ed8   0x08058ed8   0x0000191c   Code   RO        25843    .text               lv_img.o
    0x0805a7f4   0x0805a7f4   0x00002478   Code   RO        25940    .text               lv_label.o
    0x0805cc6c   0x0805cc6c   0x0000051e   Code   RO        26040    .text               lv_line.o
    0x0805d18a   0x0805d18a   0x00000002   PAD
    0x0805d18c   0x0805d18c   0x00001344   Code   RO        26065    .text               lv_roller.o
    0x0805e4d0   0x0805e4d0   0x00000d90   Code   RO        26147    .text               lv_slider.o
    0x0805f260   0x0805f260   0x00000616   Code   RO        26266    .text               lv_switch.o
    0x0805f876   0x0805f876   0x00000002   PAD
    0x0805f878   0x0805f878   0x00001ed0   Code   RO        26373    .text               lv_table.o
    0x08061748   0x08061748   0x00002d14   Code   RO        26457    .text               lv_textarea.o
    0x0806445c   0x0806445c   0x00000c44   Code   RO        26563    .text               lv_hal_disp.o
    0x080650a0   0x080650a0   0x000003a8   Code   RO        26746    .text               lv_hal_indev.o
    0x08065448   0x08065448   0x00000022   Code   RO        26907    .text               lv_hal_tick.o
    0x0806546a   0x0806546a   0x00000002   PAD
    0x0806546c   0x0806546c   0x00000074   Code   RO        26925    .text               lv_port_disp_template.o
    0x080654e0   0x080654e0   0x000000cc   Code   RO        27338    .text               lv_port_indev_template.o
    0x080655ac   0x080655ac   0x00000028   Code   RO        27360    .text               ui.o
    0x080655d4   0x080655d4   0x0000030c   Code   RO        27767    .text               font_border.o
    0x080658e0   0x080658e0   0x00000148   Code   RO        28426    .text               chinese.o
    0x08065a28   0x08065a28   0x00000160   Code   RO        28641    .text               txt_read_page.o
    0x08065b88   0x08065b88   0x00000014   Code   RO        28670    .text               picture_page.o
    0x08065b9c   0x08065b9c   0x00000f50   Code   RO        28687    .text               menu_page.o
    0x08066aec   0x08066aec   0x000004c4   Code   RO        28994    .text               file_manager.o
    0x08066fb0   0x08066fb0   0x0000008c   Code   RO        29213    .text               page_manage.o
    0x0806703c   0x0806703c   0x000001a4   Code   RO        29230    .text               home_page.o
    0x080671e0   0x080671e0   0x00000014   Code   RO        29265    .text               calendar_page.o
    0x080671f4   0x080671f4   0x00000014   Code   RO        29285    .text               card_page.o
    0x08067208   0x08067208   0x00000014   Code   RO        29302    .text               device_info_page.o
    0x0806721c   0x0806721c   0x00000014   Code   RO        29319    .text               stop_watch_page.o
    0x08067230   0x08067230   0x00000014   Code   RO        29336    .text               settings_page.o
    0x08067244   0x08067244   0x00000014   Code   RO        29353    .text               music_page.o
    0x08067258   0x08067258   0x00000014   Code   RO        29371    .text               game_page.o
    0x0806726c   0x0806726c   0x00000498   Code   RO        29388    .text               calculator_page.o
    0x08067704   0x08067704   0x00000010   Code   RO        29416    .text               c_w.l(rt_ctype_table.o)
    0x08067714   0x08067714   0x000000ee   Code   RO        29418    .text               c_w.l(lludivv7m.o)
    0x08067802   0x08067802   0x00000048   Code   RO        29420    .text               c_w.l(llsdiv.o)
    0x0806784a   0x0806784a   0x00000002   PAD
    0x0806784c   0x0806784c   0x00000034   Code   RO        29422    .text               c_w.l(vsnprintf.o)
    0x08067880   0x08067880   0x0000002c   Code   RO        29424    .text               c_w.l(__2sprintf.o)
    0x080678ac   0x080678ac   0x00000078   Code   RO        29430    .text               c_w.l(_printf_dec.o)
    0x08067924   0x08067924   0x00000188   Code   RO        29449    .text               c_w.l(__printf_flags_ss_wp.o)
    0x08067aac   0x08067aac   0x00000004   Code   RO        29457    .text               c_w.l(strtok_r.o)
    0x08067ab0   0x08067ab0   0x00000014   Code   RO        29459    .text               c_w.l(strchr.o)
    0x08067ac4   0x08067ac4   0x00000024   Code   RO        29461    .text               c_w.l(strstr.o)
    0x08067ae8   0x08067ae8   0x00000058   Code   RO        29463    .text               c_w.l(memcmp.o)
    0x08067b40   0x08067b40   0x00000048   Code   RO        29465    .text               c_w.l(strcpy.o)
    0x08067b88   0x08067b88   0x00000016   Code   RO        29467    .text               c_w.l(strrchr.o)
    0x08067b9e   0x08067b9e   0x0000003e   Code   RO        29469    .text               c_w.l(strlen.o)
    0x08067bdc   0x08067bdc   0x00000096   Code   RO        29471    .text               c_w.l(strncmp.o)
    0x08067c72   0x08067c72   0x00000018   Code   RO        29473    .text               c_w.l(strcat.o)
    0x08067c8a   0x08067c8a   0x0000008a   Code   RO        29475    .text               c_w.l(rt_memcpy_v6.o)
    0x08067d14   0x08067d14   0x00000064   Code   RO        29479    .text               c_w.l(rt_memcpy_w.o)
    0x08067d78   0x08067d78   0x00000010   Code   RO        29481    .text               c_w.l(aeabi_memset.o)
    0x08067d88   0x08067d88   0x00000044   Code   RO        29483    .text               c_w.l(rt_memclr.o)
    0x08067dcc   0x08067dcc   0x0000004e   Code   RO        29485    .text               c_w.l(rt_memclr_w.o)
    0x08067e1a   0x08067e1a   0x00000002   PAD
    0x08067e1c   0x08067e1c   0x00000080   Code   RO        29487    .text               c_w.l(strcmpv7m.o)
    0x08067e9c   0x08067e9c   0x00000006   Code   RO        29489    .text               c_w.l(heapauxi.o)
    0x08067ea2   0x08067ea2   0x00000002   PAD
    0x08067ea4   0x08067ea4   0x00000008   Code   RO        29541    .text               c_w.l(rt_locale_intlibspace.o)
    0x08067eac   0x08067eac   0x0000004e   Code   RO        29543    .text               c_w.l(_printf_pad.o)
    0x08067efa   0x08067efa   0x00000024   Code   RO        29545    .text               c_w.l(_printf_truncate.o)
    0x08067f1e   0x08067f1e   0x00000052   Code   RO        29547    .text               c_w.l(_printf_str.o)
    0x08067f70   0x08067f70   0x000000b2   Code   RO        29549    .text               c_w.l(_printf_intcommon.o)
    0x08068022   0x08068022   0x00000028   Code   RO        29551    .text               c_w.l(_printf_charcount.o)
    0x0806804a   0x0806804a   0x0000041e   Code   RO        29553    .text               c_w.l(_printf_fp_dec.o)
    0x08068468   0x08068468   0x00000030   Code   RO        29555    .text               c_w.l(_printf_char_common.o)
    0x08068498   0x08068498   0x0000000a   Code   RO        29557    .text               c_w.l(_sputc.o)
    0x080684a2   0x080684a2   0x00000010   Code   RO        29559    .text               c_w.l(_snputc.o)
    0x080684b2   0x080684b2   0x00000002   PAD
    0x080684b4   0x080684b4   0x000000bc   Code   RO        29561    .text               c_w.l(_printf_wctomb.o)
    0x08068570   0x08068570   0x0000007c   Code   RO        29564    .text               c_w.l(_printf_longlong_dec.o)
    0x080685ec   0x080685ec   0x00000070   Code   RO        29570    .text               c_w.l(_printf_oct_int_ll.o)
    0x0806865c   0x0806865c   0x00000094   Code   RO        29590    .text               c_w.l(_printf_hex_int_ll_ptr.o)
    0x080686f0   0x080686f0   0x000000a4   Code   RO        29614    .text               c_w.l(strtod.o)
    0x08068794   0x08068794   0x00000044   Code   RO        29623    .text               c_w.l(strtok_int.o)
    0x080687d8   0x080687d8   0x0000000c   Code   RO        29644    .text               c_w.l(sys_exit.o)
    0x080687e4   0x080687e4   0x00000008   Code   RO        29646    .text               c_w.l(libspace.o)
    0x080687ec   0x080687ec   0x0000008a   Code   RO        29666    .text               c_w.l(lludiv10.o)
    0x08068876   0x08068876   0x00000012   Code   RO        29668    .text               c_w.l(isspace.o)
    0x08068888   0x08068888   0x000002fc   Code   RO        29670    .text               c_w.l(_printf_fp_hex.o)
    0x08068b84   0x08068b84   0x00000080   Code   RO        29673    .text               c_w.l(_printf_fp_infnan.o)
    0x08068c04   0x08068c04   0x0000002c   Code   RO        29677    .text               c_w.l(_printf_char.o)
    0x08068c30   0x08068c30   0x0000002c   Code   RO        29679    .text               c_w.l(_printf_wchar.o)
    0x08068c5c   0x08068c5c   0x00000040   Code   RO        29681    .text               c_w.l(_sgetc.o)
    0x08068c9c   0x08068c9c   0x000000e4   Code   RO        29683    .text               c_w.l(bigflt0.o)
    0x08068d80   0x08068d80   0x00000040   Code   RO        29708    .text               c_w.l(_wcrtomb.o)
    0x08068dc0   0x08068dc0   0x00000020   Code   RO        29717    .text               c_w.l(strcspn.o)
    0x08068de0   0x08068de0   0x0000001c   Code   RO        29719    .text               c_w.l(strspn.o)
    0x08068dfc   0x08068dfc   0x00000002   Code   RO        29772    .text               c_w.l(use_no_semi.o)
    0x08068dfe   0x08068dfe   0x00000000   Code   RO        29774    .text               c_w.l(indicate_semi.o)
    0x08068dfe   0x08068dfe   0x0000004a   Code   RO        29775    .text               c_w.l(sys_stackheap_outer.o)
    0x08068e48   0x08068e48   0x000004f8   Code   RO        29779    .text               c_w.l(scanf_fp.o)
    0x08069340   0x08069340   0x00000012   Code   RO        29781    .text               c_w.l(exit.o)
    0x08069352   0x08069352   0x00000002   PAD
    0x08069354   0x08069354   0x00000008   Code   RO        29806    .text               c_w.l(rt_errno_addr_intlibspace.o)
    0x0806935c   0x0806935c   0x00000016   Code   RO        29847    .text               c_w.l(_rserrno.o)
    0x08069372   0x08069372   0x00000002   PAD
    0x08069374   0x08069374   0x00000320   Code   RO        29849    .text               c_w.l(scanf_hexfp.o)
    0x08069694   0x08069694   0x00000134   Code   RO        29851    .text               c_w.l(scanf_infnan.o)
    0x080697c8   0x080697c8   0x00000026   Code   RO        29867    .text               c_w.l(llshl.o)
    0x080697ee   0x080697ee   0x0000001c   Code   RO        29869    .text               c_w.l(_chval.o)
    0x0806980a   0x0806980a   0x0000003e   Code   RO        29686    CL$$btod_d2e        c_w.l(btod.o)
    0x08069848   0x08069848   0x00000046   Code   RO        29688    CL$$btod_d2e_denorm_low  c_w.l(btod.o)
    0x0806988e   0x0806988e   0x00000060   Code   RO        29687    CL$$btod_d2e_norm_op1  c_w.l(btod.o)
    0x080698ee   0x080698ee   0x00000338   Code   RO        29696    CL$$btod_div_common  c_w.l(btod.o)
    0x08069c26   0x08069c26   0x00000002   PAD
    0x08069c28   0x08069c28   0x00000084   Code   RO        29694    CL$$btod_e2d        c_w.l(btod.o)
    0x08069cac   0x08069cac   0x000000dc   Code   RO        29693    CL$$btod_e2e        c_w.l(btod.o)
    0x08069d88   0x08069d88   0x0000002a   Code   RO        29690    CL$$btod_ediv       c_w.l(btod.o)
    0x08069db2   0x08069db2   0x0000002a   Code   RO        29692    CL$$btod_edivd      c_w.l(btod.o)
    0x08069ddc   0x08069ddc   0x0000002a   Code   RO        29689    CL$$btod_emul       c_w.l(btod.o)
    0x08069e06   0x08069e06   0x0000002a   Code   RO        29691    CL$$btod_emuld      c_w.l(btod.o)
    0x08069e30   0x08069e30   0x00000244   Code   RO        29695    CL$$btod_mult_common  c_w.l(btod.o)
    0x0806a074   0x0806a074   0x00000030   Code   RO        29770    i.__ARM_fpclassify  m_wm.l(fpclassify.o)
    0x0806a0a4   0x0806a0a4   0x00000004   PAD
    0x0806a0a8   0x0806a0a8   0x000000f8   Code   RO        29828    i.__hardfp___mathlib_tofloat  m_wm.l(narrow.o)
    0x0806a1a0   0x0806a1a0   0x000000d0   Code   RO        29890    i.__hardfp_ldexp    m_wm.l(ldexp.o)
    0x0806a270   0x0806a270   0x00000028   Code   RO        29527    i.__hardfp_strtod   m_wm.l(strtod.o)
    0x0806a298   0x0806a298   0x00000020   Code   RO        29928    i.__mathlib_dbl_overflow  m_wm.l(dunder.o)
    0x0806a2b8   0x0806a2b8   0x00000020   Code   RO        29930    i.__mathlib_dbl_underflow  m_wm.l(dunder.o)
    0x0806a2d8   0x0806a2d8   0x00000012   Code   RO        29829    i.__mathlib_narrow  m_wm.l(narrow.o)
    0x0806a2ea   0x0806a2ea   0x00000014   Code   RO        29892    i.__support_ldexp   m_wm.l(ldexp.o)
    0x0806a2fe   0x0806a2fe   0x0000000e   Code   RO        29442    i._is_digit         c_w.l(__printf_wp.o)
    0x0806a30c   0x0806a30c   0x00000004   PAD
    0x0806a310   0x0806a310   0x0000008c   Code   RO        29863    i.frexp             m_wm.l(frexp.o)
    0x0806a39c   0x0806a39c   0x0000002c   Code   RO        29617    locale$$code        c_w.l(lc_ctype_c.o)
    0x0806a3c8   0x0806a3c8   0x0000002c   Code   RO        29711    locale$$code        c_w.l(lc_numeric_c.o)
    0x0806a3f4   0x0806a3f4   0x00000018   Code   RO        29493    x$fpl$basic         fz_wm.l(basic.o)
    0x0806a40c   0x0806a40c   0x00000062   Code   RO        29859    x$fpl$d2f           fz_wm.l(d2f.o)
    0x0806a46e   0x0806a46e   0x00000002   PAD
    0x0806a470   0x0806a470   0x00000150   Code   RO        29495    x$fpl$dadd          fz_wm.l(daddsub_clz.o)
    0x0806a5c0   0x0806a5c0   0x00000010   Code   RO        29939    x$fpl$dcheck1       fz_wm.l(dcheck1.o)
    0x0806a5d0   0x0806a5d0   0x00000018   Code   RO        29627    x$fpl$dcmpinf       fz_wm.l(dcmpi.o)
    0x0806a5e8   0x0806a5e8   0x000002b0   Code   RO        29502    x$fpl$ddiv          fz_wm.l(ddiv.o)
    0x0806a898   0x0806a898   0x00000078   Code   RO        29505    x$fpl$deqf          fz_wm.l(deqf.o)
    0x0806a910   0x0806a910   0x0000005a   Code   RO        29507    x$fpl$dfixu         fz_wm.l(dfixu.o)
    0x0806a96a   0x0806a96a   0x0000002e   Code   RO        29512    x$fpl$dflt          fz_wm.l(dflt_clz.o)
    0x0806a998   0x0806a998   0x00000026   Code   RO        29511    x$fpl$dfltu         fz_wm.l(dflt_clz.o)
    0x0806a9be   0x0806a9be   0x00000002   PAD
    0x0806a9c0   0x0806a9c0   0x00000078   Code   RO        29517    x$fpl$dleqf         fz_wm.l(dleqf.o)
    0x0806aa38   0x0806aa38   0x00000154   Code   RO        29519    x$fpl$dmul          fz_wm.l(dmul.o)
    0x0806ab8c   0x0806ab8c   0x0000009c   Code   RO        29629    x$fpl$dnaninf       fz_wm.l(dnaninf.o)
    0x0806ac28   0x0806ac28   0x0000000c   Code   RO        29631    x$fpl$dretinf       fz_wm.l(dretinf.o)
    0x0806ac34   0x0806ac34   0x0000006c   Code   RO        29521    x$fpl$drleqf        fz_wm.l(drleqf.o)
    0x0806aca0   0x0806aca0   0x000001d4   Code   RO        29497    x$fpl$dsub          fz_wm.l(daddsub_clz.o)
    0x0806ae74   0x0806ae74   0x00000056   Code   RO        29523    x$fpl$f2d           fz_wm.l(f2d.o)
    0x0806aeca   0x0806aeca   0x0000008c   Code   RO        29633    x$fpl$fnaninf       fz_wm.l(fnaninf.o)
    0x0806af56   0x0806af56   0x0000000a   Code   RO        29799    x$fpl$fpinit        fz_wm.l(fpinit.o)
    0x0806af60   0x0806af60   0x0000000a   Code   RO        29888    x$fpl$fretinf       fz_wm.l(fretinf.o)
    0x0806af6a   0x0806af6a   0x00000006   Code   RO        29766    x$fpl$ieeestatus    fz_wm.l(istatus.o)
    0x0806af70   0x0806af70   0x00000004   Code   RO        29525    x$fpl$printf1       fz_wm.l(printf1.o)
    0x0806af74   0x0806af74   0x00000004   Code   RO        29635    x$fpl$printf2       fz_wm.l(printf2.o)
    0x0806af78   0x0806af78   0x00000064   Code   RO        29941    x$fpl$retnan        fz_wm.l(retnan.o)
    0x0806afdc   0x0806afdc   0x0000005c   Code   RO        29922    x$fpl$scalbn        fz_wm.l(scalbn.o)
    0x0806b038   0x0806b038   0x00000004   Code   RO        29768    x$fpl$scanf1        fz_wm.l(scanf1.o)
    0x0806b03c   0x0806b03c   0x00000008   Code   RO        29822    x$fpl$scanf2        fz_wm.l(scanf2.o)
    0x0806b044   0x0806b044   0x00000030   Code   RO        29943    x$fpl$trapveneer    fz_wm.l(trapv.o)
    0x0806b074   0x0806b074   0x00000000   Code   RO        29641    x$fpl$usenofp       fz_wm.l(usenofp.o)
    0x0806b074   0x0806b074   0x00002f80   Data   RO          708    .constdata          lcd.o
    0x0806dff4   0x0806dff4   0x0000000a   Data   RO          759    .constdata          ft5206.o
    0x0806dffe   0x0806dffe   0x00000014   Data   RO          785    .constdata          gt9xxx.o
    0x0806e012   0x0806e012   0x00000002   PAD
    0x0806e014   0x0806e014   0x00000004   Data   RO          805    .constdata          touch.o
    0x0806e018   0x0806e018   0x00000040   Data   RO          881    .constdata          vs1053.o
    0x0806e058   0x0806e058   0x0000001c   Data   RO         1100    .constdata          stm32f4xx_fmc.o
    0x0806e074   0x0806e074   0x00000058   Data   RO         1213    .constdata          ff.o
    0x0806e0cc   0x0806e0cc   0x0002abb6   Data   RO         1234    .constdata          ffunicode.o
    0x08098c82   0x08098c82   0x000000d5   Data   RO         1447    .constdata          lv_disp.o
    0x08098d57   0x08098d57   0x000001ac   Data   RO         1615    .constdata          lv_event.o
    0x08098f03   0x08098f03   0x00000021   Data   RO         1761    .constdata          lv_group.o
    0x08098f24   0x08098f24   0x0000003d   Data   RO         1917    .constdata          lv_indev.o
    0x08098f61   0x08098f61   0x00000003   PAD
    0x08098f64   0x08098f64   0x000000ec   Data   RO         2068    .constdata          lv_obj.o
    0x08099050   0x08099050   0x00000018   Data   RO         2179    .constdata          lv_obj_class.o
    0x08099068   0x08099068   0x0000001d   Data   RO         2192    .constdata          lv_obj_draw.o
    0x08099085   0x08099085   0x00000003   PAD
    0x08099088   0x08099088   0x000001b9   Data   RO         2339    .constdata          lv_obj_pos.o
    0x08099241   0x08099241   0x00000062   Data   RO         2443    .constdata          lv_obj_scroll.o
    0x080992a3   0x080992a3   0x00000064   Data   RO         2550    .constdata          lv_obj_style.o
    0x08099307   0x08099307   0x000000db   Data   RO         2698    .constdata          lv_obj_tree.o
    0x080993e2   0x080993e2   0x00000065   Data   RO         2776    .constdata          lv_refr.o
    0x08099447   0x08099447   0x00000019   Data   RO         3819    .constdata          lv_draw_sw_blend.o
    0x08099460   0x08099460   0x00000040   Data   RO         3926    .constdata          lv_draw_sw_dither.o
    0x080994a0   0x080994a0   0x00000040   Data   RO         3968    .constdata          lv_draw_sw_gradient.o
    0x080994e0   0x080994e0   0x00000155   Data   RO         4118    .constdata          lv_draw_sw_letter.o
    0x08099635   0x08099635   0x00000021   Data   RO         4219    .constdata          lv_draw_sw_line.o
    0x08099656   0x08099656   0x00000002   PAD
    0x08099658   0x08099658   0x00000008   Data   RO         4317    .constdata          lv_draw_sw_polygon.o
    0x08099660   0x08099660   0x0000001c   Data   RO         4388    .constdata          lv_draw_sw_rect.o
    0x0809967c   0x0809967c   0x00000030   Data   RO         4677    .constdata          lv_draw_img.o
    0x080996ac   0x080996ac   0x0000000e   Data   RO         4793    .constdata          lv_draw_label.o
    0x080996ba   0x080996ba   0x00000050   Data   RO         5047    .constdata          lv_draw_mask.o
    0x0809970a   0x0809970a   0x0000000d   Data   RO         5116    .constdata          lv_draw_rect.o
    0x08099717   0x08099717   0x00000017   Data   RO         5190    .constdata          lv_img_buf.o
    0x0809972e   0x0809972e   0x00000029   Data   RO         5234    .constdata          lv_img_cache.o
    0x08099757   0x08099757   0x000000c3   Data   RO         5280    .constdata          lv_img_decoder.o
    0x0809981a   0x0809981a   0x0000001b   Data   RO         5344    .constdata          lv_flex.o
    0x08099835   0x08099835   0x00000005   Data   RO         5513    .constdata          lv_grid.o
    0x0809983a   0x0809983a   0x0000000d   Data   RO         5682    .constdata          lv_bmp.o
    0x08099847   0x08099847   0x00000001   PAD
    0x08099848   0x08099848   0x000002d0   Data   RO         7731    .constdata          lodepng.o
    0x08099b18   0x08099b18   0x0000000d   Data   RO         8145    .constdata          lv_png.o
    0x08099b25   0x08099b25   0x00000001   PAD
    0x08099b26   0x08099b26   0x000004c0   Data   RO         9629    .constdata          tjpgd.o
    0x08099fe6   0x08099fe6   0x00000016   Data   RO        10795    .constdata          lv_theme_default.o
    0x08099ffc   0x08099ffc   0x00000145   Data   RO        12012    .constdata          lv_calendar.o
    0x0809a141   0x0809a141   0x00000003   PAD
    0x0809a144   0x0809a144   0x0000001c   Data   RO        12416    .constdata          lv_calendar_header_arrow.o
    0x0809a160   0x0809a160   0x0000001c   Data   RO        12599    .constdata          lv_calendar_header_dropdown.o
    0x0809a17c   0x0809a17c   0x0000034d   Data   RO        12718    .constdata          lv_chart.o
    0x0809a4c9   0x0809a4c9   0x00000003   PAD
    0x0809a4cc   0x0809a4cc   0x000000d2   Data   RO        13120    .constdata          lv_colorwheel.o
    0x0809a59e   0x0809a59e   0x00000002   PAD
    0x0809a5a0   0x0809a5a0   0x00000407   Data   RO        13927    .constdata          lv_keyboard.o
    0x0809a9a7   0x0809a9a7   0x00000001   PAD
    0x0809a9a8   0x0809a9a8   0x00000059   Data   RO        14102    .constdata          lv_led.o
    0x0809aa01   0x0809aa01   0x00000003   PAD
    0x0809aa04   0x0809aa04   0x00000054   Data   RO        14504    .constdata          lv_list.o
    0x0809aa58   0x0809aa58   0x000002a3   Data   RO        14687    .constdata          lv_menu.o
    0x0809acfb   0x0809acfb   0x00000001   PAD
    0x0809acfc   0x0809acfc   0x0000009e   Data   RO        14864    .constdata          lv_meter.o
    0x0809ad9a   0x0809ad9a   0x00000002   PAD
    0x0809ad9c   0x0809ad9c   0x000000cd   Data   RO        15266    .constdata          lv_msgbox.o
    0x0809ae69   0x0809ae69   0x00000003   PAD
    0x0809ae6c   0x0809ae6c   0x0000015a   Data   RO        16073    .constdata          lv_spinbox.o
    0x0809afc6   0x0809afc6   0x00000002   PAD
    0x0809afc8   0x0809afc8   0x0000001c   Data   RO        16476    .constdata          lv_spinner.o
    0x0809afe4   0x0809afe4   0x00000059   Data   RO        16879    .constdata          lv_tabview.o
    0x0809b03d   0x0809b03d   0x00000003   PAD
    0x0809b040   0x0809b040   0x0000004b   Data   RO        17283    .constdata          lv_tileview.o
    0x0809b08b   0x0809b08b   0x00000001   PAD
    0x0809b08c   0x0809b08c   0x0000001c   Data   RO        17446    .constdata          lv_win.o
    0x0809b0a8   0x0809b0a8   0x00000047   Data   RO        18249    .constdata          lv_font.o
    0x0809b0ef   0x0809b0ef   0x0000001b   Data   RO        18691    .constdata          lv_font_fmt_txt.o
    0x0809b10a   0x0809b10a   0x00000002   PAD
    0x0809b10c   0x0809b10c   0x00003a34   Data   RO        19836    .constdata          lv_font_montserrat_14.o
    0x0809eb40   0x0809eb40   0x00004308   Data   RO        20053    .constdata          lv_font_montserrat_16.o
    0x080a2e48   0x080a2e48   0x0000fc60   Data   RO        22657    .constdata          lv_font_montserrat_38.o
    0x080b2aa8   0x080b2aa8   0x00014abc   Data   RO        23308    .constdata          lv_font_montserrat_44.o
    0x080c7564   0x080c7564   0x0000000e   Data   RO        24611    .constdata          lv_anim.o
    0x080c7572   0x080c7572   0x00000035   Data   RO        24737    .constdata          lv_bidi.o
    0x080c75a7   0x080c75a7   0x00000001   PAD
    0x080c75a8   0x080c75a8   0x000001b2   Data   RO        24775    .constdata          lv_color.o
    0x080c775a   0x080c775a   0x00000030   Data   RO        24791    .constdata          lv_fs.o
    0x080c778a   0x080c778a   0x000000b6   Data   RO        24903    .constdata          lv_math.o
    0x080c7840   0x080c7840   0x0000004a   Data   RO        24919    .constdata          lv_mem.o
    0x080c788a   0x080c788a   0x00000056   Data   RO        24950    .constdata          lv_style.o
    0x080c78e0   0x080c78e0   0x0000002f   Data   RO        25009    .constdata          lv_timer.o
    0x080c790f   0x080c790f   0x0000017e   Data   RO        25024    .constdata          lv_tlsf.o
    0x080c7a8d   0x080c7a8d   0x00000026   Data   RO        25038    .constdata          lv_txt.o
    0x080c7ab3   0x080c7ab3   0x00000001   PAD
    0x080c7ab4   0x080c7ab4   0x00000208   Data   RO        25124    .constdata          lv_txt_ap.o
    0x080c7cbc   0x080c7cbc   0x000001a8   Data   RO        25163    .constdata          lv_arc.o
    0x080c7e64   0x080c7e64   0x000000c7   Data   RO        25327    .constdata          lv_bar.o
    0x080c7f2b   0x080c7f2b   0x00000001   PAD
    0x080c7f2c   0x080c7f2c   0x0000001c   Data   RO        25435    .constdata          lv_btn.o
    0x080c7f48   0x080c7f48   0x000001b9   Data   RO        25459    .constdata          lv_btnmatrix.o
    0x080c8101   0x080c8101   0x00000003   PAD
    0x080c8104   0x080c8104   0x0000001c   Data   RO        25649    .constdata          lv_checkbox.o
    0x080c8120   0x080c8120   0x00000234   Data   RO        25746    .constdata          lv_dropdown.o
    0x080c8354   0x080c8354   0x00000104   Data   RO        25844    .constdata          lv_img.o
    0x080c8458   0x080c8458   0x000001c2   Data   RO        25941    .constdata          lv_label.o
    0x080c861a   0x080c861a   0x00000002   PAD
    0x080c861c   0x080c861c   0x00000059   Data   RO        26041    .constdata          lv_line.o
    0x080c8675   0x080c8675   0x00000003   PAD
    0x080c8678   0x080c8678   0x000000e6   Data   RO        26066    .constdata          lv_roller.o
    0x080c875e   0x080c875e   0x00000002   PAD
    0x080c8760   0x080c8760   0x00000031   Data   RO        26148    .constdata          lv_slider.o
    0x080c8791   0x080c8791   0x00000003   PAD
    0x080c8794   0x080c8794   0x00000033   Data   RO        26267    .constdata          lv_switch.o
    0x080c87c7   0x080c87c7   0x00000001   PAD
    0x080c87c8   0x080c87c8   0x00000131   Data   RO        26374    .constdata          lv_table.o
    0x080c88f9   0x080c88f9   0x00000003   PAD
    0x080c88fc   0x080c88fc   0x000003a5   Data   RO        26458    .constdata          lv_textarea.o
    0x080c8ca1   0x080c8ca1   0x00000040   Data   RO        26564    .constdata          lv_hal_disp.o
    0x080c8ce1   0x080c8ce1   0x00000049   Data   RO        26747    .constdata          lv_hal_indev.o
    0x080c8d2a   0x080c8d2a   0x00000014   Data   RO        27768    .constdata          font_border.o
    0x080c8d3e   0x080c8d3e   0x00000011   Data   RO        29450    .constdata          c_w.l(__printf_flags_ss_wp.o)
    0x080c8d4f   0x080c8d4f   0x00000001   PAD
    0x080c8d50   0x080c8d50   0x00000008   Data   RO        29562    .constdata          c_w.l(_printf_wctomb.o)
    0x080c8d58   0x080c8d58   0x00000028   Data   RO        29591    .constdata          c_w.l(_printf_hex_int_ll_ptr.o)
    0x080c8d80   0x080c8d80   0x00000026   Data   RO        29671    .constdata          c_w.l(_printf_fp_hex.o)
    0x080c8da6   0x080c8da6   0x00000002   PAD
    0x080c8da8   0x080c8da8   0x00000094   Data   RO        29684    .constdata          c_w.l(bigflt0.o)
    0x080c8e3c   0x080c8e3c   0x00000079   Data   RO          806    .conststring        touch.o
    0x080c8eb5   0x080c8eb5   0x00000003   PAD
    0x080c8eb8   0x080c8eb8   0x00000155   Data   RO         2069    .conststring        lv_obj.o
    0x080c900d   0x080c900d   0x00000003   PAD
    0x080c9010   0x080c9010   0x0000005a   Data   RO         2777    .conststring        lv_refr.o
    0x080c906a   0x080c906a   0x00000002   PAD
    0x080c906c   0x080c906c   0x00000041   Data   RO         4794    .conststring        lv_draw_label.o
    0x080c90ad   0x080c90ad   0x00000003   PAD
    0x080c90b0   0x080c90b0   0x000006b9   Data   RO         7732    .conststring        lodepng.o
    0x080c9769   0x080c9769   0x00000003   PAD
    0x080c976c   0x080c976c   0x00000063   Data   RO        12013    .conststring        lv_calendar.o
    0x080c97cf   0x080c97cf   0x00000001   PAD
    0x080c97d0   0x080c97d0   0x00000069   Data   RO        12417    .conststring        lv_calendar_header_arrow.o
    0x080c9839   0x080c9839   0x00000003   PAD
    0x080c983c   0x080c983c   0x0000028c   Data   RO        12600    .conststring        lv_calendar_header_dropdown.o
    0x080c9ac8   0x080c9ac8   0x0000004a   Data   RO        13121    .conststring        lv_colorwheel.o
    0x080c9b12   0x080c9b12   0x00000002   PAD
    0x080c9b14   0x080c9b14   0x000001c1   Data   RO        13928    .conststring        lv_keyboard.o
    0x080c9cd5   0x080c9cd5   0x00000003   PAD
    0x080c9cd8   0x080c9cd8   0x00000044   Data   RO        16074    .conststring        lv_spinbox.o
    0x080c9d1c   0x080c9d1c   0x00000044   Data   RO        16880    .conststring        lv_tabview.o
    0x080c9d60   0x080c9d60   0x00000046   Data   RO        17284    .conststring        lv_tileview.o
    0x080c9da6   0x080c9da6   0x00000002   PAD
    0x080c9da8   0x080c9da8   0x00000026   Data   RO        24869    .conststring        lv_log.o
    0x080c9dce   0x080c9dce   0x00000002   PAD
    0x080c9dd0   0x080c9dd0   0x00000051   Data   RO        24920    .conststring        lv_mem.o
    0x080c9e21   0x080c9e21   0x00000003   PAD
    0x080c9e24   0x080c9e24   0x00000282   Data   RO        25025    .conststring        lv_tlsf.o
    0x080ca0a6   0x080ca0a6   0x00000002   PAD
    0x080ca0a8   0x080ca0a8   0x00000025   Data   RO        25460    .conststring        lv_btnmatrix.o
    0x080ca0cd   0x080ca0cd   0x00000003   PAD
    0x080ca0d0   0x080ca0d0   0x00000046   Data   RO        26375    .conststring        lv_table.o
    0x080ca116   0x080ca116   0x00000002   PAD
    0x080ca118   0x080ca118   0x0000004b   Data   RO        26459    .conststring        lv_textarea.o
    0x080ca163   0x080ca163   0x00000001   PAD
    0x080ca164   0x080ca164   0x00000057   Data   RO        26748    .conststring        lv_hal_indev.o
    0x080ca1bb   0x080ca1bb   0x00000001   PAD
    0x080ca1bc   0x080ca1bc   0x00000003   Data   RO        29390    .conststring        calculator_page.o
    0x080ca1bf   0x080ca1bf   0x00000001   PAD
    0x080ca1c0   0x080ca1c0   0x00000020   Data   RO        29945    Region$$Table       anon$$obj.o
    0x080ca1e0   0x080ca1e0   0x00000008   Data   RO        29818    c$$dinf             fz_wm.l(fpconst.o)
    0x080ca1e8   0x080ca1e8   0x00000008   Data   RO        29821    c$$dmax             fz_wm.l(fpconst.o)
    0x080ca1f0   0x080ca1f0   0x00000110   Data   RO        29616    locale$$data        c_w.l(lc_ctype_c.o)
    0x080ca300   0x080ca300   0x0000001c   Data   RO        29710    locale$$data        c_w.l(lc_numeric_c.o)


    Execution Region RW_IRAM1 (Exec base: 0x20000000, Load base: 0x080ca31c, Size: 0x0001fcb0, Max: 0x00030000, ABSOLUTE, COMPRESSED[0x00000600])

    Exec Addr    Load Addr    Size         Type   Attr      Idx    E Section Name        Object

    0x20000000   COMPRESSED   0x0000004c   Data   RW            4    .data               main.o
    0x2000004c   COMPRESSED   0x00000014   Data   RW          669    .data               system_stm32f4xx.o
    0x20000060   COMPRESSED   0x00000008   Data   RW          709    .data               lcd.o
    0x20000068   COMPRESSED   0x00000001   Data   RW          760    .data               ft5206.o
    0x20000069   COMPRESSED   0x00000006   Data   RW          786    .data               gt9xxx.o
    0x2000006f   COMPRESSED   0x00000001   PAD
    0x20000070   COMPRESSED   0x00000034   Data   RW          807    .data               touch.o
    0x200000a4   COMPRESSED   0x00000010   Data   RW          843    .data               sdio_sdcard.o
    0x200000b4   COMPRESSED   0x00000008   Data   RW          882    .data               vs1053.o
    0x200000bc   COMPRESSED   0x00000001   Data   RW          913    .data               flash.o
    0x200000bd   COMPRESSED   0x00000010   Data   RW          970    .data               stm32f4xx_rcc.o
    0x200000cd   COMPRESSED   0x00000001   Data   RW         1135    .data               delay.o
    0x200000ce   COMPRESSED   0x00000002   Data   RW         1214    .data               ff.o
    0x200000d0   COMPRESSED   0x00000040   Data   RW         1360    .data               tasks.o
    0x20000110   COMPRESSED   0x0000001c   Data   RW         1403    .data               heap_4.o
    0x2000012c   COMPRESSED   0x00000004   Data   RW         1418    .data               port.o
    0x20000130   COMPRESSED   0x00000008   Data   RW         1616    .data               lv_event.o
    0x20000138   COMPRESSED   0x00000004   Data   RW         1762    .data               lv_group.o
    0x2000013c   COMPRESSED   0x00000009   Data   RW         1918    .data               lv_indev.o
    0x20000145   COMPRESSED   0x00000003   PAD
    0x20000148   COMPRESSED   0x00000008   Data   RW         2070    .data               lv_obj.o
    0x20000150   COMPRESSED   0x00000005   Data   RW         2340    .data               lv_obj_pos.o
    0x20000155   COMPRESSED   0x00000001   Data   RW         2551    .data               lv_obj_style.o
    0x20000156   COMPRESSED   0x00000002   PAD
    0x20000158   COMPRESSED   0x00000010   Data   RW         2778    .data               lv_refr.o
    0x20000168   COMPRESSED   0x00000009   Data   RW         3969    .data               lv_draw_sw_gradient.o
    0x20000171   COMPRESSED   0x00000003   PAD
    0x20000174   COMPRESSED   0x00000008   Data   RW         4119    .data               lv_draw_sw_letter.o
    0x2000017c   COMPRESSED   0x00000002   Data   RW         5235    .data               lv_img_cache.o
    0x2000017e   COMPRESSED   0x00000002   PAD
    0x20000180   COMPRESSED   0x0000000e   Data   RW         5345    .data               lv_flex.o
    0x2000018e   COMPRESSED   0x00000002   PAD
    0x20000190   COMPRESSED   0x00000018   Data   RW         5514    .data               lv_grid.o
    0x200001a8   COMPRESSED   0x00000404   Data   RW         7733    .data               lodepng.o
    0x200005ac   COMPRESSED   0x00000020   Data   RW        10796    .data               lv_theme_default.o
    0x200005cc   COMPRESSED   0x0000001c   Data   RW        12014    .data               lv_calendar.o
    0x200005e8   COMPRESSED   0x00000030   Data   RW        12418    .data               lv_calendar_header_arrow.o
    0x20000618   COMPRESSED   0x00000008   Data   RW        12601    .data               lv_calendar_header_dropdown.o
    0x20000620   COMPRESSED   0x00000007   Data   RW        13122    .data               lv_colorwheel.o
    0x20000627   COMPRESSED   0x00000001   PAD
    0x20000628   COMPRESSED   0x00000048   Data   RW        13929    .data               lv_keyboard.o
    0x20000670   COMPRESSED   0x00000008   Data   RW        16477    .data               lv_spinner.o
    0x20000678   COMPRESSED   0x00000004   Data   RW        16881    .data               lv_tabview.o
    0x2000067c   COMPRESSED   0x0000000c   Data   RW        17285    .data               lv_tileview.o
    0x20000688   COMPRESSED   0x00000002   Data   RW        17447    .data               lv_win.o
    0x2000068a   COMPRESSED   0x00000002   PAD
    0x2000068c   COMPRESSED   0x00000010   Data   RW        18692    .data               lv_font_fmt_txt.o
    0x2000069c   COMPRESSED   0x00000008   Data   RW        19837    .data               lv_font_montserrat_14.o
    0x200006a4   COMPRESSED   0x00000008   Data   RW        20054    .data               lv_font_montserrat_16.o
    0x200006ac   COMPRESSED   0x00000008   Data   RW        22658    .data               lv_font_montserrat_38.o
    0x200006b4   COMPRESSED   0x00000008   Data   RW        23309    .data               lv_font_montserrat_44.o
    0x200006bc   COMPRESSED   0x0000000c   Data   RW        24612    .data               lv_anim.o
    0x200006c8   COMPRESSED   0x00000001   Data   RW        24738    .data               lv_bidi.o
    0x200006c9   COMPRESSED   0x00000003   PAD
    0x200006cc   COMPRESSED   0x0000001c   Data   RW        24833    .data               lv_gc.o
    0x200006e8   COMPRESSED   0x0000001c   Data   RW        24870    .data               lv_log.o
    0x20000704   COMPRESSED   0x00000004   Data   RW        24904    .data               lv_math.o
    0x20000708   COMPRESSED   0x00000008   Data   RW        24921    .data               lv_mem.o
    0x20000710   COMPRESSED   0x00000002   Data   RW        24951    .data               lv_style.o
    0x20000712   COMPRESSED   0x00000002   PAD
    0x20000714   COMPRESSED   0x00000014   Data   RW        25010    .data               lv_timer.o
    0x20000728   COMPRESSED   0x00000020   Data   RW        25039    .data               lv_txt.o
    0x20000748   COMPRESSED   0x0000001c   Data   RW        25461    .data               lv_btnmatrix.o
    0x20000764   COMPRESSED   0x00000004   Data   RW        26460    .data               lv_textarea.o
    0x20000768   COMPRESSED   0x0000000d   Data   RW        26565    .data               lv_hal_disp.o
    0x20000775   COMPRESSED   0x00000003   PAD
    0x20000778   COMPRESSED   0x00000008   Data   RW        27340    .data               lv_port_indev_template.o
    0x20000780   COMPRESSED   0x00000028   Data   RW        28428    .data               chinese.o
    0x200007a8   COMPRESSED   0x0000001c   Data   RW        28643    .data               txt_read_page.o
    0x200007c4   COMPRESSED   0x00000010   Data   RW        28671    .data               picture_page.o
    0x200007d4   COMPRESSED   0x00000094   Data   RW        28688    .data               menu_page.o
    0x20000868   COMPRESSED   0x00000018   Data   RW        28996    .data               file_manager.o
    0x20000880   COMPRESSED   0x00000020   Data   RW        29231    .data               home_page.o
    0x200008a0   COMPRESSED   0x00000010   Data   RW        29266    .data               calendar_page.o
    0x200008b0   COMPRESSED   0x00000010   Data   RW        29286    .data               card_page.o
    0x200008c0   COMPRESSED   0x00000010   Data   RW        29303    .data               device_info_page.o
    0x200008d0   COMPRESSED   0x00000010   Data   RW        29320    .data               stop_watch_page.o
    0x200008e0   COMPRESSED   0x00000010   Data   RW        29337    .data               settings_page.o
    0x200008f0   COMPRESSED   0x00000010   Data   RW        29354    .data               music_page.o
    0x20000900   COMPRESSED   0x00000010   Data   RW        29372    .data               game_page.o
    0x20000910   COMPRESSED   0x0000006d   Data   RW        29391    .data               calculator_page.o
    0x2000097d   COMPRESSED   0x00000003   PAD
    0x20000980        -       0x0000004e   Zero   RW          707    .bss                lcd.o
    0x200009ce   COMPRESSED   0x00000002   PAD
    0x200009d0        -       0x000002c0   Zero   RW          842    .bss                sdio_sdcard.o
    0x20000c90        -       0x00000204   Zero   RW         1169    .bss                uart.o
    0x20000e94        -       0x0000020c   Zero   RW         1212    .bss                ff.o
    0x200010a0        -       0x000000c8   Zero   RW         1359    .bss                tasks.o
    0x20001168        -       0x00007800   Zero   RW         1402    .bss                heap_4.o
    0x20008968        -       0x00000018   Zero   RW         2775    .bss                lv_refr.o
    0x20008980        -       0x00000100   Zero   RW         4117    .bss                lv_draw_sw_letter.o
    0x20008a80        -       0x0000004c   Zero   RW        10794    .bss                lv_theme_default.o
    0x20008acc        -       0x00000020   Zero   RW        24736    .bss                lv_bidi.o
    0x20008aec        -       0x000001d0   Zero   RW        24832    .bss                lv_gc.o
    0x20008cbc        -       0x00008000   Zero   RW        24918    .bss                lv_mem.o
    0x20010cbc        -       0x0000e168   Zero   RW        26926    .bss                lv_port_disp_template.o
    0x2001ee24        -       0x00000020   Zero   RW        27339    .bss                lv_port_indev_template.o
    0x2001ee44        -       0x000000d4   Zero   RW        28427    .bss                chinese.o
    0x2001ef18        -       0x00000490   Zero   RW        28642    .bss                txt_read_page.o
    0x2001f3a8        -       0x00000280   Zero   RW        28995    .bss                file_manager.o
    0x2001f628        -       0x00000018   Zero   RW        29214    .bss                page_manage.o
    0x2001f640        -       0x0000000c   Zero   RW        29389    .bss                calculator_page.o
    0x2001f64c        -       0x00000060   Zero   RW        29647    .bss                c_w.l(libspace.o)
    0x2001f6ac   COMPRESSED   0x00000004   PAD
    0x2001f6b0        -       0x00000200   Zero   RW          930    HEAP                startup_stm32f429_439xx.o
    0x2001f8b0        -       0x00000400   Zero   RW          929    STACK               startup_stm32f429_439xx.o


==============================================================================

Image component sizes


      Code (inc. data)   RO Data    RW Data    ZI Data      Debug   Object Name

      1176        104          3        109         12       3509   calculator_page.o
        20          4          0         16          0       1829   calendar_page.o
        20          4          0         16          0       1145   card_page.o
       328         32          0         40        212       2657   chinese.o
       604          6          0          0          0       2048   ctiic.o
       204          8          0          1          0       1695   delay.o
        20          4          0         16          0       1235   device_info_page.o
       208          6          0          0          0       3262   diskio.o
         0          0          0          0          0       2572   event_groups.o
     13574        192         88          2        524      50975   ff.o
       396         28     175030          0          0       2244   ffunicode.o
      1220         94          0         24        640      21238   file_manager.o
       460         50          0          1          0       3512   flash.o
       780         78         20          0          0      49343   font_border.o
       848         26         10          1          0       2583   ft5206.o
        20          4          0         16          0       1145   game_page.o
      1268         56         20          6          0       2829   gt9xxx.o
       712         30          0         28      30720       5407   heap_4.o
       420         60          0         32          0       3185   home_page.o
         0          0          0          0          0       7438   hw_interface.o
     15540        128      12160          8         78      22891   lcd.o
        64          4          0          0          0        515   led.o
       148          0          0          0          0       2098   list.o
     37636       3790       2441       1028          0     122669   lodepng.o
      1740        150         14         12          0      30187   lv_anim.o
      7402        408        424          0          0      72458   lv_arc.o
      2268         22          0          0          0       9595   lv_area.o
        88          4          0          0          0       1800   lv_async.o
      4344        342        199          0          0      60075   lv_bar.o
      2600         56         53          1         32      15739   lv_bidi.o
       816        234         13          0          0      18946   lv_bmp.o
        68          6         28          0          0       1479   lv_btn.o
      7904        452        478         28          0      53387   lv_btnmatrix.o
      3236        352        424         28          0      60654   lv_calendar.o
       548         32        133         48          0      51615   lv_calendar_header_arrow.o
       412         26        680          8          0      37994   lv_calendar_header_dropdown.o
     16810        870        845          0          0      94338   lv_chart.o
      1394         16         28          0          0      49380   lv_checkbox.o
      1464        172        434          0          0      11332   lv_color.o
      4884        302        284          7          0      77357   lv_colorwheel.o
      2180        502        213          0          0      55571   lv_disp.o
         2          0          0          0          0      18488   lv_draw.o
      1234          0          0          0          0      21656   lv_draw_arc.o
      1396        220         48          0          0      31797   lv_draw_img.o
      2502        192         79          0          0      30656   lv_draw_label.o
       134          0          0          0          0      31574   lv_draw_line.o
      8044        362         80          0          0      25933   lv_draw_mask.o
       456        150         13          0          0      26251   lv_draw_rect.o
       108         32          0          0          0      39000   lv_draw_sw.o
      3482          0          0          0          0      38570   lv_draw_sw_arc.o
      4024        136         25          0          0      54331   lv_draw_sw_blend.o
      3138          6         64          0          0      15191   lv_draw_sw_dither.o
      1800        240         64          9          0      19206   lv_draw_sw_gradient.o
      1466          0          0          0          0      26589   lv_draw_sw_img.o
      2732        272        341          8        256      29143   lv_draw_sw_letter.o
      2552          4         33          0          0      27960   lv_draw_sw_line.o
       916          6          8          0          0      23719   lv_draw_sw_polygon.o
      8740        214         28          0          0      39638   lv_draw_sw_rect.o
      8900        758        564          0          0      58776   lv_dropdown.o
      3680        492        428          8          0      55723   lv_event.o
        24          0          0          0          0        544   lv_extra.o
      4108        274         27         14          0      72477   lv_flex.o
       420        156         71          0          0       7971   lv_font.o
         0          0          0          0          0       4548   lv_font_dejavu_16_persian_hebrew.o
      2192        182         27         16          0      10021   lv_font_fmt_txt.o
         0          0      14900          8          0       3944   lv_font_montserrat_14.o
         0          0      17160          8          0       3944   lv_font_montserrat_16.o
         0          0      64608          8          0       3944   lv_font_montserrat_38.o
         0          0      84668          8          0       3944   lv_font_montserrat_44.o
      2120        358         48          0          0       9847   lv_fs.o
       220         72          0         28        464       2158   lv_gc.o
      4156        296          5         24          0      79089   lv_grid.o
      1890        166         33          4          0      54658   lv_group.o
      3140        436         64         13          0      59373   lv_hal_disp.o
       936        270        160          0          0      47651   lv_hal_indev.o
        34          0          0          0          0        788   lv_hal_tick.o
      6428        494        260          0          0      57402   lv_img.o
      4570        134         23          0          0      23181   lv_img_buf.o
       916        238         41          2          0       7399   lv_img_cache.o
      3744        700        195          0          0      21237   lv_img_decoder.o
      5088        324         61          9          0      26300   lv_indev.o
      3406          8          0          0          0      51191   lv_indev_scroll.o
      2180        426       1480         72          0      57278   lv_keyboard.o
      9336        620        450          0          0      66765   lv_label.o
      1696        308         89          0          0      56039   lv_led.o
      1310        290         89          0          0      12838   lv_line.o
       284         20         84          0          0      51148   lv_list.o
       834          0          0          0          0       5771   lv_ll.o
       260         62         38         28          0       2242   lv_log.o
       580         10        182          4          0       3577   lv_math.o
      2340        432        155          8      32768       6979   lv_mem.o
      5244        520        675          0          0      61356   lv_menu.o
      5580        384        158          0          0      79351   lv_meter.o
         0          0        205          0          0      66567   lv_msgbox.o
      6802        528        577          8          0      62848   lv_obj.o
      1044        348         24          0          0       3108   lv_obj_class.o
      2916        282         29          0          0      65582   lv_obj_draw.o
     10924        622        441          5          0      66099   lv_obj_pos.o
      6364        354         98          0          0      62742   lv_obj_scroll.o
      5404        404        100          1          0      61218   lv_obj_style.o
      2450          0          0          0          0      43588   lv_obj_style_gen.o
      4708        824        219          0          0      35833   lv_obj_tree.o
       780        106         13          0          0      13754   lv_png.o
       116         16          0          0      57704      49548   lv_port_disp_template.o
       204         46          0          8         32       2138   lv_port_indev_template.o
      2408         10          0          0          0       8159   lv_printf.o
      5116        380        191         16         24      54354   lv_refr.o
      4932        496        230          0          0      51064   lv_roller.o
      3232         70          0          0          0      26153   lv_sjpg.o
      3472        288         49          0          0      53806   lv_slider.o
      3912        330        414          0          0      61429   lv_spinbox.o
       248         24         28          8          0      54291   lv_spinner.o
      2048        404         86          2          0      22507   lv_style.o
      2046          0          0          0          0      34729   lv_style_gen.o
      1558        292         51          0          0      49166   lv_switch.o
      7888        706        375          0          0      56720   lv_table.o
      2004        278        157          4          0      67175   lv_tabview.o
     11540        766       1008          4          0      70820   lv_textarea.o
       256          8          0          0          0      52722   lv_theme.o
     13008        526         22         32         76      64280   lv_theme_default.o
       732         68        145         12          0      53261   lv_tileview.o
      1000        264         47         20          0       5517   lv_timer.o
      6508       1934       1024          0          0      20878   lv_tlsf.o
      2584        232         38         32          0      15965   lv_txt.o
      1238         12        520          0          0       3747   lv_txt_ap.o
        84          0          0          0          0        960   lv_utils.o
       320          8         28          2          0      53848   lv_win.o
       276         58          0         76          0     414096   main.o
      3920        416          0        148          0      45432   menu_page.o
       224         20          0          0          0       1797   misc.o
        20          4          0         16          0       1163   music_page.o
       140          4          0          0         24       2013   page_manage.o
        20          4          0         16          0       1183   picture_page.o
       458         38          0          4          0       7936   port.o
      7364        264          0         16        704      24872   sdio_sdcard.o
        20          4          0         16          0       1197   settings_page.o
       340         12          0          0          0       1104   spi.o
        64         26        428          0       1536        828   startup_stm32f429_439xx.o
       936         32          0          0          0       6373   stm32f4xx_dma.o
      1688         24          0          0          0       9394   stm32f4xx_flash.o
      2224         18         28          0          0       7622   stm32f4xx_fmc.o
       660         44          0          0          0       4137   stm32f4xx_gpio.o
        20          0          0          0          0        935   stm32f4xx_it.o
      1632         54          0         16          0      13060   stm32f4xx_rcc.o
       476         16          0          0          0       7400   stm32f4xx_sdio.o
      1152         36          0          0          0       6885   stm32f4xx_spi.o
      3234         60          0          0          0      22992   stm32f4xx_tim.o
      1108         34          0          0          0       7860   stm32f4xx_usart.o
        20          4          0         16          0       1217   stop_watch_page.o
        12          0          0          0          0        607   sys.o
       580         46          0         20          0       1771   system_stm32f4xx.o
      6128        358          0         64        200      38207   tasks.o
      3932         46       1216          0          0      11919   tjpgd.o
      3128        234        125         52          0       7724   touch.o
       352         54          0         28       1168       3268   txt_read_page.o
       428         18          0          0        516       2733   uart.o
        40          8          0          0          0      54414   ui.o
      2212        126         64          8          0      10114   vs1053.o

    ----------------------------------------------------------------------
    422860      31606     389658       2432     127692    4723916   Object Totals
         0          0         32          0          0          0   (incl. Generated)
        40          0         98         27          2          0   (incl. Padding)

    ----------------------------------------------------------------------

      Code (inc. data)   RO Data    RW Data    ZI Data      Debug   Library Member Name

        44          6          0          0          0         84   __2sprintf.o
        90          0          0          0          0          0   __dczerorl2.o
         8          0          0          0          0         68   __main.o
       392          4         17          0          0         92   __printf_flags_ss_wp.o
        14          0          0          0          0         68   __printf_wp.o
         0          0          0          0          0          0   __rtentry.o
        12          0          0          0          0          0   __rtentry2.o
         6          0          0          0          0          0   __rtentry4.o
        52          8          0          0          0          0   __scatter.o
        28          0          0          0          0          0   __scatter_zi.o
        28          0          0          0          0         68   _chval.o
         6          0          0          0          0          0   _printf_a.o
         6          0          0          0          0          0   _printf_c.o
        44          0          0          0          0        108   _printf_char.o
        48          6          0          0          0         96   _printf_char_common.o
        40          0          0          0          0         68   _printf_charcount.o
         6          0          0          0          0          0   _printf_d.o
       120         16          0          0          0         92   _printf_dec.o
         6          0          0          0          0          0   _printf_e.o
         6          0          0          0          0          0   _printf_f.o
      1054          0          0          0          0        216   _printf_fp_dec.o
       764          8         38          0          0        100   _printf_fp_hex.o
       128         16          0          0          0         84   _printf_fp_infnan.o
         6          0          0          0          0          0   _printf_g.o
       148          4         40          0          0        160   _printf_hex_int_ll_ptr.o
         6          0          0          0          0          0   _printf_i.o
       178          0          0          0          0         88   _printf_intcommon.o
        10          0          0          0          0          0   _printf_l.o
         6          0          0          0          0          0   _printf_lc.o
        10          0          0          0          0          0   _printf_ll.o
         6          0          0          0          0          0   _printf_lld.o
         6          0          0          0          0          0   _printf_lli.o
         6          0          0          0          0          0   _printf_llo.o
         6          0          0          0          0          0   _printf_llu.o
         6          0          0          0          0          0   _printf_llx.o
       124         16          0          0          0         92   _printf_longlong_dec.o
         6          0          0          0          0          0   _printf_ls.o
         6          0          0          0          0          0   _printf_n.o
         6          0          0          0          0          0   _printf_o.o
       112         10          0          0          0        124   _printf_oct_int_ll.o
         6          0          0          0          0          0   _printf_p.o
        78          0          0          0          0        108   _printf_pad.o
         0          0          0          0          0          0   _printf_percent.o
         4          0          0          0          0          0   _printf_percent_end.o
         6          0          0          0          0          0   _printf_s.o
        82          0          0          0          0         80   _printf_str.o
        36          0          0          0          0         84   _printf_truncate.o
         6          0          0          0          0          0   _printf_u.o
        44          0          0          0          0        108   _printf_wchar.o
       188          6          8          0          0         92   _printf_wctomb.o
         6          0          0          0          0          0   _printf_x.o
        22          0          0          0          0        100   _rserrno.o
        64          0          0          0          0         84   _sgetc.o
        16          0          0          0          0         68   _snputc.o
        10          0          0          0          0         68   _sputc.o
        64          0          0          0          0         92   _wcrtomb.o
        16          0          0          0          0         68   aeabi_memset.o
       228          4        148          0          0         96   bigflt0.o
      2152        136          0          0          0        960   btod.o
        18          0          0          0          0         80   exit.o
         6          0          0          0          0        152   heapauxi.o
         0          0          0          0          0          0   indicate_semi.o
        18          0          0          0          0         76   isspace.o
        44         10        272          0          0         76   lc_ctype_c.o
        44         10         28          0          0         76   lc_numeric_c.o
         2          0          0          0          0          0   libinit.o
        34          0          0          0          0          0   libinit2.o
         2          0          0          0          0          0   libshutdown.o
         2          0          0          0          0          0   libshutdown2.o
         8          4          0          0         96         68   libspace.o
        72          0          0          0          0         76   llsdiv.o
        38          0          0          0          0         68   llshl.o
       138          0          0          0          0         80   lludiv10.o
       238          0          0          0          0        100   lludivv7m.o
        88          0          0          0          0         76   memcmp.o
        16          4          0          0          0         76   rt_ctype_table.o
         8          4          0          0          0         68   rt_errno_addr_intlibspace.o
         8          4          0          0          0         68   rt_locale_intlibspace.o
        68          0          0          0          0         68   rt_memclr.o
        78          0          0          0          0         80   rt_memclr_w.o
       138          0          0          0          0         68   rt_memcpy_v6.o
       100          0          0          0          0         80   rt_memcpy_w.o
         2          0          0          0          0          0   rtexit.o
        10          0          0          0          0          0   rtexit2.o
      1272         16          0          0          0        168   scanf_fp.o
       800         14          0          0          0        100   scanf_hexfp.o
       308         16          0          0          0        100   scanf_infnan.o
        24          0          0          0          0         68   strcat.o
        20          0          0          0          0         68   strchr.o
       128          0          0          0          0         68   strcmpv7m.o
        72          0          0          0          0         80   strcpy.o
        32          0          0          0          0         80   strcspn.o
        62          0          0          0          0         76   strlen.o
       150          0          0          0          0         80   strncmp.o
        22          0          0          0          0         68   strrchr.o
        28          0          0          0          0         80   strspn.o
        36          0          0          0          0         80   strstr.o
       164         14          0          0          0        120   strtod.o
        68          4          0          0          0         84   strtok_int.o
         4          0          0          0          0         68   strtok_r.o
        12          4          0          0          0         68   sys_exit.o
        74          0          0          0          0         80   sys_stackheap_outer.o
         2          0          0          0          0         68   use_no_semi.o
        52          4          0          0          0         80   vsnprintf.o
        24          0          0          0          0        164   basic.o
        98          4          0          0          0        140   d2f.o
       804         16          0          0          0        368   daddsub_clz.o
        16          4          0          0          0        116   dcheck1.o
        24          0          0          0          0        116   dcmpi.o
       688        140          0          0          0        256   ddiv.o
       120          4          0          0          0        140   deqf.o
        90          4          0          0          0        140   dfixu.o
        84          0          0          0          0        232   dflt_clz.o
       120          4          0          0          0        140   dleqf.o
       340         12          0          0          0        152   dmul.o
       156          4          0          0          0        140   dnaninf.o
        12          0          0          0          0        116   dretinf.o
       108          0          0          0          0        128   drleqf.o
        86          4          0          0          0        132   f2d.o
       140          4          0          0          0        132   fnaninf.o
         0          0         16          0          0          0   fpconst.o
        10          0          0          0          0        116   fpinit.o
        10          0          0          0          0        116   fretinf.o
         6          0          0          0          0        116   istatus.o
         4          0          0          0          0        116   printf1.o
         4          0          0          0          0        116   printf2.o
       100          0          0          0          0        116   retnan.o
        92          0          0          0          0        116   scalbn.o
         4          0          0          0          0        116   scanf1.o
         8          0          0          0          0        132   scanf2.o
        48          0          0          0          0        116   trapv.o
         0          0          0          0          0          0   usenofp.o
        64         16          0          0          0        248   dunder.o
        48          0          0          0          0        124   fpclassify.o
       140         22          0          0          0        132   frexp.o
       228          8          0          0          0        308   ldexp.o
       266         16          0          0          0        308   narrow.o
        40         10          0          0          0        128   strtod.o

    ----------------------------------------------------------------------
     15100        622        570          0        100      11772   Library Totals
        30          2          3          0          4          0   (incl. Padding)

    ----------------------------------------------------------------------

      Code (inc. data)   RO Data    RW Data    ZI Data      Debug   Library Name

     11088        348        551          0         96       6736   c_w.l
      3196        200         16          0          0       3788   fz_wm.l
       786         72          0          0          0       1248   m_wm.l

    ----------------------------------------------------------------------
     15100        622        570          0        100      11772   Library Totals

    ----------------------------------------------------------------------

==============================================================================


      Code (inc. data)   RO Data    RW Data    ZI Data      Debug   

    437960      32228     390228       2432     127792    4702640   Grand Totals
    437960      32228     390228       1536     127792    4702640   ELF Image Totals (compressed)
    437960      32228     390228       1536          0          0   ROM Totals

==============================================================================

    Total RO  Size (Code + RO Data)               828188 ( 808.78kB)
    Total RW  Size (RW Data + ZI Data)            130224 ( 127.17kB)
    Total ROM Size (Code + RO Data + RW Data)     829724 ( 810.28kB)

==============================================================================

