Component: ARM Compiler 5.06 update 6 (build 750) Tool: armlink [4d35ed]

==============================================================================

Section Cross References

    main.o(.text) refers to stm32f4xx_gpio.o(.text) for GPIO_ResetBits
    main.o(.text) refers to tasks.o(.text) for vTaskDelay
    main.o(.text) refers to vs1053.o(.text) for vs10xx_reset
    main.o(.text) refers to ff.o(.text) for f_mount
    main.o(.text) refers to uart.o(.text) for UART_printf
    main.o(.text) refers to delay.o(.text) for delay_init
    main.o(.text) refers to led.o(.text) for LED_Init
    main.o(.text) refers to main.o(.bss) for FILE
    main.o(.text) refers to main.o(.data) for task1Handler
    system_stm32f4xx.o(.text) refers to system_stm32f4xx.o(.data) for SystemCoreClock
    led.o(.text) refers to stm32f4xx_rcc.o(.text) for RCC_AHB1PeriphClockCmd
    led.o(.text) refers to stm32f4xx_gpio.o(.text) for GPIO_Init
    lcd.o(.text) refers to delay.o(.text) for delay_ms
    lcd.o(.text) refers to lcd.o(.bss) for lcddev
    lcd.o(.text) refers to dflt_clz.o(x$fpl$dfltu) for __aeabi_ui2d
    lcd.o(.text) refers to dmul.o(x$fpl$dmul) for __aeabi_dmul
    lcd.o(.text) refers to dfixu.o(x$fpl$dfixu) for __aeabi_d2uiz
    lcd.o(.text) refers to stm32f4xx_rcc.o(.text) for RCC_AHB1PeriphClockCmd
    lcd.o(.text) refers to stm32f4xx_gpio.o(.text) for GPIO_Init
    lcd.o(.text) refers to stm32f4xx_fsmc.o(.text) for FSMC_NORSRAMInit
    lcd.o(.text) refers to uart.o(.text) for UART_printf
    lcd.o(.text) refers to lcd.o(.constdata) for asc2_1206
    lcd.o(.text) refers to lcd.o(.data) for g_back_color
    ctiic.o(.text) refers to delay.o(.text) for delay_us
    ctiic.o(.text) refers to stm32f4xx_gpio.o(.text) for GPIO_ResetBits
    ctiic.o(.text) refers to stm32f4xx_rcc.o(.text) for RCC_AHB1PeriphClockCmd
    ft5206.o(.text) refers to ctiic.o(.text) for ct_iic_start
    ft5206.o(.text) refers to stm32f4xx_rcc.o(.text) for RCC_AHB1PeriphClockCmd
    ft5206.o(.text) refers to stm32f4xx_gpio.o(.text) for GPIO_Init
    ft5206.o(.text) refers to delay.o(.text) for delay_ms
    ft5206.o(.text) refers to ft5206.o(.data) for t
    ft5206.o(.text) refers to touch.o(.data) for tp_dev
    ft5206.o(.text) refers to ft5206.o(.constdata) for FT5206_TPX_TBL
    ft5206.o(.text) refers to lcd.o(.bss) for lcddev
    gt9xxx.o(.text) refers to ctiic.o(.text) for ct_iic_start
    gt9xxx.o(.text) refers to stm32f4xx_rcc.o(.text) for RCC_AHB1PeriphClockCmd
    gt9xxx.o(.text) refers to stm32f4xx_gpio.o(.text) for GPIO_Init
    gt9xxx.o(.text) refers to delay.o(.text) for delay_ms
    gt9xxx.o(.text) refers to strcmpv7m.o(.text) for strcmp
    gt9xxx.o(.text) refers to gt9xxx.o(.data) for g_gt_tnum
    gt9xxx.o(.text) refers to touch.o(.data) for tp_dev
    gt9xxx.o(.text) refers to gt9xxx.o(.constdata) for GT9XXX_TPX_TBL
    gt9xxx.o(.text) refers to lcd.o(.bss) for lcddev
    touch.o(.text) refers to stm32f4xx_gpio.o(.text) for GPIO_SetBits
    touch.o(.text) refers to delay.o(.text) for delay_us
    touch.o(.text) refers to lcd.o(.text) for lcd_draw_point
    touch.o(.text) refers to gt9xxx.o(.text) for gt9xxx_init
    touch.o(.text) refers to touch.o(.data) for tp_dev
    touch.o(.text) refers to lcd.o(.bss) for lcddev
    touch.o(.text) refers to ft5206.o(.text) for ft5206_init
    touch.o(.text) refers to stm32f4xx_rcc.o(.text) for RCC_AHB1PeriphClockCmd
    touch.o(.constdata) refers to touch.o(.conststring) for .conststring
    touch.o(.data) refers to touch.o(.text) for tp_init
    sdio_sdcard.o(.text) refers to stm32f4xx_sdio.o(.text) for SDIO_GetFlagStatus
    sdio_sdcard.o(.text) refers to sdio_sdcard.o(.data) for DeviceMode
    sdio_sdcard.o(.text) refers to sdio_sdcard.o(.bss) for SDIO_CmdInitStructure
    sdio_sdcard.o(.text) refers to stm32f4xx_rcc.o(.text) for RCC_AHB1PeriphClockCmd
    sdio_sdcard.o(.text) refers to stm32f4xx_gpio.o(.text) for GPIO_Init
    sdio_sdcard.o(.text) refers to misc.o(.text) for NVIC_Init
    sdio_sdcard.o(.text) refers to stm32f4xx_dma.o(.text) for DMA_DeInit
    sdio_sdcard.o(.text) refers to sys.o(.text) for INTX_DISABLE
    sdio_sdcard.o(.text) refers to rt_memcpy_v6.o(.text) for __aeabi_memcpy
    spi.o(.text) refers to stm32f4xx_spi.o(.text) for SPI_I2S_GetFlagStatus
    spi.o(.text) refers to stm32f4xx_rcc.o(.text) for RCC_APB1PeriphClockCmd
    spi.o(.text) refers to stm32f4xx_gpio.o(.text) for GPIO_Init
    vs1053.o(.text) refers to spi.o(.text) for spi2_read_write_byte
    vs1053.o(.text) refers to stm32f4xx_rcc.o(.text) for RCC_AHB1PeriphClockCmd
    vs1053.o(.text) refers to stm32f4xx_gpio.o(.text) for GPIO_Init
    vs1053.o(.text) refers to delay.o(.text) for delay_ms
    vs1053.o(.text) refers to uart.o(.text) for UART_printf
    vs1053.o(.text) refers to heap_4.o(.text) for pvPortMalloc
    vs1053.o(.text) refers to ff.o(.text) for f_open
    vs1053.o(.text) refers to vs1053.o(.constdata) for g_bitrate
    vs1053.o(.text) refers to vs1053.o(.data) for vsset
[...]
    CmdResp1Error                            0x08000729   Thumb Code    98  sdio_sdcard.o(.text)
    FindSCR                                  0x0800078b   Thumb Code   388  sdio_sdcard.o(.text)
    SDEnWideBus                              0x0800090f   Thumb Code   160  sdio_sdcard.o(.text)
    SD_EnableWideBusOperation                0x080009af   Thumb Code    94  sdio_sdcard.o(.text)
    SD_SelectDeselect                        0x08000a0d   Thumb Code    42  sdio_sdcard.o(.text)
    SD_GetCardInfo                           0x08000a37   Thumb Code   804  sdio_sdcard.o(.text)
    CmdResp2Error                            0x08000d5b   Thumb Code    80  sdio_sdcard.o(.text)
    CmdResp6Error                            0x08000dab   Thumb Code   144  sdio_sdcard.o(.text)
    SD_InitializeCards                       0x08000e3b   Thumb Code   352  sdio_sdcard.o(.text)
    CmdResp3Error                            0x08000f9b   Thumb Code    52  sdio_sdcard.o(.text)
    CmdResp7Error                            0x08000fcf   Thumb Code    72  sdio_sdcard.o(.text)
    CmdError                                 0x08001017   Thumb Code    48  sdio_sdcard.o(.text)
    SD_PowerON                               0x08001047   Thumb Code   450  sdio_sdcard.o(.text)
    SD_Init                                  0x08001209   Thumb Code   324  sdio_sdcard.o(.text)
    SD_PowerOFF                              0x0800134d   Thumb Code    12  sdio_sdcard.o(.text)
    SD_DMA_Config                            0x08001359   Thumb Code    98  sdio_sdcard.o(.text)
    convert_from_bytes_to_power_of_two       0x080013bb   Thumb Code    18  sdio_sdcard.o(.text)
    SD_ReadBlock                             0x080013cd   Thumb Code   568  sdio_sdcard.o(.text)
    SD_ReadMultiBlocks                       0x08001605   Thumb Code   756  sdio_sdcard.o(.text)
    IsCardProgramming                        0x080018f9   Thumb Code   146  sdio_sdcard.o(.text)
    SD_WriteBlock                            0x0800198b   Thumb Code   908  sdio_sdcard.o(.text)
    SD_WriteMultiBlocks                      0x08001d17   Thumb Code   972  sdio_sdcard.o(.text)
    SD_ProcessIRQSrc                         0x080020e3   Thumb Code   302  sdio_sdcard.o(.text)
    SDIO_IRQHandler                          0x08002211   Thumb Code     8  sdio_sdcard.o(.text)
    SD_SendStatus                            0x08002219   Thumb Code    74  sdio_sdcard.o(.text)
    SD_GetState                              0x08002263   Thumb Code    26  sdio_sdcard.o(.text)
    SD_ReadDisk                              0x0800227d   Thumb Code   148  sdio_sdcard.o(.text)
    SD_WriteDisk                             0x08002311   Thumb Code   148  sdio_sdcard.o(.text)
    spi2_read_write_byte                     0x080023c9   Thumb Code    52  spi.o(.text)
    spi2_init                                0x080023fd   Thumb Code   230  spi.o(.text)
    spi2_set_speed                           0x080024e3   Thumb Code    46  spi.o(.text)
    vs10xx_spi_read_write_byte               0x0800251d   Thumb Code    12  vs1053.o(.text)
    vs10xx_spi_speed_low                     0x08002529   Thumb Code    10  vs1053.o(.text)
    vs10xx_spi_speed_high                    0x08002533   Thumb Code    10  vs1053.o(.text)
    vs10xx_init                              0x0800253d   Thumb Code   148  vs1053.o(.text)
    vs10xx_read_reg                          0x080025d1   Thumb Code    90  vs1053.o(.text)
    vs10xx_write_cmd                         0x0800262b   Thumb Code    74  vs1053.o(.text)
    vs10xx_soft_reset                        0x08002675   Thumb Code   156  vs1053.o(.text)
    vs10xx_reset                             0x08002711   Thumb Code    78  vs1053.o(.text)
    vs10xx_sine_test                         0x0800275f   Thumb Code   314  vs1053.o(.text)
    vs10xx_ram_test                          0x08002899   Thumb Code   108  vs1053.o(.text)
    vs10xx_set_speed                         0x0800293f   Thumb Code    16  vs1053.o(.text)
    vs10xx_get_bitrate                       0x0800294f   Thumb Code   216  vs1053.o(.text)
    vs10xx_get_byterate                      0x08002a27   Thumb Code    12  vs1053.o(.text)
    vs10xx_send_music_data                   0x08002a3f   Thumb Code    54  vs1053.o(.text)
    vs10xx_restart_play                      0x08002a75   Thumb Code   182  vs1053.o(.text)
    vs10xx_reset_decode_time                 0x08002b2b   Thumb Code    20  vs1053.o(.text)
    vs10xx_get_decode_time                   0x08002b3f   Thumb Code    16  vs1053.o(.text)
    vs10xx_load_patch                        0x08002b4f   Thumb Code   112  vs1053.o(.text)
    vs10xx_set_volume                        0x08002bbf   Thumb Code    38  vs1053.o(.text)
    vs10xx_set_tone                          0x08002be5   Thumb Code    82  vs1053.o(.text)
    vs10xx_set_effect                        0x08002c37   Thumb Code    50  vs1053.o(.text)
    vs10xx_set_speaker                       0x08002c69   Thumb Code    26  vs1053.o(.text)
    vs10xx_set_all                           0x08002c83   Thumb Code    42  vs1053.o(.text)
    audio_play_song                          0x08002cad   Thumb Code   202  vs1053.o(.text)
    NVIC_PriorityGroupConfig                 0x08002dc1   Thumb Code    10  misc.o(.text)
    NVIC_Init                                0x08002dcb   Thumb Code   106  misc.o(.text)
    NVIC_SetVectorTable                      0x08002e35   Thumb Code    14  misc.o(.text)
    NVIC_SystemLPConfig                      0x08002e43   Thumb Code    34  misc.o(.text)
    SysTick_CLKSourceConfig                  0x08002e65   Thumb Code    40  misc.o(.text)
    GPIO_DeInit                              0x08002ea1   Thumb Code   268  stm32f4xx_gpio.o(.text)
    GPIO_Init                                0x08002fad   Thumb Code   144  stm32f4xx_gpio.o(.text)
    GPIO_StructInit                          0x0800303d   Thumb Code    18  stm32f4xx_gpio.o(.text)
    GPIO_PinLockConfig                       0x0800304f   Thumb Code    34  stm32f4xx_gpio.o(.text)
    GPIO_ReadInputDataBit                    0x08003071   Thumb Code    18  stm32f4xx_gpio.o(.text)
    GPIO_ReadInputData                       0x08003083   Thumb Code     8  stm32f4xx_gpio.o(.text)
    GPIO_ReadOutputDataBit                   0x0800308b   Thumb Code    18  stm32f4xx_gpio.o(.text)
    GPIO_ReadOutputData                      0x0800309d   Thumb Code     8  stm32f4xx_gpio.o(.text)
    GPIO_SetBits                             0x080030a5   Thumb Code     4  stm32f4xx_gpio.o(.text)
    GPIO_ResetBits                           0x080030a9   Thumb Code     4  stm32f4xx_gpio.o(.text)
    GPIO_WriteBit                            0x080030ad   Thumb Code    10  stm32f4xx_gpio.o(.text)
    GPIO_Write                               0x080030b7   Thumb Code     4  stm32f4xx_gpio.o(.text)
    GPIO_ToggleBits                          0x080030bb   Thumb Code     8  stm32f4xx_gpio.o(.text)
    GPIO_PinAFConfig                         0x080030c3   Thumb Code    70  stm32f4xx_gpio.o(.text)
    Reset_Handler                            0x08003135   Thumb Code     8  startup_stm32f40_41xxx_1.o(.text)
    ADC_IRQHandler                           0x0800314f   Thumb Code     0  startup_stm32f40_41xxx_1.o(.text)
    CAN1_RX0_IRQHandler                      0x0800314f   Thumb Code     0  startup_stm32f40_41xxx_1.o(.text)
    CAN1_RX1_IRQHandler                      0x0800314f   Thumb Code     0  startup_stm32f40_41xxx_1.o(.text)
    CAN1_SCE_IRQHandler                      0x0800314f   Thumb Code     0  startup_stm32f40_41xxx_1.o(.text)
    CAN1_TX_IRQHandler                       0x0800314f   Thumb Code     0  startup_stm32f40_41xxx_1.o(.text)
    CAN2_RX0_IRQHandler                      0x0800314f   Thumb Code     0  startup_stm32f40_41xxx_1.o(.text)
    CAN2_RX1_IRQHandler                      0x0800314f   Thumb Code     0  startup_stm32f40_41xxx_1.o(.text)
    CAN2_SCE_IRQHandler                      0x0800314f   Thumb Code     0  startup_stm32f40_41xxx_1.o(.text)
    CAN2_TX_IRQHandler                       0x0800314f   Thumb Code     0  startup_stm32f40_41xxx_1.o(.text)
    CRYP_IRQHandler                          0x0800314f   Thumb Code     0  startup_stm32f40_41xxx_1.o(.text)
    DCMI_IRQHandler                          0x0800314f   Thumb Code     0  startup_stm32f40_41xxx_1.o(.text)
    DMA1_Stream0_IRQHandler                  0x0800314f   Thumb Code     0  startup_stm32f40_41xxx_1.o(.text)
    DMA1_Stream1_IRQHandler                  0x0800314f   Thumb Code     0  startup_stm32f40_41xxx_1.o(.text)
    DMA1_Stream2_IRQHandler                  0x0800314f   Thumb Code     0  startup_stm32f40_41xxx_1.o(.text)
    DMA1_Stream3_IRQHandler                  0x0800314f   Thumb Code     0  startup_stm32f40_41xxx_1.o(.text)
    DMA1_Stream4_IRQHandler                  0x0800314f   Thumb Code     0  startup_stm32f40_41xxx_1.o(.text)
    DMA1_Stream5_IRQHandler                  0x0800314f   Thumb Code     0  startup_stm32f40_41xxx_1.o(.text)
    DMA1_Stream6_IRQHandler                  0x0800314f   Thumb Code     0  startup_stm32f40_41xxx_1.o(.text)
    DMA1_Stream7_IRQHandler                  0x0800314f   Thumb Code     0  startup_stm32f40_41xxx_1.o(.text)
    DMA2_Stream0_IRQHandler                  0x0800314f   Thumb Code     0  startup_stm32f40_41xxx_1.o(.text)
    DMA2_Stream1_IRQHandler                  0x0800314f   Thumb Code     0  startup_stm32f40_41xxx_1.o(.text)
    DMA2_Stream2_IRQHandler                  0x0800314f   Thumb Code     0  startup_stm32f40_41xxx_1.o(.text)
    DMA2_Stream3_IRQHandler                  0x0800314f   Thumb Code     0  startup_stm32f40_41xxx_1.o(.text)
    DMA2_Stream4_IRQHandler                  0x0800314f   Thumb Code     0  startup_stm32f40_41xxx_1.o(.text)
    DMA2_Stream5_IRQHandler                  0x0800314f   Thumb Code     0  startup_stm32f40_41xxx_1.o(.text)
    DMA2_Stream6_IRQHandler                  0x0800314f   Thumb Code     0  startup_stm32f40_41xxx_1.o(.text)
    DMA2_Stream7_IRQHandler                  0x0800314f   Thumb Code     0  startup_stm32f40_41xxx_1.o(.text)
    ETH_IRQHandler                           0x0800314f   Thumb Code     0  startup_stm32f40_41xxx_1.o(.text)
    ETH_WKUP_IRQHandler                      0x0800314f   Thumb Code     0  startup_stm32f40_41xxx_1.o(.text)
    EXTI0_IRQHandler                         0x0800314f   Thumb Code     0  startup_stm32f40_41xxx_1.o(.text)
    EXTI15_10_IRQHandler                     0x0800314f   Thumb Code     0  startup_stm32f40_41xxx_1.o(.text)
    EXTI1_IRQHandler                         0x0800314f   Thumb Code     0  startup_stm32f40_41xxx_1.o(.text)
    EXTI2_IRQHandler                         0x0800314f   Thumb Code     0  startup_stm32f40_41xxx_1.o(.text)
    EXTI3_IRQHandler                         0x0800314f   Thumb Code     0  startup_stm32f40_41xxx_1.o(.text)
    EXTI4_IRQHandler                         0x0800314f   Thumb Code     0  startup_stm32f40_41xxx_1.o(.text)
    EXTI9_5_IRQHandler                       0x0800314f   Thumb Code     0  startup_stm32f40_41xxx_1.o(.text)
    FLASH_IRQHandler                         0x0800314f   Thumb Code     0  startup_stm32f40_41xxx_1.o(.text)
    FPU_IRQHandler                           0x0800314f   Thumb Code     0  startup_stm32f40_41xxx_1.o(.text)
    FSMC_IRQHandler                          0x0800314f   Thumb Code     0  startup_stm32f40_41xxx_1.o(.text)
    HASH_RNG_IRQHandler                      0x0800314f   Thumb Code     0  startup_stm32f40_41xxx_1.o(.text)
    I2C1_ER_IRQHandler                       0x0800314f   Thumb Code     0  startup_stm32f40_41xxx_1.o(.text)
    I2C1_EV_IRQHandler                       0x0800314f   Thumb Code     0  startup_stm32f40_41xxx_1.o(.text)
    I2C2_ER_IRQHandler                       0x0800314f   Thumb Code     0  startup_stm32f40_41xxx_1.o(.text)
    I2C2_EV_IRQHandler                       0x0800314f   Thumb Code     0  startup_stm32f40_41xxx_1.o(.text)
    I2C3_ER_IRQHandler                       0x0800314f   Thumb Code     0  startup_stm32f40_41xxx_1.o(.text)
    I2C3_EV_IRQHandler                       0x0800314f   Thumb Code     0  startup_stm32f40_41xxx_1.o(.text)
    OTG_FS_IRQHandler                        0x0800314f   Thumb Code     0  startup_stm32f40_41xxx_1.o(.text)
    OTG_FS_WKUP_IRQHandler                   0x0800314f   Thumb Code     0  startup_stm32f40_41xxx_1.o(.text)
    OTG_HS_EP1_IN_IRQHandler                 0x0800314f   Thumb Code     0  startup_stm32f40_41xxx_1.o(.text)
    OTG_HS_EP1_OUT_IRQHandler                0x0800314f   Thumb Code     0  startup_stm32f40_41xxx_1.o(.text)
    OTG_HS_IRQHandler                        0x0800314f   Thumb Code     0  startup_stm32f40_41xxx_1.o(.text)
    OTG_HS_WKUP_IRQHandler                   0x0800314f   Thumb Code     0  startup_stm32f40_41xxx_1.o(.text)
    PVD_IRQHandler                           0x0800314f   Thumb Code     0  startup_stm32f40_41xxx_1.o(.text)
    RCC_IRQHandler                           0x0800314f   Thumb Code     0  startup_stm32f40_41xxx_1.o(.text)
    RTC_Alarm_IRQHandler                     0x0800314f   Thumb Code     0  startup_stm32f40_41xxx_1.o(.text)
    RTC_WKUP_IRQHandler                      0x0800314f   Thumb Code     0  startup_stm32f40_41xxx_1.o(.text)
    SPI1_IRQHandler                          0x0800314f   Thumb Code     0  startup_stm32f40_41xxx_1.o(.text)
    SPI2_IRQHandler                          0x0800314f   Thumb Code     0  startup_stm32f40_41xxx_1.o(.text)
    SPI3_IRQHandler                          0x0800314f   Thumb Code     0  startup_stm32f40_41xxx_1.o(.text)
    TAMP_STAMP_IRQHandler                    0x0800314f   Thumb Code     0  startup_stm32f40_41xxx_1.o(.text)
    TIM1_BRK_TIM9_IRQHandler                 0x0800314f   Thumb Code     0  startup_stm32f40_41xxx_1.o(.text)
    TIM1_CC_IRQHandler                       0x0800314f   Thumb Code     0  startup_stm32f40_41xxx_1.o(.text)
    TIM1_TRG_COM_TIM11_IRQHandler            0x0800314f   Thumb Code     0  startup_stm32f40_41xxx_1.o(.text)
    TIM1_UP_TIM10_IRQHandler                 0x0800314f   Thumb Code     0  startup_stm32f40_41xxx_1.o(.text)
    TIM2_IRQHandler                          0x0800314f   Thumb Code     0  startup_stm32f40_41xxx_1.o(.text)
    TIM4_IRQHandler                          0x0800314f   Thumb Code     0  startup_stm32f40_41xxx_1.o(.text)
    TIM5_IRQHandler                          0x0800314f   Thumb Code     0  startup_stm32f40_41xxx_1.o(.text)
    TIM6_DAC_IRQHandler                      0x0800314f   Thumb Code     0  startup_stm32f40_41xxx_1.o(.text)
    TIM7_IRQHandler                          0x0800314f   Thumb Code     0  startup_stm32f40_41xxx_1.o(.text)
    TIM8_BRK_TIM12_IRQHandler                0x0800314f   Thumb Code     0  startup_stm32f40_41xxx_1.o(.text)
    TIM8_CC_IRQHandler                       0x0800314f   Thumb Code     0  startup_stm32f40_41xxx_1.o(.text)
    TIM8_TRG_COM_TIM14_IRQHandler            0x0800314f   Thumb Code     0  startup_stm32f40_41xxx_1.o(.text)
    TIM8_UP_TIM13_IRQHandler                 0x0800314f   Thumb Code     0  startup_stm32f40_41xxx_1.o(.text)
    UART4_IRQHandler                         0x0800314f   Thumb Code     0  startup_stm32f40_41xxx_1.o(.text)
    UART5_IRQHandler                         0x0800314f   Thumb Code     0  startup_stm32f40_41xxx_1.o(.text)
    USART2_IRQHandler                        0x0800314f   Thumb Code     0  startup_stm32f40_41xxx_1.o(.text)
    USART3_IRQHandler                        0x0800314f   Thumb Code     0  startup_stm32f40_41xxx_1.o(.text)
    USART6_IRQHandler                        0x0800314f   Thumb Code     0  startup_stm32f40_41xxx_1.o(.text)
    WWDG_IRQHandler                          0x0800314f   Thumb Code     0  startup_stm32f40_41xxx_1.o(.text)
    __user_initial_stackheap                 0x08003151   Thumb Code     0  startup_stm32f40_41xxx_1.o(.text)
    RCC_DeInit                               0x08003175   Thumb Code    82  stm32f4xx_rcc.o(.text)
    RCC_HSEConfig                            0x080031c7   Thumb Code    14  stm32f4xx_rcc.o(.text)
    RCC_GetFlagStatus                        0x080031d5   Thumb Code    60  stm32f4xx_rcc.o(.text)
    RCC_WaitForHSEStartUp                    0x08003211   Thumb Code    56  stm32f4xx_rcc.o(.text)
    RCC_AdjustHSICalibrationValue            0x08003249   Thumb Code    20  stm32f4xx_rcc.o(.text)
    RCC_HSICmd                               0x0800325d   Thumb Code     6  stm32f4xx_rcc.o(.text)
    RCC_LSEConfig                            0x08003263   Thumb Code    46  stm32f4xx_rcc.o(.text)
    RCC_LSICmd                               0x08003291   Thumb Code     6  stm32f4xx_rcc.o(.text)
    RCC_PLLConfig                            0x08003297   Thumb Code    32  stm32f4xx_rcc.o(.text)
    RCC_PLLCmd                               0x080032b7   Thumb Code     6  stm32f4xx_rcc.o(.text)
    RCC_PLLI2SConfig                         0x080032bd   Thumb Code    14  stm32f4xx_rcc.o(.text)
    RCC_PLLI2SCmd                            0x080032cb   Thumb Code     6  stm32f4xx_rcc.o(.text)
    RCC_PLLSAIConfig                         0x080032d1   Thumb Code    20  stm32f4xx_rcc.o(.text)
    RCC_PLLSAICmd                            0x080032e5   Thumb Code     6  stm32f4xx_rcc.o(.text)
    RCC_ClockSecuritySystemCmd               0x080032eb   Thumb Code     6  stm32f4xx_rcc.o(.text)
    RCC_MCO1Config                           0x080032f1   Thumb Code    28  stm32f4xx_rcc.o(.text)
    RCC_MCO2Config                           0x0800330d   Thumb Code    28  stm32f4xx_rcc.o(.text)
    RCC_SYSCLKConfig                         0x08003329   Thumb Code    20  stm32f4xx_rcc.o(.text)
    RCC_GetSYSCLKSource                      0x0800333d   Thumb Code    12  stm32f4xx_rcc.o(.text)
    RCC_HCLKConfig                           0x08003349   Thumb Code    20  stm32f4xx_rcc.o(.text)
    RCC_PCLK1Config                          0x0800335d   Thumb Code    20  stm32f4xx_rcc.o(.text)
    RCC_PCLK2Config                          0x08003371   Thumb Code    22  stm32f4xx_rcc.o(.text)
    RCC_GetClocksFreq                        0x08003387   Thumb Code   222  stm32f4xx_rcc.o(.text)
    RCC_RTCCLKConfig                         0x08003465   Thumb Code    54  stm32f4xx_rcc.o(.text)
    RCC_RTCCLKCmd                            0x0800349b   Thumb Code     8  stm32f4xx_rcc.o(.text)
    RCC_BackupResetCmd                       0x080034a3   Thumb Code     8  stm32f4xx_rcc.o(.text)
    RCC_I2SCLKConfig                         0x080034ab   Thumb Code     6  stm32f4xx_rcc.o(.text)
    RCC_SAIPLLI2SClkDivConfig                0x080034b1   Thumb Code    26  stm32f4xx_rcc.o(.text)
    RCC_SAIPLLSAIClkDivConfig                0x080034cb   Thumb Code    28  stm32f4xx_rcc.o(.text)
    RCC_SAIBlockACLKConfig                   0x080034e7   Thumb Code    20  stm32f4xx_rcc.o(.text)
    RCC_SAIBlockBCLKConfig                   0x080034fb   Thumb Code    20  stm32f4xx_rcc.o(.text)
    RCC_LTDCCLKDivConfig                     0x0800350f   Thumb Code    20  stm32f4xx_rcc.o(.text)
    RCC_TIMCLKPresConfig                     0x08003523   Thumb Code     6  stm32f4xx_rcc.o(.text)
    RCC_AHB1PeriphClockCmd                   0x08003529   Thumb Code    34  stm32f4xx_rcc.o(.text)
    RCC_AHB2PeriphClockCmd                   0x0800354b   Thumb Code    78  stm32f4xx_rcc.o(.text)
    RCC_AHB3PeriphClockCmd                   0x08003599   Thumb Code    34  stm32f4xx_rcc.o(.text)
    RCC_APB1PeriphClockCmd                   0x080035bb   Thumb Code    34  stm32f4xx_rcc.o(.text)
    RCC_APB2PeriphClockCmd                   0x080035dd   Thumb Code    34  stm32f4xx_rcc.o(.text)
    RCC_AHB1PeriphResetCmd                   0x080035ff   Thumb Code    34  stm32f4xx_rcc.o(.text)
    RCC_AHB2PeriphResetCmd                   0x08003621   Thumb Code    34  stm32f4xx_rcc.o(.text)
    RCC_AHB3PeriphResetCmd                   0x08003643   Thumb Code    34  stm32f4xx_rcc.o(.text)
    RCC_APB1PeriphResetCmd                   0x08003665   Thumb Code    34  stm32f4xx_rcc.o(.text)
    RCC_APB2PeriphResetCmd                   0x08003687   Thumb Code    34  stm32f4xx_rcc.o(.text)
    RCC_AHB1PeriphClockLPModeCmd             0x080036a9   Thumb Code    34  stm32f4xx_rcc.o(.text)
    RCC_AHB2PeriphClockLPModeCmd             0x080036cb   Thumb Code    34  stm32f4xx_rcc.o(.text)
    RCC_AHB3PeriphClockLPModeCmd             0x080036ed   Thumb Code    34  stm32f4xx_rcc.o(.text)
    RCC_APB1PeriphClockLPModeCmd             0x0800370f   Thumb Code    34  stm32f4xx_rcc.o(.text)
    RCC_APB2PeriphClockLPModeCmd             0x08003731   Thumb Code    34  stm32f4xx_rcc.o(.text)
    RCC_LSEModeConfig                        0x08003753   Thumb Code    40  stm32f4xx_rcc.o(.text)
    RCC_ITConfig                             0x0800377b   Thumb Code    34  stm32f4xx_rcc.o(.text)
    RCC_ClearFlag                            0x0800379d   Thumb Code    18  stm32f4xx_rcc.o(.text)
    RCC_GetITStatus                          0x080037af   Thumb Code    22  stm32f4xx_rcc.o(.text)
    RCC_ClearITPendingBit                    0x080037c5   Thumb Code     8  stm32f4xx_rcc.o(.text)
    USART_DeInit                             0x080037d1   Thumb Code   206  stm32f4xx_usart.o(.text)
    USART_Init                               0x0800389f   Thumb Code   204  stm32f4xx_usart.o(.text)
    USART_StructInit                         0x0800396b   Thumb Code    24  stm32f4xx_usart.o(.text)
    USART_ClockInit                          0x08003983   Thumb Code    32  stm32f4xx_usart.o(.text)
    USART_ClockStructInit                    0x080039a3   Thumb Code    12  stm32f4xx_usart.o(.text)
    USART_Cmd                                0x080039af   Thumb Code    24  stm32f4xx_usart.o(.text)
    USART_SetPrescaler                       0x080039c7   Thumb Code    16  stm32f4xx_usart.o(.text)
    USART_OverSampling8Cmd                   0x080039d7   Thumb Code    22  stm32f4xx_usart.o(.text)
    USART_OneBitMethodCmd                    0x080039ed   Thumb Code    24  stm32f4xx_usart.o(.text)
    USART_SendData                           0x08003a05   Thumb Code     8  stm32f4xx_usart.o(.text)
    USART_ReceiveData                        0x08003a0d   Thumb Code    10  stm32f4xx_usart.o(.text)
    USART_SetAddress                         0x08003a17   Thumb Code    18  stm32f4xx_usart.o(.text)
    USART_ReceiverWakeUpCmd                  0x08003a29   Thumb Code    24  stm32f4xx_usart.o(.text)
    USART_WakeUpConfig                       0x08003a41   Thumb Code    18  stm32f4xx_usart.o(.text)
    USART_LINBreakDetectLengthConfig         0x08003a53   Thumb Code    18  stm32f4xx_usart.o(.text)
    USART_LINCmd                             0x08003a65   Thumb Code    24  stm32f4xx_usart.o(.text)
    USART_SendBreak                          0x08003a7d   Thumb Code    10  stm32f4xx_usart.o(.text)
    USART_HalfDuplexCmd                      0x08003a87   Thumb Code    24  stm32f4xx_usart.o(.text)
    USART_SetGuardTime                       0x08003a9f   Thumb Code    16  stm32f4xx_usart.o(.text)
    USART_SmartCardCmd                       0x08003aaf   Thumb Code    24  stm32f4xx_usart.o(.text)
    USART_SmartCardNACKCmd                   0x08003ac7   Thumb Code    24  stm32f4xx_usart.o(.text)
    USART_IrDAConfig                         0x08003adf   Thumb Code    18  stm32f4xx_usart.o(.text)
    USART_IrDACmd                            0x08003af1   Thumb Code    24  stm32f4xx_usart.o(.text)
    USART_DMACmd                             0x08003b09   Thumb Code    18  stm32f4xx_usart.o(.text)
    USART_ITConfig                           0x08003b1b   Thumb Code    74  stm32f4xx_usart.o(.text)
    USART_GetFlagStatus                      0x08003b65   Thumb Code    26  stm32f4xx_usart.o(.text)
    USART_ClearFlag                          0x08003b7f   Thumb Code    18  stm32f4xx_usart.o(.text)
    USART_GetITStatus                        0x08003b91   Thumb Code   118  stm32f4xx_usart.o(.text)
    USART_ClearITPendingBit                  0x08003c07   Thumb Code    30  stm32f4xx_usart.o(.text)
    TIM_DeInit                               0x08003c25   Thumb Code   346  stm32f4xx_tim.o(.text)
    TIM_TimeBaseInit                         0x08003d7f   Thumb Code   104  stm32f4xx_tim.o(.text)
    TIM_TimeBaseStructInit                   0x08003de7   Thumb Code    18  stm32f4xx_tim.o(.text)
    TIM_PrescalerConfig                      0x08003df9   Thumb Code     6  stm32f4xx_tim.o(.text)
    TIM_CounterModeConfig                    0x08003dff   Thumb Code    18  stm32f4xx_tim.o(.text)
    TIM_SetCounter                           0x08003e11   Thumb Code     4  stm32f4xx_tim.o(.text)
    TIM_SetAutoreload                        0x08003e15   Thumb Code     4  stm32f4xx_tim.o(.text)
    TIM_GetCounter                           0x08003e19   Thumb Code     6  stm32f4xx_tim.o(.text)
    TIM_GetPrescaler                         0x08003e1f   Thumb Code     6  stm32f4xx_tim.o(.text)
    TIM_UpdateDisableConfig                  0x08003e25   Thumb Code    24  stm32f4xx_tim.o(.text)
    TIM_UpdateRequestConfig                  0x08003e3d   Thumb Code    24  stm32f4xx_tim.o(.text)
    TIM_ARRPreloadConfig                     0x08003e55   Thumb Code    24  stm32f4xx_tim.o(.text)
    TIM_SelectOnePulseMode                   0x08003e6d   Thumb Code    18  stm32f4xx_tim.o(.text)
    TIM_SetClockDivision                     0x08003e7f   Thumb Code    18  stm32f4xx_tim.o(.text)
    TIM_Cmd                                  0x08003e91   Thumb Code    24  stm32f4xx_tim.o(.text)
    TIM_OC1Init                              0x08003ea9   Thumb Code   114  stm32f4xx_tim.o(.text)
    TIM_OC2Init                              0x08003f1b   Thumb Code   154  stm32f4xx_tim.o(.text)
    TIM_OC3Init                              0x08003fb5   Thumb Code   204  stm32f4xx_tim.o(.text)
    TIM_OC4Init                              0x08004081   Thumb Code   112  stm32f4xx_tim.o(.text)
    TIM_OCStructInit                         0x080040f1   Thumb Code    20  stm32f4xx_tim.o(.text)
    TIM_SelectOCxM                           0x08004105   Thumb Code    86  stm32f4xx_tim.o(.text)
    TIM_SetCompare1                          0x0800415b   Thumb Code     4  stm32f4xx_tim.o(.text)
    TIM_SetCompare2                          0x0800415f   Thumb Code     4  stm32f4xx_tim.o(.text)
    TIM_SetCompare3                          0x08004163   Thumb Code     4  stm32f4xx_tim.o(.text)
    TIM_SetCompare4                          0x08004167   Thumb Code     4  stm32f4xx_tim.o(.text)
    TIM_ForcedOC1Config                      0x0800416b   Thumb Code    18  stm32f4xx_tim.o(.text)
    TIM_ForcedOC2Config                      0x0800417d   Thumb Code    26  stm32f4xx_tim.o(.text)
    TIM_ForcedOC3Config                      0x08004197   Thumb Code    18  stm32f4xx_tim.o(.text)
    TIM_ForcedOC4Config                      0x080041a9   Thumb Code    26  stm32f4xx_tim.o(.text)
    TIM_OC1PreloadConfig                     0x080041c3   Thumb Code    18  stm32f4xx_tim.o(.text)
    TIM_OC2PreloadConfig                     0x080041d5   Thumb Code    26  stm32f4xx_tim.o(.text)
    TIM_OC3PreloadConfig                     0x080041ef   Thumb Code    18  stm32f4xx_tim.o(.text)
    TIM_OC4PreloadConfig                     0x08004201   Thumb Code    26  stm32f4xx_tim.o(.text)
    TIM_OC1FastConfig                        0x0800421b   Thumb Code    18  stm32f4xx_tim.o(.text)
    TIM_OC2FastConfig                        0x0800422d   Thumb Code    26  stm32f4xx_tim.o(.text)
    TIM_OC3FastConfig                        0x08004247   Thumb Code    18  stm32f4xx_tim.o(.text)
    TIM_OC4FastConfig                        0x08004259   Thumb Code    26  stm32f4xx_tim.o(.text)
    TIM_ClearOC1Ref                          0x08004273   Thumb Code    18  stm32f4xx_tim.o(.text)
    TIM_ClearOC2Ref                          0x08004285   Thumb Code    24  stm32f4xx_tim.o(.text)
    TIM_ClearOC3Ref                          0x0800429d   Thumb Code    18  stm32f4xx_tim.o(.text)
    TIM_ClearOC4Ref                          0x080042af   Thumb Code    24  stm32f4xx_tim.o(.text)
    TIM_OC1PolarityConfig                    0x080042c7   Thumb Code    18  stm32f4xx_tim.o(.text)
    TIM_OC1NPolarityConfig                   0x080042d9   Thumb Code    18  stm32f4xx_tim.o(.text)
    TIM_OC2PolarityConfig                    0x080042eb   Thumb Code    26  stm32f4xx_tim.o(.text)
    TIM_OC2NPolarityConfig                   0x08004305   Thumb Code    26  stm32f4xx_tim.o(.text)
    TIM_OC3PolarityConfig                    0x0800431f   Thumb Code    26  stm32f4xx_tim.o(.text)
    TIM_OC3NPolarityConfig                   0x08004339   Thumb Code    26  stm32f4xx_tim.o(.text)
    TIM_OC4PolarityConfig                    0x08004353   Thumb Code    26  stm32f4xx_tim.o(.text)
    TIM_CCxCmd                               0x0800436d   Thumb Code    30  stm32f4xx_tim.o(.text)
    TIM_CCxNCmd                              0x0800438b   Thumb Code    30  stm32f4xx_tim.o(.text)
    TIM_SetIC4Prescaler                      0x080043a9   Thumb Code    26  stm32f4xx_tim.o(.text)
    TIM_SetIC3Prescaler                      0x08004413   Thumb Code    18  stm32f4xx_tim.o(.text)
    TIM_SetIC2Prescaler                      0x0800446d   Thumb Code    26  stm32f4xx_tim.o(.text)
    TIM_SetIC1Prescaler                      0x080044e1   Thumb Code    18  stm32f4xx_tim.o(.text)
    TIM_ICInit                               0x0800452d   Thumb Code   110  stm32f4xx_tim.o(.text)
    TIM_ICStructInit                         0x0800459b   Thumb Code    18  stm32f4xx_tim.o(.text)
    TIM_PWMIConfig                           0x080045ad   Thumb Code   124  stm32f4xx_tim.o(.text)
    TIM_GetCapture1                          0x08004629   Thumb Code     6  stm32f4xx_tim.o(.text)
    TIM_GetCapture2                          0x0800462f   Thumb Code     6  stm32f4xx_tim.o(.text)
    TIM_GetCapture3                          0x08004635   Thumb Code     6  stm32f4xx_tim.o(.text)
    TIM_GetCapture4                          0x0800463b   Thumb Code     6  stm32f4xx_tim.o(.text)
    TIM_BDTRConfig                           0x08004641   Thumb Code    32  stm32f4xx_tim.o(.text)
    TIM_BDTRStructInit                       0x08004661   Thumb Code    18  stm32f4xx_tim.o(.text)
    TIM_CtrlPWMOutputs                       0x08004673   Thumb Code    30  stm32f4xx_tim.o(.text)
    TIM_SelectCOM                            0x08004691   Thumb Code    24  stm32f4xx_tim.o(.text)
    TIM_CCPreloadControl                     0x080046a9   Thumb Code    24  stm32f4xx_tim.o(.text)
    TIM_ITConfig                             0x080046c1   Thumb Code    18  stm32f4xx_tim.o(.text)
    TIM_GenerateEvent                        0x080046d3   Thumb Code     4  stm32f4xx_tim.o(.text)
    TIM_GetFlagStatus                        0x080046d7   Thumb Code    18  stm32f4xx_tim.o(.text)
    TIM_ClearFlag                            0x080046e9   Thumb Code     6  stm32f4xx_tim.o(.text)
    TIM_GetITStatus                          0x080046ef   Thumb Code    34  stm32f4xx_tim.o(.text)
    TIM_ClearITPendingBit                    0x08004711   Thumb Code     6  stm32f4xx_tim.o(.text)
    TIM_DMAConfig                            0x08004717   Thumb Code    10  stm32f4xx_tim.o(.text)
    TIM_DMACmd                               0x08004721   Thumb Code    18  stm32f4xx_tim.o(.text)
    TIM_SelectCCDMA                          0x08004733   Thumb Code    24  stm32f4xx_tim.o(.text)
    TIM_InternalClockConfig                  0x0800474b   Thumb Code    12  stm32f4xx_tim.o(.text)
    TIM_SelectInputTrigger                   0x08004757   Thumb Code    18  stm32f4xx_tim.o(.text)
    TIM_ITRxExternalClockConfig              0x08004769   Thumb Code    24  stm32f4xx_tim.o(.text)
    TIM_TIxExternalClockConfig               0x08004781   Thumb Code    62  stm32f4xx_tim.o(.text)
    TIM_ETRConfig                            0x080047bf   Thumb Code    28  stm32f4xx_tim.o(.text)
    TIM_ETRClockMode1Config                  0x080047db   Thumb Code    54  stm32f4xx_tim.o(.text)
    TIM_ETRClockMode2Config                  0x08004811   Thumb Code    32  stm32f4xx_tim.o(.text)
    TIM_SelectOutputTrigger                  0x08004831   Thumb Code    18  stm32f4xx_tim.o(.text)
    TIM_SelectSlaveMode                      0x08004843   Thumb Code    18  stm32f4xx_tim.o(.text)
    TIM_SelectMasterSlaveMode                0x08004855   Thumb Code    18  stm32f4xx_tim.o(.text)
    TIM_EncoderInterfaceConfig               0x08004867   Thumb Code    66  stm32f4xx_tim.o(.text)
    TIM_SelectHallSensor                     0x080048a9   Thumb Code    24  stm32f4xx_tim.o(.text)
    TIM_RemapConfig                          0x080048c1   Thumb Code     6  stm32f4xx_tim.o(.text)
    DMA_DeInit                               0x080048c9   Thumb Code   324  stm32f4xx_dma.o(.text)
    DMA_Init                                 0x08004a0d   Thumb Code    82  stm32f4xx_dma.o(.text)
    DMA_StructInit                           0x08004a5f   Thumb Code    34  stm32f4xx_dma.o(.text)
    DMA_Cmd                                  0x08004a81   Thumb Code    22  stm32f4xx_dma.o(.text)
    DMA_PeriphIncOffsetSizeConfig            0x08004a97   Thumb Code    22  stm32f4xx_dma.o(.text)
    DMA_FlowControllerConfig                 0x08004aad   Thumb Code    22  stm32f4xx_dma.o(.text)
    DMA_SetCurrDataCounter                   0x08004ac3   Thumb Code     4  stm32f4xx_dma.o(.text)
    DMA_GetCurrDataCounter                   0x08004ac7   Thumb Code     8  stm32f4xx_dma.o(.text)
    DMA_DoubleBufferModeConfig               0x08004acf   Thumb Code    24  stm32f4xx_dma.o(.text)
    DMA_DoubleBufferModeCmd                  0x08004ae7   Thumb Code    22  stm32f4xx_dma.o(.text)
    DMA_MemoryTargetConfig                   0x08004afd   Thumb Code    10  stm32f4xx_dma.o(.text)
    DMA_GetCurrentMemoryTarget               0x08004b07   Thumb Code    20  stm32f4xx_dma.o(.text)
    DMA_GetCmdStatus                         0x08004b1b   Thumb Code    20  stm32f4xx_dma.o(.text)
    DMA_GetFIFOStatus                        0x08004b2f   Thumb Code    12  stm32f4xx_dma.o(.text)
    DMA_GetFlagStatus                        0x08004b3b   Thumb Code    56  stm32f4xx_dma.o(.text)
    DMA_ClearFlag                            0x08004b73   Thumb Code    40  stm32f4xx_dma.o(.text)
    DMA_ITConfig                             0x08004b9b   Thumb Code    58  stm32f4xx_dma.o(.text)
    DMA_GetITStatus                          0x08004bd5   Thumb Code    84  stm32f4xx_dma.o(.text)
    DMA_ClearITPendingBit                    0x08004c29   Thumb Code    40  stm32f4xx_dma.o(.text)
    SDIO_DeInit                              0x08004c71   Thumb Code    22  stm32f4xx_sdio.o(.text)
    SDIO_Init                                0x08004c87   Thumb Code    42  stm32f4xx_sdio.o(.text)
    SDIO_StructInit                          0x08004cb1   Thumb Code    16  stm32f4xx_sdio.o(.text)
    SDIO_ClockCmd                            0x08004cc1   Thumb Code     6  stm32f4xx_sdio.o(.text)
    SDIO_SetPowerState                       0x08004cc7   Thumb Code     8  stm32f4xx_sdio.o(.text)
    SDIO_GetPowerState                       0x08004ccf   Thumb Code    12  stm32f4xx_sdio.o(.text)
    SDIO_SendCommand                         0x08004cdb   Thumb Code    42  stm32f4xx_sdio.o(.text)
    SDIO_CmdStructInit                       0x08004d05   Thumb Code    14  stm32f4xx_sdio.o(.text)
    SDIO_GetCommandResponse                  0x08004d13   Thumb Code    10  stm32f4xx_sdio.o(.text)
    SDIO_GetResponse                         0x08004d1d   Thumb Code    22  stm32f4xx_sdio.o(.text)
    SDIO_DataConfig                          0x08004d33   Thumb Code    48  stm32f4xx_sdio.o(.text)
    SDIO_DataStructInit                      0x08004d63   Thumb Code    20  stm32f4xx_sdio.o(.text)
    SDIO_GetDataCounter                      0x08004d77   Thumb Code     8  stm32f4xx_sdio.o(.text)
    SDIO_ReadData                            0x08004d7f   Thumb Code     8  stm32f4xx_sdio.o(.text)
    SDIO_WriteData                           0x08004d87   Thumb Code     8  stm32f4xx_sdio.o(.text)
    SDIO_GetFIFOCount                        0x08004d8f   Thumb Code     8  stm32f4xx_sdio.o(.text)
    SDIO_StartSDIOReadWait                   0x08004d97   Thumb Code     6  stm32f4xx_sdio.o(.text)
    SDIO_StopSDIOReadWait                    0x08004d9d   Thumb Code     8  stm32f4xx_sdio.o(.text)
    SDIO_SetSDIOReadWaitMode                 0x08004da5   Thumb Code     8  stm32f4xx_sdio.o(.text)
    SDIO_SetSDIOOperation                    0x08004dad   Thumb Code     8  stm32f4xx_sdio.o(.text)
    SDIO_SendSDIOSuspendCmd                  0x08004db5   Thumb Code     6  stm32f4xx_sdio.o(.text)
    SDIO_CommandCompletionCmd                0x08004dbb   Thumb Code     8  stm32f4xx_sdio.o(.text)
    SDIO_CEATAITCmd                          0x08004dc3   Thumb Code    12  stm32f4xx_sdio.o(.text)
    SDIO_SendCEATACmd                        0x08004dcf   Thumb Code     8  stm32f4xx_sdio.o(.text)
    SDIO_DMACmd                              0x08004dd7   Thumb Code     8  stm32f4xx_sdio.o(.text)
    SDIO_ITConfig                            0x08004ddf   Thumb Code    34  stm32f4xx_sdio.o(.text)
    SDIO_GetFlagStatus                       0x08004e01   Thumb Code    22  stm32f4xx_sdio.o(.text)
    SDIO_ClearFlag                           0x08004e17   Thumb Code     8  stm32f4xx_sdio.o(.text)
    SDIO_GetITStatus                         0x08004e1f   Thumb Code    22  stm32f4xx_sdio.o(.text)
    SDIO_ClearITPendingBit                   0x08004e35   Thumb Code     8  stm32f4xx_sdio.o(.text)
    SPI_I2S_DeInit                           0x08004e4d   Thumb Code   152  stm32f4xx_spi.o(.text)
    SPI_Init                                 0x08004ee5   Thumb Code    60  stm32f4xx_spi.o(.text)
    I2S_Init                                 0x08004f21   Thumb Code   396  stm32f4xx_spi.o(.text)
    SPI_StructInit                           0x080050ad   Thumb Code    24  stm32f4xx_spi.o(.text)
    I2S_StructInit                           0x080050c5   Thumb Code    20  stm32f4xx_spi.o(.text)
    SPI_Cmd                                  0x080050d9   Thumb Code    24  stm32f4xx_spi.o(.text)
    I2S_Cmd                                  0x080050f1   Thumb Code    24  stm32f4xx_spi.o(.text)
    SPI_DataSizeConfig                       0x08005109   Thumb Code    18  stm32f4xx_spi.o(.text)
    SPI_BiDirectionalLineConfig              0x0800511b   Thumb Code    28  stm32f4xx_spi.o(.text)
    SPI_NSSInternalSoftwareConfig            0x08005137   Thumb Code    30  stm32f4xx_spi.o(.text)
    SPI_SSOutputCmd                          0x08005155   Thumb Code    24  stm32f4xx_spi.o(.text)
    SPI_TIModeCmd                            0x0800516d   Thumb Code    24  stm32f4xx_spi.o(.text)
    I2S_FullDuplexConfig                     0x08005185   Thumb Code    80  stm32f4xx_spi.o(.text)
    SPI_I2S_ReceiveData                      0x080051d5   Thumb Code     6  stm32f4xx_spi.o(.text)
    SPI_I2S_SendData                         0x080051db   Thumb Code     4  stm32f4xx_spi.o(.text)
    SPI_CalculateCRC                         0x080051df   Thumb Code    24  stm32f4xx_spi.o(.text)
    SPI_TransmitCRC                          0x080051f7   Thumb Code    10  stm32f4xx_spi.o(.text)
    SPI_GetCRC                               0x08005201   Thumb Code    16  stm32f4xx_spi.o(.text)
    SPI_GetCRCPolynomial                     0x08005211   Thumb Code     6  stm32f4xx_spi.o(.text)
    SPI_I2S_DMACmd                           0x08005217   Thumb Code    18  stm32f4xx_spi.o(.text)
    SPI_I2S_ITConfig                         0x08005229   Thumb Code    68  stm32f4xx_spi.o(.text)
    SPI_I2S_GetFlagStatus                    0x0800526d   Thumb Code    18  stm32f4xx_spi.o(.text)
    SPI_I2S_ClearFlag                        0x0800527f   Thumb Code     6  stm32f4xx_spi.o(.text)
    SPI_I2S_GetITStatus                      0x08005285   Thumb Code    52  stm32f4xx_spi.o(.text)
    SPI_I2S_ClearITPendingBit                0x080052b9   Thumb Code    20  stm32f4xx_spi.o(.text)
    delay_init                               0x0800531f   Thumb Code     8  delay.o(.text)
    TIM3_IRQHandler                          0x08005327   Thumb Code    36  delay.o(.text)
    delay_us                                 0x0800534b   Thumb Code    46  delay.o(.text)
    delay_ms                                 0x08005379   Thumb Code    24  delay.o(.text)
    WFI_SET                                  0x08005399   Thumb Code     4  sys.o(.text)
    INTX_DISABLE                             0x0800539d   Thumb Code     4  sys.o(.text)
    INTX_ENABLE                              0x080053a1   Thumb Code     4  sys.o(.text)
    UART_Init                                0x080053a5   Thumb Code   210  uart.o(.text)
    UART_Send                                0x08005477   Thumb Code    42  uart.o(.text)
    UART_printf                              0x080054a1   Thumb Code    58  uart.o(.text)
    UART_GetRecv                             0x080054db   Thumb Code    26  uart.o(.text)
    USART1_IRQHandler                        0x080054f5   Thumb Code    74  uart.o(.text)
    disk_status                              0x08005551   Thumb Code     6  diskio.o(.text)
    disk_initialize                          0x08005557   Thumb Code    20  diskio.o(.text)
    disk_read                                0x0800556b   Thumb Code    36  diskio.o(.text)
    disk_write                               0x0800558f   Thumb Code    36  diskio.o(.text)
    disk_ioctl                               0x080055b3   Thumb Code   104  diskio.o(.text)
    f_mount                                  0x08006e0b   Thumb Code    90  ff.o(.text)
    f_open                                   0x08006e65   Thumb Code   528  ff.o(.text)
    f_read                                   0x08007075   Thumb Code   430  ff.o(.text)
    f_write                                  0x08007223   Thumb Code   494  ff.o(.text)
    f_sync                                   0x08007411   Thumb Code   156  ff.o(.text)
    f_close                                  0x080074ad   Thumb Code    34  ff.o(.text)
    f_lseek                                  0x080074cf   Thumb Code   686  ff.o(.text)
    f_opendir                                0x0800777d   Thumb Code   108  ff.o(.text)
    f_closedir                               0x080077e9   Thumb Code    24  ff.o(.text)
    f_readdir                                0x08007801   Thumb Code    96  ff.o(.text)
    f_stat                                   0x08007861   Thumb Code    70  ff.o(.text)
    f_getfree                                0x080078a7   Thumb Code   252  ff.o(.text)
    f_truncate                               0x080079a3   Thumb Code   178  ff.o(.text)
    f_unlink                                 0x08007a55   Thumb Code   166  ff.o(.text)
    f_mkdir                                  0x08007afb   Thumb Code   282  ff.o(.text)
    f_rename                                 0x08007c15   Thumb Code   284  ff.o(.text)
    f_getlabel                               0x08007d31   Thumb Code   210  ff.o(.text)
    f_setlabel                               0x08007e03   Thumb Code   338  ff.o(.text)
    f_mkfs                                   0x080080af   Thumb Code  1650  ff.o(.text)
    f_gets                                   0x08008721   Thumb Code    80  ff.o(.text)
    f_putc                                   0x080087f3   Thumb Code    34  ff.o(.text)
    f_puts                                   0x08008815   Thumb Code    44  ff.o(.text)
    f_printf                                 0x08008841   Thumb Code   742  ff.o(.text)
    ff_uni2oem                               0x08008b29   Thumb Code   112  ffunicode.o(.text)
    ff_oem2uni                               0x08008b99   Thumb Code   100  ffunicode.o(.text)
    ff_wtoupper                              0x08008bfd   Thumb Code   166  ffunicode.o(.text)
    vListInitialise                          0x08008cb5   Thumb Code    26  list.o(.text)
    vListInitialiseItem                      0x08008ccf   Thumb Code     6  list.o(.text)
    vListInsertEnd                           0x08008cd5   Thumb Code    24  list.o(.text)
    vListInsert                              0x08008ced   Thumb Code    52  list.o(.text)
    uxListRemove                             0x08008d21   Thumb Code    40  list.o(.text)
    xTaskCreate                              0x08008f37   Thumb Code    56  tasks.o(.text)
    vTaskDelete                              0x08008fa9   Thumb Code   198  tasks.o(.text)
    xTaskIncrementTick                       0x0800906f   Thumb Code   372  tasks.o(.text)
    xTaskResumeAll                           0x080091e3   Thumb Code   430  tasks.o(.text)
    vTaskSuspendAll                          0x0800943f   Thumb Code    12  tasks.o(.text)
    xTaskDelayUntil                          0x0800944b   Thumb Code   108  tasks.o(.text)
    vTaskDelay                               0x080094b7   Thumb Code    46  tasks.o(.text)
    uxTaskPriorityGet                        0x080094e5   Thumb Code    30  tasks.o(.text)
    uxTaskPriorityGetFromISR                 0x08009503   Thumb Code    52  tasks.o(.text)
    vTaskPrioritySet                         0x08009537   Thumb Code   338  tasks.o(.text)
    vTaskSwitchContext                       0x08009689   Thumb Code    84  tasks.o(.text)
    vTaskSuspend                             0x080096dd   Thumb Code   192  tasks.o(.text)
    vTaskResume                              0x080097f3   Thumb Code   170  tasks.o(.text)
    xTaskResumeFromISR                       0x0800989d   Thumb Code   196  tasks.o(.text)
    vTaskStartScheduler                      0x08009a13   Thumb Code    60  tasks.o(.text)
    vTaskEndScheduler                        0x08009a4f   Thumb Code   136  tasks.o(.text)
    xTaskGetTickCount                        0x08009ad7   Thumb Code     6  tasks.o(.text)
    xTaskGetTickCountFromISR                 0x08009add   Thumb Code     8  tasks.o(.text)
    uxTaskGetNumberOfTasks                   0x08009ae5   Thumb Code     6  tasks.o(.text)
    pcTaskGetName                            0x08009aeb   Thumb Code    20  tasks.o(.text)
    xTaskCatchUpTicks                        0x08009aff   Thumb Code    36  tasks.o(.text)
    vTaskPlaceOnEventList                    0x08009b23   Thumb Code    28  tasks.o(.text)
    vTaskPlaceOnUnorderedEventList           0x08009b3f   Thumb Code    78  tasks.o(.text)
    xTaskRemoveFromEventList                 0x08009b8d   Thumb Code   256  tasks.o(.text)
    vTaskRemoveFromUnorderedEventList        0x08009c8d   Thumb Code   206  tasks.o(.text)
    vTaskSetTimeOutState                     0x08009d5b   Thumb Code    26  tasks.o(.text)
    vTaskInternalSetTimeOutState             0x08009d75   Thumb Code    14  tasks.o(.text)
    xTaskCheckForTimeOut                     0x08009d83   Thumb Code    88  tasks.o(.text)
    vTaskMissedYield                         0x08009ddb   Thumb Code     8  tasks.o(.text)
    xTaskGetCurrentTaskHandle                0x08009de3   Thumb Code     6  tasks.o(.text)
    xTaskGetCurrentTaskHandleForCore         0x08009de9   Thumb Code    26  tasks.o(.text)
    uxTaskResetEventItemValue                0x08009e03   Thumb Code    24  tasks.o(.text)
    ulTaskGenericNotifyTake                  0x08009e1b   Thumb Code   210  tasks.o(.text)
    xTaskGenericNotifyWait                   0x08009eed   Thumb Code   198  tasks.o(.text)
    xTaskGenericNotify                       0x08009fb3   Thumb Code   330  tasks.o(.text)
    xTaskGenericNotifyFromISR                0x0800a0fd   Thumb Code   520  tasks.o(.text)
    vTaskGenericNotifyGiveFromISR            0x0800a305   Thumb Code   322  tasks.o(.text)
    xTaskGenericNotifyStateClear             0x0800a447   Thumb Code    58  tasks.o(.text)
    ulTaskGenericNotifyValueClear            0x0800a481   Thumb Code    58  tasks.o(.text)
    vTaskResetState                          0x0800a4bb   Thumb Code    68  tasks.o(.text)
    pvPortMalloc                             0x0800a591   Thumb Code   234  heap_4.o(.text)
    vPortFree                                0x0800a6db   Thumb Code    68  heap_4.o(.text)
    xPortGetFreeHeapSize                     0x0800a71f   Thumb Code     6  heap_4.o(.text)
    xPortGetMinimumEverFreeHeapSize          0x0800a725   Thumb Code     6  heap_4.o(.text)
    vPortInitialiseBlocks                    0x0800a72b   Thumb Code     2  heap_4.o(.text)
    pvPortCalloc                             0x0800a72d   Thumb Code    54  heap_4.o(.text)
    vPortGetHeapStats                        0x0800a763   Thumb Code   104  heap_4.o(.text)
    vPortHeapResetState                      0x0800a7cb   Thumb Code    24  heap_4.o(.text)
    pxPortInitialiseStack                    0x0800a817   Thumb Code    38  port.o(.text)
    vPortSetupTimerInterrupt                 0x0800a83d   Thumb Code    20  port.o(.text)
    xPortStartScheduler                      0x0800a851   Thumb Code    58  port.o(.text)
    vPortEndScheduler                        0x0800a88b   Thumb Code     2  port.o(.text)
    vPortEnterCritical                       0x0800a88d   Thumb Code    30  port.o(.text)
    vPortExitCritical                        0x0800a8ab   Thumb Code    28  port.o(.text)
    SysTick_Handler                          0x0800a8c7   Thumb Code    48  port.o(.text)
    __aeabi_ldivmod                          0x0800a90d   Thumb Code     0  llsdiv.o(.text)
    _ll_sdiv                                 0x0800a90d   Thumb Code    72  llsdiv.o(.text)
    vsnprintf                                0x0800a955   Thumb Code    48  vsnprintf.o(.text)
    strchr                                   0x0800a989   Thumb Code    20  strchr.o(.text)
    memcmp                                   0x0800a99d   Thumb Code    88  memcmp.o(.text)
    __aeabi_memcpy                           0x0800a9f5   Thumb Code     0  rt_memcpy_v6.o(.text)
    __rt_memcpy                              0x0800a9f5   Thumb Code   138  rt_memcpy_v6.o(.text)
    _memcpy_lastbytes                        0x0800aa5b   Thumb Code     0  rt_memcpy_v6.o(.text)
    __aeabi_memcpy4                          0x0800aa7f   Thumb Code     0  rt_memcpy_w.o(.text)
    __aeabi_memcpy8                          0x0800aa7f   Thumb Code     0  rt_memcpy_w.o(.text)
    __rt_memcpy_w                            0x0800aa7f   Thumb Code   100  rt_memcpy_w.o(.text)
    _memcpy_lastbytes_aligned                0x0800aac7   Thumb Code     0  rt_memcpy_w.o(.text)
    __aeabi_memset                           0x0800aae3   Thumb Code    16  aeabi_memset.o(.text)
    __aeabi_memclr                           0x0800aaf3   Thumb Code     0  rt_memclr.o(.text)
    __rt_memclr                              0x0800aaf3   Thumb Code    68  rt_memclr.o(.text)
    _memset                                  0x0800aaf7   Thumb Code     0  rt_memclr.o(.text)
    __aeabi_memclr4                          0x0800ab37   Thumb Code     0  rt_memclr_w.o(.text)
    __aeabi_memclr8                          0x0800ab37   Thumb Code     0  rt_memclr_w.o(.text)
    __rt_memclr_w                            0x0800ab37   Thumb Code    78  rt_memclr_w.o(.text)
    _memset_w                                0x0800ab3b   Thumb Code     0  rt_memclr_w.o(.text)
    strcmp                                   0x0800ab85   Thumb Code   128  strcmpv7m.o(.text)
    __use_two_region_memory                  0x0800ac05   Thumb Code     2  heapauxi.o(.text)
    __rt_heap_escrow$2region                 0x0800ac07   Thumb Code     2  heapauxi.o(.text)
    __rt_heap_expand$2region                 0x0800ac09   Thumb Code     2  heapauxi.o(.text)
    __aeabi_uldivmod                         0x0800ac0b   Thumb Code     0  lludivv7m.o(.text)
    _ll_udiv                                 0x0800ac0b   Thumb Code   238  lludivv7m.o(.text)
    _printf_pre_padding                      0x0800acf9   Thumb Code    44  _printf_pad.o(.text)
    _printf_post_padding                     0x0800ad25   Thumb Code    34  _printf_pad.o(.text)
    _printf_truncate_signed                  0x0800ad47   Thumb Code    18  _printf_truncate.o(.text)
    _printf_truncate_unsigned                0x0800ad59   Thumb Code    18  _printf_truncate.o(.text)
    _printf_str                              0x0800ad6b   Thumb Code    82  _printf_str.o(.text)
    _printf_int_dec                          0x0800adbd   Thumb Code   104  _printf_dec.o(.text)
    _printf_charcount                        0x0800ae35   Thumb Code    40  _printf_charcount.o(.text)
    _printf_char_common                      0x0800ae67   Thumb Code    32  _printf_char_common.o(.text)
    _sputc                                   0x0800ae8d   Thumb Code    10  _sputc.o(.text)
    _snputc                                  0x0800ae97   Thumb Code    16  _snputc.o(.text)
    _printf_wctomb                           0x0800aea9   Thumb Code   182  _printf_wctomb.o(.text)
    _printf_longlong_dec                     0x0800af65   Thumb Code   108  _printf_longlong_dec.o(.text)
    _printf_longlong_oct                     0x0800afe1   Thumb Code    66  _printf_oct_int_ll.o(.text)
    _printf_int_oct                          0x0800b023   Thumb Code    24  _printf_oct_int_ll.o(.text)
    _printf_ll_oct                           0x0800b03b   Thumb Code    12  _printf_oct_int_ll.o(.text)
    _printf_longlong_hex                     0x0800b051   Thumb Code    86  _printf_hex_int_ll_ptr.o(.text)
    _printf_int_hex                          0x0800b0a7   Thumb Code    28  _printf_hex_int_ll_ptr.o(.text)
    _printf_ll_hex                           0x0800b0c3   Thumb Code    12  _printf_hex_int_ll_ptr.o(.text)
    _printf_hex_ptr                          0x0800b0cf   Thumb Code    18  _printf_hex_int_ll_ptr.o(.text)
    __printf                                 0x0800b0e5   Thumb Code   388  __printf_flags_ss_wp.o(.text)
    _ll_udiv10                               0x0800b26d   Thumb Code   138  lludiv10.o(.text)
    _printf_int_common                       0x0800b2f7   Thumb Code   178  _printf_intcommon.o(.text)
    __lib_sel_fp_printf                      0x0800b3a9   Thumb Code     2  _printf_fp_dec.o(.text)
    _printf_fp_dec_real                      0x0800b55b   Thumb Code   620  _printf_fp_dec.o(.text)
    _printf_fp_hex_real                      0x0800b7c9   Thumb Code   756  _printf_fp_hex.o(.text)
    _printf_cs_common                        0x0800bac5   Thumb Code    20  _printf_char.o(.text)
    _printf_char                             0x0800bad9   Thumb Code    16  _printf_char.o(.text)
    _printf_string                           0x0800bae9   Thumb Code     8  _printf_char.o(.text)
    _printf_lcs_common                       0x0800baf1   Thumb Code    20  _printf_wchar.o(.text)
    _printf_wchar                            0x0800bb05   Thumb Code    16  _printf_wchar.o(.text)
    _printf_wstring                          0x0800bb15   Thumb Code     8  _printf_wchar.o(.text)
    _wcrtomb                                 0x0800bb1d   Thumb Code    64  _wcrtomb.o(.text)
    __user_setup_stackheap                   0x0800bb5d   Thumb Code    74  sys_stackheap_outer.o(.text)
    __rt_ctype_table                         0x0800bba9   Thumb Code    16  rt_ctype_table.o(.text)
    __rt_locale                              0x0800bbb9   Thumb Code     8  rt_locale_intlibspace.o(.text)
    _printf_fp_infnan                        0x0800bbc1   Thumb Code   112  _printf_fp_infnan.o(.text)
    _btod_etento                             0x0800bc41   Thumb Code   224  bigflt0.o(.text)
    exit                                     0x0800bd25   Thumb Code    18  exit.o(.text)
    __user_libspace                          0x0800bd39   Thumb Code     8  libspace.o(.text)
    __user_perproc_libspace                  0x0800bd39   Thumb Code     0  libspace.o(.text)
    __user_perthread_libspace                0x0800bd39   Thumb Code     0  libspace.o(.text)
    _sys_exit                                0x0800bd41   Thumb Code     8  sys_exit.o(.text)
    __I$use$semihosting                      0x0800bd4d   Thumb Code     0  use_no_semi.o(.text)
    __use_no_semihosting_swi                 0x0800bd4d   Thumb Code     2  use_no_semi.o(.text)
    __semihosting_library_function           0x0800bd4f   Thumb Code     0  indicate_semi.o(.text)
    _btod_d2e                                0x0800bd4f   Thumb Code    62  btod.o(CL$$btod_d2e)
    _d2e_denorm_low                          0x0800bd8d   Thumb Code    70  btod.o(CL$$btod_d2e_denorm_low)
    _d2e_norm_op1                            0x0800bdd3   Thumb Code    96  btod.o(CL$$btod_d2e_norm_op1)
    __btod_div_common                        0x0800be33   Thumb Code   696  btod.o(CL$$btod_div_common)
    _e2e                                     0x0800c16b   Thumb Code   220  btod.o(CL$$btod_e2e)
    _btod_ediv                               0x0800c247   Thumb Code    42  btod.o(CL$$btod_ediv)
    _btod_emul                               0x0800c271   Thumb Code    42  btod.o(CL$$btod_emul)
    __btod_mult_common                       0x0800c29b   Thumb Code   580  btod.o(CL$$btod_mult_common)
    __ARM_fpclassify                         0x0800c4df   Thumb Code    48  fpclassify.o(i.__ARM_fpclassify)
    _is_digit                                0x0800c50f   Thumb Code    14  __printf_wp.o(i._is_digit)
    _get_lc_numeric                          0x0800c51d   Thumb Code    44  lc_numeric_c.o(locale$$code)
    _get_lc_ctype                            0x0800c549   Thumb Code    44  lc_ctype_c.o(locale$$code)
    _fp_init                                 0x0800c575   Thumb Code    10  fpinit.o(x$fpl$fpinit)
    __fplib_config_fpu_vfp                   0x0800c57d   Thumb Code     0  fpinit.o(x$fpl$fpinit)
    __fplib_config_pureend_doubles           0x0800c57d   Thumb Code     0  fpinit.o(x$fpl$fpinit)
    _printf_fp_dec                           0x0800c57f   Thumb Code     4  printf1.o(x$fpl$printf1)
    _printf_fp_hex                           0x0800c583   Thumb Code     4  printf2.o(x$fpl$printf2)
    __I$use$fp                               0x0800c586   Number         0  usenofp.o(x$fpl$usenofp)
    g_bitrate                                0x0800c586   Data          64  vs1053.o(.constdata)
    Region$$Table$$Base                      0x080372d4   Number         0  anon$$obj.o(Region$$Table)
    Region$$Table$$Limit                     0x080372f4   Number         0  anon$$obj.o(Region$$Table)
    __ctype                                  0x0803731d   Data           0  lc_ctype_c.o(locale$$data)
    task2Handler                             0x20000000   Data           4  main.o(.data)
    task1Handler                             0x20000004   Data           4  main.o(.data)
    path                                     0x20000008   Data          64  main.o(.data)
    SystemCoreClock                          0x20000048   Data           4  system_stm32f4xx.o(.data)
    AHBPrescTable                            0x2000004c   Data          16  system_stm32f4xx.o(.data)
    TransferError                            0x20000066   Data           1  sdio_sdcard.o(.data)
    TransferEnd                              0x20000067   Data           1  sdio_sdcard.o(.data)
    tempbuff                                 0x20000068   Data           4  sdio_sdcard.o(.data)
    vsset                                    0x2000006c   Data           8  vs1053.o(.data)
    pxCurrentTCB                             0x20000088   Data           4  tasks.o(.data)
    rcc_clocks                               0x200000e8   Data          16  main.o(.bss)
    buf                                      0x200000f8   Data         512  main.o(.bss)
    rec                                      0x200002f8   Data         512  main.o(.bss)
    FILE                                     0x200004f8   Data         564  main.o(.bss)
    work                                     0x2000072c   Data        4096  main.o(.bss)
    SDIO_InitStructure                       0x20001730   Data          24  sdio_sdcard.o(.bss)
    SDIO_CmdInitStructure                    0x20001748   Data          20  sdio_sdcard.o(.bss)
    SDIO_DataInitStructure                   0x2000175c   Data          24  sdio_sdcard.o(.bss)
    SDCardInfo                               0x20001798   Data          88  sdio_sdcard.o(.bss)
    SDIO_DATA_BUFFER                         0x200017f0   Data         512  sdio_sdcard.o(.bss)
    __libspace_start                         0x200096c8   Data          96  libspace.o(.bss)
    __temporary_stack_top$libspace           0x20009728   Data           0  libspace.o(.bss)



==============================================================================

Memory Map of the image

  Image Entry point : 0x08000189

  Load Region LR_IROM1 (Base: 0x08000000, Size: 0x00037508, Max: 0x00100000, ABSOLUTE)

    Execution Region ER_IROM1 (Exec base: 0x08000000, Load base: 0x08000000, Size: 0x00037420, Max: 0x00100000, ABSOLUTE)

    Exec Addr    Load Addr    Size         Type   Attr      Idx    E Section Name        Object

    0x08000000   0x08000000   0x00000188   Data   RO          524    RESET               startup_stm32f40_41xxx_1.o
    0x08000188   0x08000188   0x00000008   Code   RO         1002  * !!!main             c_w.l(__main.o)
    0x08000190   0x08000190   0x00000034   Code   RO         1351    !!!scatter          c_w.l(__scatter.o)
    0x080001c4   0x080001c4   0x0000001a   Code   RO         1353    !!handler_copy      c_w.l(__scatter_copy.o)
    0x080001de   0x080001de   0x00000002   PAD
    0x080001e0   0x080001e0   0x0000001c   Code   RO         1355    !!handler_zi        c_w.l(__scatter_zi.o)
    0x080001fc   0x080001fc   0x00000000   Code   RO         1102    .ARM.Collect$$_printf_percent$$00000000  c_w.l(_printf_percent.o)
    0x080001fc   0x080001fc   0x00000006   Code   RO         1091    .ARM.Collect$$_printf_percent$$00000001  c_w.l(_printf_n.o)
    0x08000202   0x08000202   0x00000006   Code   RO         1093    .ARM.Collect$$_printf_percent$$00000002  c_w.l(_printf_p.o)
    0x08000208   0x08000208   0x00000006   Code   RO         1098    .ARM.Collect$$_printf_percent$$00000003  c_w.l(_printf_f.o)
    0x0800020e   0x0800020e   0x00000006   Code   RO         1099    .ARM.Collect$$_printf_percent$$00000004  c_w.l(_printf_e.o)
    0x08000214   0x08000214   0x00000006   Code   RO         1100    .ARM.Collect$$_printf_percent$$00000005  c_w.l(_printf_g.o)
    0x0800021a   0x0800021a   0x00000006   Code   RO         1101    .ARM.Collect$$_printf_percent$$00000006  c_w.l(_printf_a.o)
    0x08000220   0x08000220   0x0000000a   Code   RO         1106    .ARM.Collect$$_printf_percent$$00000007  c_w.l(_printf_ll.o)
    0x0800022a   0x0800022a   0x00000006   Code   RO         1095    .ARM.Collect$$_printf_percent$$00000008  c_w.l(_printf_i.o)
    0x08000230   0x08000230   0x00000006   Code   RO         1096    .ARM.Collect$$_printf_percent$$00000009  c_w.l(_printf_d.o)
    0x08000236   0x08000236   0x00000006   Code   RO         1097    .ARM.Collect$$_printf_percent$$0000000A  c_w.l(_printf_u.o)
    0x0800023c   0x0800023c   0x00000006   Code   RO         1094    .ARM.Collect$$_printf_percent$$0000000B  c_w.l(_printf_o.o)
    0x08000242   0x08000242   0x00000006   Code   RO         1092    .ARM.Collect$$_printf_percent$$0000000C  c_w.l(_printf_x.o)
    0x08000248   0x08000248   0x00000006   Code   RO         1103    .ARM.Collect$$_printf_percent$$0000000D  c_w.l(_printf_lli.o)
    0x0800024e   0x0800024e   0x00000006   Code   RO         1104    .ARM.Collect$$_printf_percent$$0000000E  c_w.l(_printf_lld.o)
    0x08000254   0x08000254   0x00000006   Code   RO         1105    .ARM.Collect$$_printf_percent$$0000000F  c_w.l(_printf_llu.o)
    0x0800025a   0x0800025a   0x00000006   Code   RO         1110    .ARM.Collect$$_printf_percent$$00000010  c_w.l(_printf_llo.o)
    0x08000260   0x08000260   0x00000006   Code   RO         1111    .ARM.Collect$$_printf_percent$$00000011  c_w.l(_printf_llx.o)
    0x08000266   0x08000266   0x0000000a   Code   RO         1107    .ARM.Collect$$_printf_percent$$00000012  c_w.l(_printf_l.o)
    0x08000270   0x08000270   0x00000006   Code   RO         1089    .ARM.Collect$$_printf_percent$$00000013  c_w.l(_printf_c.o)
    0x08000276   0x08000276   0x00000006   Code   RO         1090    .ARM.Collect$$_printf_percent$$00000014  c_w.l(_printf_s.o)
    0x0800027c   0x0800027c   0x00000006   Code   RO         1108    .ARM.Collect$$_printf_percent$$00000015  c_w.l(_printf_lc.o)
    0x08000282   0x08000282   0x00000006   Code   RO         1109    .ARM.Collect$$_printf_percent$$00000016  c_w.l(_printf_ls.o)
    0x08000288   0x08000288   0x00000004   Code   RO         1159    .ARM.Collect$$_printf_percent$$00000017  c_w.l(_printf_percent_end.o)
    0x0800028c   0x0800028c   0x00000002   Code   RO         1210    .ARM.Collect$$libinit$$00000000  c_w.l(libinit.o)
    0x0800028e   0x0800028e   0x00000004   Code   RO         1227    .ARM.Collect$$libinit$$00000001  c_w.l(libinit2.o)
    0x08000292   0x08000292   0x00000000   Code   RO         1230    .ARM.Collect$$libinit$$00000004  c_w.l(libinit2.o)
    0x08000292   0x08000292   0x00000000   Code   RO         1233    .ARM.Collect$$libinit$$0000000A  c_w.l(libinit2.o)
    0x08000292   0x08000292   0x00000000   Code   RO         1235    .ARM.Collect$$libinit$$0000000C  c_w.l(libinit2.o)
    0x08000292   0x08000292   0x00000000   Code   RO         1237    .ARM.Collect$$libinit$$0000000E  c_w.l(libinit2.o)
    0x08000292   0x08000292   0x00000006   Code   RO         1238    .ARM.Collect$$libinit$$0000000F  c_w.l(libinit2.o)
    0x08000298   0x08000298   0x00000000   Code   RO         1240    .ARM.Collect$$libinit$$00000011  c_w.l(libinit2.o)
    0x08000298   0x08000298   0x0000000c   Code   RO         1241    .ARM.Collect$$libinit$$00000012  c_w.l(libinit2.o)
    0x080002a4   0x080002a4   0x00000000   Code   RO         1242    .ARM.Collect$$libinit$$00000013  c_w.l(libinit2.o)
    0x080002a4   0x080002a4   0x00000000   Code   RO         1244    .ARM.Collect$$libinit$$00000015  c_w.l(libinit2.o)
    0x080002a4   0x080002a4   0x0000000a   Code   RO         1245    .ARM.Collect$$libinit$$00000016  c_w.l(libinit2.o)
    0x080002ae   0x080002ae   0x00000000   Code   RO         1246    .ARM.Collect$$libinit$$00000017  c_w.l(libinit2.o)
    0x080002ae   0x080002ae   0x00000000   Code   RO         1248    .ARM.Collect$$libinit$$00000019  c_w.l(libinit2.o)
    0x080002ae   0x080002ae   0x00000000   Code   RO         1250    .ARM.Collect$$libinit$$0000001B  c_w.l(libinit2.o)
    0x080002ae   0x080002ae   0x00000000   Code   RO         1252    .ARM.Collect$$libinit$$0000001D  c_w.l(libinit2.o)
    0x080002ae   0x080002ae   0x00000000   Code   RO         1254    .ARM.Collect$$libinit$$0000001F  c_w.l(libinit2.o)
    0x080002ae   0x080002ae   0x00000000   Code   RO         1256    .ARM.Collect$$libinit$$00000021  c_w.l(libinit2.o)
    0x080002ae   0x080002ae   0x00000000   Code   RO         1258    .ARM.Collect$$libinit$$00000023  c_w.l(libinit2.o)
    0x080002ae   0x080002ae   0x00000000   Code   RO         1260    .ARM.Collect$$libinit$$00000025  c_w.l(libinit2.o)
    0x080002ae   0x080002ae   0x00000000   Code   RO         1264    .ARM.Collect$$libinit$$0000002C  c_w.l(libinit2.o)
    0x080002ae   0x080002ae   0x00000000   Code   RO         1266    .ARM.Collect$$libinit$$0000002E  c_w.l(libinit2.o)
    0x080002ae   0x080002ae   0x00000000   Code   RO         1268    .ARM.Collect$$libinit$$00000030  c_w.l(libinit2.o)
    0x080002ae   0x080002ae   0x00000000   Code   RO         1270    .ARM.Collect$$libinit$$00000032  c_w.l(libinit2.o)
    0x080002ae   0x080002ae   0x00000002   Code   RO         1271    .ARM.Collect$$libinit$$00000033  c_w.l(libinit2.o)
    0x080002b0   0x080002b0   0x00000002   Code   RO         1301    .ARM.Collect$$libshutdown$$00000000  c_w.l(libshutdown.o)
    0x080002b2   0x080002b2   0x00000000   Code   RO         1318    .ARM.Collect$$libshutdown$$00000002  c_w.l(libshutdown2.o)
    0x080002b2   0x080002b2   0x00000000   Code   RO         1320    .ARM.Collect$$libshutdown$$00000004  c_w.l(libshutdown2.o)
    0x080002b2   0x080002b2   0x00000000   Code   RO         1323    .ARM.Collect$$libshutdown$$00000007  c_w.l(libshutdown2.o)
    0x080002b2   0x080002b2   0x00000000   Code   RO         1326    .ARM.Collect$$libshutdown$$0000000A  c_w.l(libshutdown2.o)
    0x080002b2   0x080002b2   0x00000000   Code   RO         1328    .ARM.Collect$$libshutdown$$0000000C  c_w.l(libshutdown2.o)
    0x080002b2   0x080002b2   0x00000000   Code   RO         1331    .ARM.Collect$$libshutdown$$0000000F  c_w.l(libshutdown2.o)
    0x080002b2   0x080002b2   0x00000002   Code   RO         1332    .ARM.Collect$$libshutdown$$00000010  c_w.l(libshutdown2.o)
    0x080002b4   0x080002b4   0x00000000   Code   RO         1016    .ARM.Collect$$rtentry$$00000000  c_w.l(__rtentry.o)
    0x080002b4   0x080002b4   0x00000000   Code   RO         1126    .ARM.Collect$$rtentry$$00000002  c_w.l(__rtentry2.o)
    0x080002b4   0x080002b4   0x00000006   Code   RO         1138    .ARM.Collect$$rtentry$$00000004  c_w.l(__rtentry4.o)
    0x080002ba   0x080002ba   0x00000000   Code   RO         1128    .ARM.Collect$$rtentry$$00000009  c_w.l(__rtentry2.o)
    0x080002ba   0x080002ba   0x00000004   Code   RO         1129    .ARM.Collect$$rtentry$$0000000A  c_w.l(__rtentry2.o)
    0x080002be   0x080002be   0x00000000   Code   RO         1131    .ARM.Collect$$rtentry$$0000000C  c_w.l(__rtentry2.o)
    0x080002be   0x080002be   0x00000008   Code   RO         1132    .ARM.Collect$$rtentry$$0000000D  c_w.l(__rtentry2.o)
    0x080002c6   0x080002c6   0x00000002   Code   RO         1218    .ARM.Collect$$rtexit$$00000000  c_w.l(rtexit.o)
    0x080002c8   0x080002c8   0x00000000   Code   RO         1273    .ARM.Collect$$rtexit$$00000002  c_w.l(rtexit2.o)
    0x080002c8   0x080002c8   0x00000004   Code   RO         1274    .ARM.Collect$$rtexit$$00000003  c_w.l(rtexit2.o)
    0x080002cc   0x080002cc   0x00000006   Code   RO         1275    .ARM.Collect$$rtexit$$00000004  c_w.l(rtexit2.o)
    0x080002d2   0x080002d2   0x00000002   PAD
    0x080002d4   0x080002d4   0x000000be   Code   RO          948    .emb_text           port.o
    0x08000392   0x08000392   0x00000002   PAD
    0x08000394   0x08000394   0x0000010c   Code   RO            2    .text               main.o
    0x080004a0   0x080004a0   0x00000014   Code   RO          198    .text               stm32f4xx_it.o
    0x080004b4   0x080004b4   0x00000210   Code   RO          243    .text               system_stm32f4xx.o
    0x080006c4   0x080006c4   0x00000040   Code   RO          265    .text               led.o
    0x08000704   0x08000704   0x00001cc4   Code   RO          420    .text               sdio_sdcard.o
    0x080023c8   0x080023c8   0x00000154   Code   RO          443    .text               spi.o
    0x0800251c   0x0800251c   0x000008a4   Code   RO          459    .text               vs1053.o
    0x08002dc0   0x08002dc0   0x000000e0   Code   RO          491    .text               misc.o
    0x08002ea0   0x08002ea0   0x00000294   Code   RO          507    .text               stm32f4xx_gpio.o
    0x08003134   0x08003134   0x00000040   Code   RO          525    .text               startup_stm32f40_41xxx_1.o
    0x08003174   0x08003174   0x0000065c   Code   RO          530    .text               stm32f4xx_rcc.o
    0x080037d0   0x080037d0   0x00000454   Code   RO          564    .text               stm32f4xx_usart.o
    0x08003c24   0x08003c24   0x00000ca2   Code   RO          580    .text               stm32f4xx_tim.o
    0x080048c6   0x080048c6   0x00000002   PAD
    0x080048c8   0x080048c8   0x000003a8   Code   RO          615    .text               stm32f4xx_dma.o
    0x08004c70   0x08004c70   0x000001dc   Code   RO          631    .text               stm32f4xx_sdio.o
    0x08004e4c   0x08004e4c   0x00000480   Code   RO          647    .text               stm32f4xx_spi.o
    0x080052cc   0x080052cc   0x000000cc   Code   RO          663    .text               delay.o
    0x08005398   0x08005398   0x0000000c   Code   RO          681    .text               sys.o
    0x080053a4   0x080053a4   0x000001ac   Code   RO          697    .text               uart.o
    0x08005550   0x08005550   0x000000d0   Code   RO          725    .text               diskio.o
    0x08005620   0x08005620   0x00003506   Code   RO          743    .text               ff.o
    0x08008b26   0x08008b26   0x00000002   PAD
    0x08008b28   0x08008b28   0x0000018c   Code   RO          765    .text               ffunicode.o
    0x08008cb4   0x08008cb4   0x00000094   Code   RO          830    .text               list.o
    0x08008d48   0x08008d48   0x000017f0   Code   RO          890    .text               tasks.o
    0x0800a538   0x0800a538   0x000002c8   Code   RO          933    .text               heap_4.o
    0x0800a800   0x0800a800   0x0000010c   Code   RO          949    .text               port.o
    0x0800a90c   0x0800a90c   0x00000048   Code   RO          980    .text               c_w.l(llsdiv.o)
    0x0800a954   0x0800a954   0x00000034   Code   RO          982    .text               c_w.l(vsnprintf.o)
    0x0800a988   0x0800a988   0x00000014   Code   RO          984    .text               c_w.l(strchr.o)
    0x0800a99c   0x0800a99c   0x00000058   Code   RO          986    .text               c_w.l(memcmp.o)
    0x0800a9f4   0x0800a9f4   0x0000008a   Code   RO          988    .text               c_w.l(rt_memcpy_v6.o)
    0x0800aa7e   0x0800aa7e   0x00000064   Code   RO          990    .text               c_w.l(rt_memcpy_w.o)
    0x0800aae2   0x0800aae2   0x00000010   Code   RO          992    .text               c_w.l(aeabi_memset.o)
    0x0800aaf2   0x0800aaf2   0x00000044   Code   RO          994    .text               c_w.l(rt_memclr.o)
    0x0800ab36   0x0800ab36   0x0000004e   Code   RO          996    .text               c_w.l(rt_memclr_w.o)
    0x0800ab84   0x0800ab84   0x00000080   Code   RO          998    .text               c_w.l(strcmpv7m.o)
    0x0800ac04   0x0800ac04   0x00000006   Code   RO         1000    .text               c_w.l(heapauxi.o)
    0x0800ac0a   0x0800ac0a   0x000000ee   Code   RO         1017    .text               c_w.l(lludivv7m.o)
    0x0800acf8   0x0800acf8   0x0000004e   Code   RO         1021    .text               c_w.l(_printf_pad.o)
    0x0800ad46   0x0800ad46   0x00000024   Code   RO         1023    .text               c_w.l(_printf_truncate.o)
    0x0800ad6a   0x0800ad6a   0x00000052   Code   RO         1025    .text               c_w.l(_printf_str.o)
    0x0800adbc   0x0800adbc   0x00000078   Code   RO         1027    .text               c_w.l(_printf_dec.o)
    0x0800ae34   0x0800ae34   0x00000028   Code   RO         1029    .text               c_w.l(_printf_charcount.o)
    0x0800ae5c   0x0800ae5c   0x00000030   Code   RO         1031    .text               c_w.l(_printf_char_common.o)
    0x0800ae8c   0x0800ae8c   0x0000000a   Code   RO         1033    .text               c_w.l(_sputc.o)
    0x0800ae96   0x0800ae96   0x00000010   Code   RO         1035    .text               c_w.l(_snputc.o)
    0x0800aea6   0x0800aea6   0x00000002   PAD
    0x0800aea8   0x0800aea8   0x000000bc   Code   RO         1037    .text               c_w.l(_printf_wctomb.o)
    0x0800af64   0x0800af64   0x0000007c   Code   RO         1040    .text               c_w.l(_printf_longlong_dec.o)
    0x0800afe0   0x0800afe0   0x00000070   Code   RO         1046    .text               c_w.l(_printf_oct_int_ll.o)
    0x0800b050   0x0800b050   0x00000094   Code   RO         1066    .text               c_w.l(_printf_hex_int_ll_ptr.o)
    0x0800b0e4   0x0800b0e4   0x00000188   Code   RO         1086    .text               c_w.l(__printf_flags_ss_wp.o)
    0x0800b26c   0x0800b26c   0x0000008a   Code   RO         1144    .text               c_w.l(lludiv10.o)
    0x0800b2f6   0x0800b2f6   0x000000b2   Code   RO         1146    .text               c_w.l(_printf_intcommon.o)
    0x0800b3a8   0x0800b3a8   0x0000041e   Code   RO         1148    .text               c_w.l(_printf_fp_dec.o)
    0x0800b7c6   0x0800b7c6   0x00000002   PAD
    0x0800b7c8   0x0800b7c8   0x000002fc   Code   RO         1150    .text               c_w.l(_printf_fp_hex.o)
    0x0800bac4   0x0800bac4   0x0000002c   Code   RO         1155    .text               c_w.l(_printf_char.o)
    0x0800baf0   0x0800baf0   0x0000002c   Code   RO         1157    .text               c_w.l(_printf_wchar.o)
    0x0800bb1c   0x0800bb1c   0x00000040   Code   RO         1160    .text               c_w.l(_wcrtomb.o)
    0x0800bb5c   0x0800bb5c   0x0000004a   Code   RO         1162    .text               c_w.l(sys_stackheap_outer.o)
    0x0800bba6   0x0800bba6   0x00000002   PAD
    0x0800bba8   0x0800bba8   0x00000010   Code   RO         1164    .text               c_w.l(rt_ctype_table.o)
    0x0800bbb8   0x0800bbb8   0x00000008   Code   RO         1171    .text               c_w.l(rt_locale_intlibspace.o)
    0x0800bbc0   0x0800bbc0   0x00000080   Code   RO         1173    .text               c_w.l(_printf_fp_infnan.o)
    0x0800bc40   0x0800bc40   0x000000e4   Code   RO         1175    .text               c_w.l(bigflt0.o)
    0x0800bd24   0x0800bd24   0x00000012   Code   RO         1203    .text               c_w.l(exit.o)
    0x0800bd36   0x0800bd36   0x00000002   PAD
    0x0800bd38   0x0800bd38   0x00000008   Code   RO         1215    .text               c_w.l(libspace.o)
    0x0800bd40   0x0800bd40   0x0000000c   Code   RO         1289    .text               c_w.l(sys_exit.o)
    0x0800bd4c   0x0800bd4c   0x00000002   Code   RO         1306    .text               c_w.l(use_no_semi.o)
    0x0800bd4e   0x0800bd4e   0x00000000   Code   RO         1308    .text               c_w.l(indicate_semi.o)
    0x0800bd4e   0x0800bd4e   0x0000003e   Code   RO         1178    CL$$btod_d2e        c_w.l(btod.o)
    0x0800bd8c   0x0800bd8c   0x00000046   Code   RO         1180    CL$$btod_d2e_denorm_low  c_w.l(btod.o)
    0x0800bdd2   0x0800bdd2   0x00000060   Code   RO         1179    CL$$btod_d2e_norm_op1  c_w.l(btod.o)
    0x0800be32   0x0800be32   0x00000338   Code   RO         1188    CL$$btod_div_common  c_w.l(btod.o)
    0x0800c16a   0x0800c16a   0x000000dc   Code   RO         1185    CL$$btod_e2e        c_w.l(btod.o)
    0x0800c246   0x0800c246   0x0000002a   Code   RO         1182    CL$$btod_ediv       c_w.l(btod.o)
    0x0800c270   0x0800c270   0x0000002a   Code   RO         1181    CL$$btod_emul       c_w.l(btod.o)
    0x0800c29a   0x0800c29a   0x00000244   Code   RO         1187    CL$$btod_mult_common  c_w.l(btod.o)
    0x0800c4de   0x0800c4de   0x00000030   Code   RO         1213    i.__ARM_fpclassify  m_wm.l(fpclassify.o)
    0x0800c50e   0x0800c50e   0x0000000e   Code   RO         1079    i._is_digit         c_w.l(__printf_wp.o)
    0x0800c51c   0x0800c51c   0x0000002c   Code   RO         1201    locale$$code        c_w.l(lc_numeric_c.o)
    0x0800c548   0x0800c548   0x0000002c   Code   RO         1221    locale$$code        c_w.l(lc_ctype_c.o)
    0x0800c574   0x0800c574   0x0000000a   Code   RO         1287    x$fpl$fpinit        fz_wm.l(fpinit.o)
    0x0800c57e   0x0800c57e   0x00000004   Code   RO         1116    x$fpl$printf1       fz_wm.l(printf1.o)
    0x0800c582   0x0800c582   0x00000004   Code   RO         1118    x$fpl$printf2       fz_wm.l(printf2.o)
    0x0800c586   0x0800c586   0x00000000   Code   RO         1124    x$fpl$usenofp       fz_wm.l(usenofp.o)
    0x0800c586   0x0800c586   0x00000040   Data   RO          460    .constdata          vs1053.o
    0x0800c5c6   0x0800c5c6   0x00000002   PAD
    0x0800c5c8   0x0800c5c8   0x00000058   Data   RO          745    .constdata          ff.o
    0x0800c620   0x0800c620   0x0002abb6   Data   RO          766    .constdata          ffunicode.o
    0x080371d6   0x080371d6   0x00000002   PAD
    0x080371d8   0x080371d8   0x00000008   Data   RO         1038    .constdata          c_w.l(_printf_wctomb.o)
    0x080371e0   0x080371e0   0x00000028   Data   RO         1067    .constdata          c_w.l(_printf_hex_int_ll_ptr.o)
    0x08037208   0x08037208   0x00000011   Data   RO         1087    .constdata          c_w.l(__printf_flags_ss_wp.o)
    0x08037219   0x08037219   0x00000026   Data   RO         1151    .constdata          c_w.l(_printf_fp_hex.o)
    0x0803723f   0x0803723f   0x00000001   PAD
    0x08037240   0x08037240   0x00000094   Data   RO         1176    .constdata          c_w.l(bigflt0.o)
    0x080372d4   0x080372d4   0x00000020   Data   RO         1349    Region$$Table       anon$$obj.o
    0x080372f4   0x080372f4   0x0000001c   Data   RO         1200    locale$$data        c_w.l(lc_numeric_c.o)
    0x08037310   0x08037310   0x00000110   Data   RO         1220    locale$$data        c_w.l(lc_ctype_c.o)


    Execution Region RW_IRAM1 (Exec base: 0x20000000, Load base: 0x08037420, Size: 0x00009d28, Max: 0x00020000, ABSOLUTE)

    Exec Addr    Load Addr    Size         Type   Attr      Idx    E Section Name        Object

    0x20000000   0x08037420   0x00000048   Data   RW            4    .data               main.o
    0x20000048   0x08037468   0x00000014   Data   RW          244    .data               system_stm32f4xx.o
    0x2000005c   0x0803747c   0x00000010   Data   RW          422    .data               sdio_sdcard.o
    0x2000006c   0x0803748c   0x00000008   Data   RW          461    .data               vs1053.o
    0x20000074   0x08037494   0x00000010   Data   RW          531    .data               stm32f4xx_rcc.o
    0x20000084   0x080374a4   0x00000001   Data   RW          664    .data               delay.o
    0x20000085   0x080374a5   0x00000001   PAD
    0x20000086   0x080374a6   0x00000002   Data   RW          746    .data               ff.o
    0x20000088   0x080374a8   0x00000040   Data   RW          892    .data               tasks.o
    0x200000c8   0x080374e8   0x0000001c   Data   RW          935    .data               heap_4.o
    0x200000e4   0x08037504   0x00000004   Data   RW          950    .data               port.o
    0x200000e8        -       0x00001644   Zero   RW            3    .bss                main.o
    0x2000172c   0x08037508   0x00000004   PAD
    0x20001730        -       0x000002c0   Zero   RW          421    .bss                sdio_sdcard.o
    0x200019f0        -       0x00000204   Zero   RW          698    .bss                uart.o
    0x20001bf4        -       0x0000020c   Zero   RW          744    .bss                ff.o
    0x20001e00        -       0x000000c8   Zero   RW          891    .bss                tasks.o
    0x20001ec8        -       0x00007800   Zero   RW          934    .bss                heap_4.o
    0x200096c8        -       0x00000060   Zero   RW         1216    .bss                c_w.l(libspace.o)
    0x20009728        -       0x00000200   Zero   RW          523    HEAP                startup_stm32f40_41xxx_1.o
    0x20009928        -       0x00000400   Zero   RW          522    STACK               startup_stm32f40_41xxx_1.o


==============================================================================

Image component sizes


      Code (inc. data)   RO Data    RW Data    ZI Data      Debug   Object Name

       204          8          0          1          0       1695   delay.o
       208          6          0          0          0       3262   diskio.o
         0          0          0          0          0       2572   event_groups.o
     13574        192         88          2        524      50975   ff.o
       396         28     175030          0          0       2244   ffunicode.o
       712         30          0         28      30720       5407   heap_4.o
        64          4          0          0          0        515   led.o
       148          0          0          0          0       2098   list.o
       268         80          0         72       5700     331502   main.o
       224         20          0          0          0       1797   misc.o
       458         38          0          4          0       7936   port.o
      7364        264          0         16        704      24872   sdio_sdcard.o
       340         12          0          0          0       1104   spi.o
        64         26        392          0       1536        824   startup_stm32f40_41xxx_1.o
       936         32          0          0          0       6373   stm32f4xx_dma.o
       660         44          0          0          0       4137   stm32f4xx_gpio.o
        20          0          0          0          0        935   stm32f4xx_it.o
      1628         52          0         16          0      13004   stm32f4xx_rcc.o
       476         16          0          0          0       7400   stm32f4xx_sdio.o
      1152         36          0          0          0       6885   stm32f4xx_spi.o
      3234         60          0          0          0      22992   stm32f4xx_tim.o
      1108         34          0          0          0       7860   stm32f4xx_usart.o
        12          0          0          0          0        607   sys.o
       528         46          0         20          0       1747   system_stm32f4xx.o
      6128        358          0         64        200      38207   tasks.o
       428         18          0          0        516       2909   uart.o
      2212        126         64          8          0       9598   vs1053.o

    ----------------------------------------------------------------------
     42552       1530     175610        232      39904     559457   Object Totals
         0          0         32          0          0          0   (incl. Generated)
         6          0          4          1          4          0   (incl. Padding)

    ----------------------------------------------------------------------

      Code (inc. data)   RO Data    RW Data    ZI Data      Debug   Library Member Name

         8          0          0          0          0         68   __main.o
       392          4         17          0          0         92   __printf_flags_ss_wp.o
        14          0          0          0          0         68   __printf_wp.o
         0          0          0          0          0          0   __rtentry.o
        12          0          0          0          0          0   __rtentry2.o
         6          0          0          0          0          0   __rtentry4.o
        52          8          0          0          0          0   __scatter.o
        26          0          0          0          0          0   __scatter_copy.o
        28          0          0          0          0          0   __scatter_zi.o
         6          0          0          0          0          0   _printf_a.o
         6          0          0          0          0          0   _printf_c.o
        44          0          0          0          0        108   _printf_char.o
        48          6          0          0          0         96   _printf_char_common.o
        40          0          0          0          0         68   _printf_charcount.o
         6          0          0          0          0          0   _printf_d.o
       120         16          0          0          0         92   _printf_dec.o
         6          0          0          0          0          0   _printf_e.o
         6          0          0          0          0          0   _printf_f.o
      1054          0          0          0          0        216   _printf_fp_dec.o
       764          8         38          0          0        100   _printf_fp_hex.o
       128         16          0          0          0         84   _printf_fp_infnan.o
         6          0          0          0          0          0   _printf_g.o
       148          4         40          0          0        160   _printf_hex_int_ll_ptr.o
         6          0          0          0          0          0   _printf_i.o
       178          0          0          0          0         88   _printf_intcommon.o
        10          0          0          0          0          0   _printf_l.o
         6          0          0          0          0          0   _printf_lc.o
        10          0          0          0          0          0   _printf_ll.o
         6          0          0          0          0          0   _printf_lld.o
         6          0          0          0          0          0   _printf_lli.o
         6          0          0          0          0          0   _printf_llo.o
         6          0          0          0          0          0   _printf_llu.o
         6          0          0          0          0          0   _printf_llx.o
       124         16          0          0          0         92   _printf_longlong_dec.o
         6          0          0          0          0          0   _printf_ls.o
         6          0          0          0          0          0   _printf_n.o
         6          0          0          0          0          0   _printf_o.o
       112         10          0          0          0        124   _printf_oct_int_ll.o
         6          0          0          0          0          0   _printf_p.o
        78          0          0          0          0        108   _printf_pad.o
         0          0          0          0          0          0   _printf_percent.o
         4          0          0          0          0          0   _printf_percent_end.o
         6          0          0          0          0          0   _printf_s.o
        82          0          0          0          0         80   _printf_str.o
        36          0          0          0          0         84   _printf_truncate.o
         6          0          0          0          0          0   _printf_u.o
        44          0          0          0          0        108   _printf_wchar.o
       188          6          8          0          0         92   _printf_wctomb.o
         6          0          0          0          0          0   _printf_x.o
        16          0          0          0          0         68   _snputc.o
        10          0          0          0          0         68   _sputc.o
        64          0          0          0          0         92   _wcrtomb.o
        16          0          0          0          0         68   aeabi_memset.o
       228          4        148          0          0         96   bigflt0.o
      1936        128          0          0          0        672   btod.o
        18          0          0          0          0         80   exit.o
         6          0          0          0          0        152   heapauxi.o
         0          0          0          0          0          0   indicate_semi.o
        44         10        272          0          0         76   lc_ctype_c.o
        44         10         28          0          0         76   lc_numeric_c.o
         2          0          0          0          0          0   libinit.o
        34          0          0          0          0          0   libinit2.o
         2          0          0          0          0          0   libshutdown.o
         2          0          0          0          0          0   libshutdown2.o
         8          4          0          0         96         68   libspace.o
        72          0          0          0          0         76   llsdiv.o
       138          0          0          0          0         80   lludiv10.o
       238          0          0          0          0        100   lludivv7m.o
        88          0          0          0          0         76   memcmp.o
        16          4          0          0          0         76   rt_ctype_table.o
         8          4          0          0          0         68   rt_locale_intlibspace.o
        68          0          0          0          0         68   rt_memclr.o
        78          0          0          0          0         80   rt_memclr_w.o
       138          0          0          0          0         68   rt_memcpy_v6.o
       100          0          0          0          0         80   rt_memcpy_w.o
         2          0          0          0          0          0   rtexit.o
        10          0          0          0          0          0   rtexit2.o
        20          0          0          0          0         68   strchr.o
       128          0          0          0          0         68   strcmpv7m.o
        12          4          0          0          0         68   sys_exit.o
        74          0          0          0          0         80   sys_stackheap_outer.o
         2          0          0          0          0         68   use_no_semi.o
        52          4          0          0          0         80   vsnprintf.o
        10          0          0          0          0        116   fpinit.o
         4          0          0          0          0        116   printf1.o
         4          0          0          0          0        116   printf2.o
         0          0          0          0          0          0   usenofp.o
        48          0          0          0          0        124   fpclassify.o

    ----------------------------------------------------------------------
      7622        266        552          0         96       5120   Library Totals
        12          0          1          0          0          0   (incl. Padding)

    ----------------------------------------------------------------------

      Code (inc. data)   RO Data    RW Data    ZI Data      Debug   Library Name

      7544        266        551          0         96       4648   c_w.l
        18          0          0          0          0        348   fz_wm.l
        48          0          0          0          0        124   m_wm.l

    ----------------------------------------------------------------------
      7622        266        552          0         96       5120   Library Totals

    ----------------------------------------------------------------------

==============================================================================


      Code (inc. data)   RO Data    RW Data    ZI Data      Debug   

     50174       1796     176162        232      40000     555877   Grand Totals
     50174       1796     176162        232      40000     555877   ELF Image Totals
     50174       1796     176162        232          0          0   ROM Totals

==============================================================================

    Total RO  Size (Code + RO Data)               226336 ( 221.03kB)
    Total RW  Size (RW Data + ZI Data)             40232 (  39.29kB)
    Total ROM Size (Code + RO Data + RW Data)     226568 ( 221.26kB)

==============================================================================

