Component: ARM Compiler 5.06 update 6 (build 750) Tool: armlink [4d35ed]

==============================================================================

Section Cross References

    startup_stm32f103xe.o(STACK) refers (Special) to heapauxi.o(.text) for __use_two_region_memory
    startup_stm32f103xe.o(HEAP) refers (Special) to heapauxi.o(.text) for __use_two_region_memory
    startup_stm32f103xe.o(RESET) refers (Special) to heapauxi.o(.text) for __use_two_region_memory
    startup_stm32f103xe.o(RESET) refers to startup_stm32f103xe.o(STACK) for __initial_sp
    startup_stm32f103xe.o(RESET) refers to startup_stm32f103xe.o(.text) for Reset_Handler
    startup_stm32f103xe.o(RESET) refers to stm32f1xx_it.o(i.NMI_Handler) for NMI_Handler
    startup_stm32f103xe.o(RESET) refers to stm32f1xx_it.o(i.HardFault_Handler) for HardFault_Handler
    startup_stm32f103xe.o(RESET) refers to stm32f1xx_it.o(i.MemManage_Handler) for MemManage_Handler
    startup_stm32f103xe.o(RESET) refers to stm32f1xx_it.o(i.BusFault_Handler) for BusFault_Handler
    startup_stm32f103xe.o(RESET) refers to stm32f1xx_it.o(i.UsageFault_Handler) for UsageFault_Handler
    startup_stm32f103xe.o(RESET) refers to stm32f1xx_it.o(i.SVC_Handler) for SVC_Handler
    startup_stm32f103xe.o(RESET) refers to stm32f1xx_it.o(i.DebugMon_Handler) for DebugMon_Handler
    startup_stm32f103xe.o(RESET) refers to stm32f1xx_it.o(i.PendSV_Handler) for PendSV_Handler
    startup_stm32f103xe.o(RESET) refers to stm32f1xx_it.o(i.SysTick_Handler) for SysTick_Handler
    startup_stm32f103xe.o(RESET) refers to usmart_port.o(i.TIM4_IRQHandler) for TIM4_IRQHandler
    startup_stm32f103xe.o(RESET) refers to usart.o(i.USART1_IRQHandler) for USART1_IRQHandler
    startup_stm32f103xe.o(.text) refers (Special) to heapauxi.o(.text) for __use_two_region_memory
    startup_stm32f103xe.o(.text) refers to system_stm32f1xx.o(i.SystemInit) for SystemInit
    startup_stm32f103xe.o(.text) refers to __main.o(!!!main) for __main
    startup_stm32f103xe.o(.text) refers to startup_stm32f103xe.o(HEAP) for Heap_Mem
    startup_stm32f103xe.o(.text) refers to startup_stm32f103xe.o(STACK) for Stack_Mem
    main.o(i.main) refers to _printf_pad.o(.text) for _printf_pre_padding
    main.o(i.main) refers to _printf_percent.o(.ARM.Collect$$_printf_percent$$00000000) for _printf_percent
    main.o(i.main) refers to _printf_x.o(.ARM.Collect$$_printf_percent$$0000000C) for _printf_x
    main.o(i.main) refers to _printf_hex_int.o(.text) for _printf_longlong_hex
    main.o(i.main) refers to stm32f1xx_hal.o(i.HAL_Init) for HAL_Init
    main.o(i.main) refers to sys.o(i.sys_stm32_clock_init) for sys_stm32_clock_init
    main.o(i.main) refers to delay.o(i.delay_init) for delay_init
    main.o(i.main) refers to usart.o(i.usart_init) for usart_init
    main.o(i.main) refers to led.o(i.led_init) for led_init
    main.o(i.main) refers to lcd.o(i.lcd_init) for lcd_init
    main.o(i.main) refers to key.o(i.key_init) for key_init
    main.o(i.main) refers to sram.o(i.sram_init) for sram_init
    main.o(i.main) refers to norflash.o(i.norflash_init) for norflash_init
    main.o(i.main) refers to vs10xx.o(i.vs10xx_init) for vs10xx_init
    main.o(i.main) refers to malloc.o(i.my_mem_init) for my_mem_init
    main.o(i.main) refers to exfuns.o(i.exfuns_init) for exfuns_init
    main.o(i.main) refers to ff.o(i.f_mount) for f_mount
    main.o(i.main) refers to lcd.o(i.lcd_show_string) for lcd_show_string
    main.o(i.main) refers to delay.o(i.delay_ms) for delay_ms
    main.o(i.main) refers to lcd.o(i.lcd_fill) for lcd_fill
    main.o(i.main) refers to fonts.o(i.fonts_init) for fonts_init
    main.o(i.main) refers to text.o(i.text_show_string) for text_show_string
    main.o(i.main) refers to stm32f1xx_hal_gpio.o(i.HAL_GPIO_WritePin) for HAL_GPIO_WritePin
    main.o(i.main) refers to vs10xx.o(i.vs10xx_ram_test) for vs10xx_ram_test
    main.o(i.main) refers to noretval__2printf.o(.text) for __2printf
    main.o(i.main) refers to vs10xx.o(i.vs10xx_sine_test) for vs10xx_sine_test
    main.o(i.main) refers to audioplayer.o(i.audio_play) for audio_play
    main.o(i.main) refers to usmart_config.o(.data) for usmart_dev
    main.o(i.main) refers to exfuns.o(.data) for fs
    system_stm32f1xx.o(i.SystemCoreClockUpdate) refers to system_stm32f1xx.o(.data) for SystemCoreClock
    system_stm32f1xx.o(i.SystemCoreClockUpdate) refers to system_stm32f1xx.o(.constdata) for AHBPrescTable
    stm32f1xx_it.o(i.SysTick_Handler) refers to stm32f1xx_hal.o(i.HAL_IncTick) for HAL_IncTick
    audioplayer.o(i.audio_get_tnum) refers to malloc.o(i.mymalloc) for mymalloc
    audioplayer.o(i.audio_get_tnum) refers to ff.o(i.f_opendir) for f_opendir
    audioplayer.o(i.audio_get_tnum) refers to ff.o(i.f_readdir) for f_readdir
    audioplayer.o(i.audio_get_tnum) refers to exfuns.o(i.exfuns_file_type) for exfuns_file_type
    audioplayer.o(i.audio_get_tnum) refers to malloc.o(i.myfree) for myfree
[...]
    TAMPER_IRQHandler                        0x08000247   Thumb Code     0  startup_stm32f103xe.o(.text)
    TIM1_BRK_IRQHandler                      0x08000247   Thumb Code     0  startup_stm32f103xe.o(.text)
    TIM1_CC_IRQHandler                       0x08000247   Thumb Code     0  startup_stm32f103xe.o(.text)
    TIM1_TRG_COM_IRQHandler                  0x08000247   Thumb Code     0  startup_stm32f103xe.o(.text)
    TIM1_UP_IRQHandler                       0x08000247   Thumb Code     0  startup_stm32f103xe.o(.text)
    TIM2_IRQHandler                          0x08000247   Thumb Code     0  startup_stm32f103xe.o(.text)
    TIM3_IRQHandler                          0x08000247   Thumb Code     0  startup_stm32f103xe.o(.text)
    TIM5_IRQHandler                          0x08000247   Thumb Code     0  startup_stm32f103xe.o(.text)
    TIM6_IRQHandler                          0x08000247   Thumb Code     0  startup_stm32f103xe.o(.text)
    TIM7_IRQHandler                          0x08000247   Thumb Code     0  startup_stm32f103xe.o(.text)
    TIM8_BRK_IRQHandler                      0x08000247   Thumb Code     0  startup_stm32f103xe.o(.text)
    TIM8_CC_IRQHandler                       0x08000247   Thumb Code     0  startup_stm32f103xe.o(.text)
    TIM8_TRG_COM_IRQHandler                  0x08000247   Thumb Code     0  startup_stm32f103xe.o(.text)
    TIM8_UP_IRQHandler                       0x08000247   Thumb Code     0  startup_stm32f103xe.o(.text)
    UART4_IRQHandler                         0x08000247   Thumb Code     0  startup_stm32f103xe.o(.text)
    UART5_IRQHandler                         0x08000247   Thumb Code     0  startup_stm32f103xe.o(.text)
    USART2_IRQHandler                        0x08000247   Thumb Code     0  startup_stm32f103xe.o(.text)
    USART3_IRQHandler                        0x08000247   Thumb Code     0  startup_stm32f103xe.o(.text)
    USBWakeUp_IRQHandler                     0x08000247   Thumb Code     0  startup_stm32f103xe.o(.text)
    USB_HP_CAN1_TX_IRQHandler                0x08000247   Thumb Code     0  startup_stm32f103xe.o(.text)
    USB_LP_CAN1_RX0_IRQHandler               0x08000247   Thumb Code     0  startup_stm32f103xe.o(.text)
    WWDG_IRQHandler                          0x08000247   Thumb Code     0  startup_stm32f103xe.o(.text)
    __user_initial_stackheap                 0x08000249   Thumb Code     0  startup_stm32f103xe.o(.text)
    __use_no_semihosting                     0x0800026d   Thumb Code     2  use_no_semi_2.o(.text)
    __aeabi_uldivmod                         0x0800026f   Thumb Code     0  lludivv7m.o(.text)
    _ll_udiv                                 0x0800026f   Thumb Code   238  lludivv7m.o(.text)
    __aeabi_ldivmod                          0x0800035d   Thumb Code     0  llsdiv.o(.text)
    _ll_sdiv                                 0x0800035d   Thumb Code    72  llsdiv.o(.text)
    __2printf                                0x080003a5   Thumb Code    20  noretval__2printf.o(.text)
    _printf_pre_padding                      0x080003bd   Thumb Code    44  _printf_pad.o(.text)
    _printf_post_padding                     0x080003e9   Thumb Code    34  _printf_pad.o(.text)
    _printf_str                              0x0800040b   Thumb Code    82  _printf_str.o(.text)
    _printf_int_dec                          0x0800045d   Thumb Code   104  _printf_dec.o(.text)
    _printf_int_hex                          0x080004d5   Thumb Code    84  _printf_hex_int.o(.text)
    _printf_longlong_hex                     0x080004d5   Thumb Code     0  _printf_hex_int.o(.text)
    __printf                                 0x0800052d   Thumb Code   388  __printf_flags_ss_wp.o(.text)
    strchr                                   0x080006b5   Thumb Code    20  strchr.o(.text)
    memcmp                                   0x080006c9   Thumb Code    88  memcmp.o(.text)
    strcpy                                   0x08000721   Thumb Code    72  strcpy.o(.text)
    strcat                                   0x08000769   Thumb Code    24  strcat.o(.text)
    __aeabi_memcpy                           0x08000781   Thumb Code     0  rt_memcpy_v6.o(.text)
    __rt_memcpy                              0x08000781   Thumb Code   138  rt_memcpy_v6.o(.text)
    _memcpy_lastbytes                        0x080007e7   Thumb Code     0  rt_memcpy_v6.o(.text)
    __aeabi_memcpy4                          0x0800080b   Thumb Code     0  rt_memcpy_w.o(.text)
    __aeabi_memcpy8                          0x0800080b   Thumb Code     0  rt_memcpy_w.o(.text)
    __rt_memcpy_w                            0x0800080b   Thumb Code   100  rt_memcpy_w.o(.text)
    _memcpy_lastbytes_aligned                0x08000853   Thumb Code     0  rt_memcpy_w.o(.text)
    __aeabi_memset                           0x0800086f   Thumb Code    16  aeabi_memset.o(.text)
    __aeabi_memclr                           0x0800087f   Thumb Code     0  rt_memclr.o(.text)
    __rt_memclr                              0x0800087f   Thumb Code    68  rt_memclr.o(.text)
    _memset                                  0x08000883   Thumb Code     0  rt_memclr.o(.text)
    __aeabi_memclr4                          0x080008c3   Thumb Code     0  rt_memclr_w.o(.text)
    __aeabi_memclr8                          0x080008c3   Thumb Code     0  rt_memclr_w.o(.text)
    __rt_memclr_w                            0x080008c3   Thumb Code    78  rt_memclr_w.o(.text)
    _memset_w                                0x080008c7   Thumb Code     0  rt_memclr_w.o(.text)
    strcmp                                   0x08000911   Thumb Code   128  strcmpv7m.o(.text)
    __use_two_region_memory                  0x08000991   Thumb Code     2  heapauxi.o(.text)
    __rt_heap_escrow$2region                 0x08000993   Thumb Code     2  heapauxi.o(.text)
    __rt_heap_expand$2region                 0x08000995   Thumb Code     2  heapauxi.o(.text)
    __semihosting$guard                      0x08000997   Thumb Code     0  use_no_semi.o(.text)
    __use_no_semihosting_swi                 0x08000997   Thumb Code     2  use_no_semi.o(.text)
    _printf_int_common                       0x08000999   Thumb Code   178  _printf_intcommon.o(.text)
    _printf_cs_common                        0x08000a4b   Thumb Code    20  _printf_char.o(.text)
    _printf_char                             0x08000a5f   Thumb Code    16  _printf_char.o(.text)
    _printf_string                           0x08000a6f   Thumb Code     8  _printf_char.o(.text)
    _printf_char_file                        0x08000a79   Thumb Code    32  _printf_char_file.o(.text)
    _printf_char_common                      0x08000aa7   Thumb Code    32  _printf_char_common.o(.text)
    ferror                                   0x08000acd   Thumb Code     8  ferror.o(.text)
    __user_setup_stackheap                   0x08000ad5   Thumb Code    74  sys_stackheap_outer.o(.text)
    exit                                     0x08000b1f   Thumb Code    18  exit.o(.text)
    __user_libspace                          0x08000b31   Thumb Code     8  libspace.o(.text)
    __user_perproc_libspace                  0x08000b31   Thumb Code     0  libspace.o(.text)
    __user_perthread_libspace                0x08000b31   Thumb Code     0  libspace.o(.text)
    BusFault_Handler                         0x08000b39   Thumb Code     4  stm32f1xx_it.o(i.BusFault_Handler)
    DebugMon_Handler                         0x08000b3d   Thumb Code     2  stm32f1xx_it.o(i.DebugMon_Handler)
    FSMC_NORSRAM_Extended_Timing_Init        0x08000b41   Thumb Code    62  stm32f1xx_ll_fsmc.o(i.FSMC_NORSRAM_Extended_Timing_Init)
    FSMC_NORSRAM_Init                        0x08000b85   Thumb Code   116  stm32f1xx_ll_fsmc.o(i.FSMC_NORSRAM_Init)
    FSMC_NORSRAM_Timing_Init                 0x08000bfd   Thumb Code    66  stm32f1xx_ll_fsmc.o(i.FSMC_NORSRAM_Timing_Init)
    HAL_DMA_Abort_IT                         0x08000c41   Thumb Code   414  stm32f1xx_hal_dma.o(i.HAL_DMA_Abort_IT)
    HAL_Delay                                0x08000de9   Thumb Code    12  delay.o(i.HAL_Delay)
    HAL_GPIO_Init                            0x08000df5   Thumb Code   792  stm32f1xx_hal_gpio.o(i.HAL_GPIO_Init)
    HAL_GPIO_ReadPin                         0x08001135   Thumb Code    16  stm32f1xx_hal_gpio.o(i.HAL_GPIO_ReadPin)
    HAL_GPIO_TogglePin                       0x08001145   Thumb Code    20  stm32f1xx_hal_gpio.o(i.HAL_GPIO_TogglePin)
    HAL_GPIO_WritePin                        0x08001159   Thumb Code    12  stm32f1xx_hal_gpio.o(i.HAL_GPIO_WritePin)
    HAL_GetTick                              0x08001165   Thumb Code     6  stm32f1xx_hal.o(i.HAL_GetTick)
    HAL_IncTick                              0x08001171   Thumb Code    16  stm32f1xx_hal.o(i.HAL_IncTick)
    HAL_Init                                 0x08001189   Thumb Code    34  stm32f1xx_hal.o(i.HAL_Init)
    HAL_InitTick                             0x080011b1   Thumb Code    64  stm32f1xx_hal.o(i.HAL_InitTick)
    HAL_MspInit                              0x080011fd   Thumb Code     2  stm32f1xx_hal.o(i.HAL_MspInit)
    HAL_NVIC_EnableIRQ                       0x080011ff   Thumb Code    32  stm32f1xx_hal_cortex.o(i.HAL_NVIC_EnableIRQ)
    HAL_NVIC_SetPriority                     0x0800121f   Thumb Code   124  stm32f1xx_hal_cortex.o(i.HAL_NVIC_SetPriority)
    HAL_NVIC_SetPriorityGrouping             0x0800129d   Thumb Code    32  stm32f1xx_hal_cortex.o(i.HAL_NVIC_SetPriorityGrouping)
    HAL_RCC_ClockConfig                      0x080012c5   Thumb Code   376  stm32f1xx_hal_rcc.o(i.HAL_RCC_ClockConfig)
    HAL_RCC_GetHCLKFreq                      0x08001451   Thumb Code     6  stm32f1xx_hal_rcc.o(i.HAL_RCC_GetHCLKFreq)
    HAL_RCC_GetPCLK1Freq                     0x0800145d   Thumb Code    22  stm32f1xx_hal_rcc.o(i.HAL_RCC_GetPCLK1Freq)
    HAL_RCC_GetPCLK2Freq                     0x0800147d   Thumb Code    22  stm32f1xx_hal_rcc.o(i.HAL_RCC_GetPCLK2Freq)
    HAL_RCC_GetSysClockFreq                  0x0800149d   Thumb Code   116  stm32f1xx_hal_rcc.o(i.HAL_RCC_GetSysClockFreq)
    HAL_RCC_OscConfig                        0x08001531   Thumb Code  1114  stm32f1xx_hal_rcc.o(i.HAL_RCC_OscConfig)
    HAL_SD_GetCardCSD                        0x08001995   Thumb Code   450  stm32f1xx_hal_sd.o(i.HAL_SD_GetCardCSD)
    HAL_SD_GetCardState                      0x08001b5d   Thumb Code    36  stm32f1xx_hal_sd.o(i.HAL_SD_GetCardState)
    HAL_SD_Init                              0x08001b81   Thumb Code    60  stm32f1xx_hal_sd.o(i.HAL_SD_Init)
    HAL_SD_InitCard                          0x08001bbd   Thumb Code   128  stm32f1xx_hal_sd.o(i.HAL_SD_InitCard)
    HAL_SD_MspInit                           0x08001c41   Thumb Code   310  sdio_sdcard.o(i.HAL_SD_MspInit)
    HAL_SD_ReadBlocks                        0x08001d85   Thumb Code   700  stm32f1xx_hal_sd.o(i.HAL_SD_ReadBlocks)
    HAL_SD_WriteBlocks                       0x08002045   Thumb Code   590  stm32f1xx_hal_sd.o(i.HAL_SD_WriteBlocks)
    HAL_SPI_Init                             0x08002299   Thumb Code   212  stm32f1xx_hal_spi.o(i.HAL_SPI_Init)
    HAL_SPI_MspInit                          0x0800236d   Thumb Code   322  spi.o(i.HAL_SPI_MspInit)
    HAL_SPI_TransmitReceive                  0x080024c5   Thumb Code   750  stm32f1xx_hal_spi.o(i.HAL_SPI_TransmitReceive)
    HAL_SRAM_Init                            0x080027b3   Thumb Code   102  stm32f1xx_hal_sram.o(i.HAL_SRAM_Init)
    HAL_SRAM_MspInit                         0x08002819   Thumb Code   130  lcd.o(i.HAL_SRAM_MspInit)
    HAL_SYSTICK_Config                       0x080028a9   Thumb Code    52  stm32f1xx_hal_cortex.o(i.HAL_SYSTICK_Config)
    HAL_TIM_Base_Init                        0x080028dd   Thumb Code   102  stm32f1xx_hal_tim.o(i.HAL_TIM_Base_Init)
    HAL_TIM_Base_MspInit                     0x08002943   Thumb Code     2  stm32f1xx_hal_tim.o(i.HAL_TIM_Base_MspInit)
    HAL_TIM_Base_Start_IT                    0x08002945   Thumb Code   122  stm32f1xx_hal_tim.o(i.HAL_TIM_Base_Start_IT)
    HAL_UART_ErrorCallback                   0x080029d5   Thumb Code     2  stm32f1xx_hal_uart.o(i.HAL_UART_ErrorCallback)
    HAL_UART_IRQHandler                      0x080029d9   Thumb Code   334  stm32f1xx_hal_uart.o(i.HAL_UART_IRQHandler)
    HAL_UART_Init                            0x08002b2d   Thumb Code   114  stm32f1xx_hal_uart.o(i.HAL_UART_Init)
    HAL_UART_MspInit                         0x08002ba1   Thumb Code   168  usart.o(i.HAL_UART_MspInit)
    HAL_UART_Receive_IT                      0x08002c55   Thumb Code   112  stm32f1xx_hal_uart.o(i.HAL_UART_Receive_IT)
    HAL_UART_RxCpltCallback                  0x08002cc5   Thumb Code   134  usart.o(i.HAL_UART_RxCpltCallback)
    HAL_UART_TxCpltCallback                  0x08002d61   Thumb Code     2  stm32f1xx_hal_uart.o(i.HAL_UART_TxCpltCallback)
    HardFault_Handler                        0x08002d63   Thumb Code     4  stm32f1xx_it.o(i.HardFault_Handler)
    MemManage_Handler                        0x08002d67   Thumb Code     4  stm32f1xx_it.o(i.MemManage_Handler)
    NMI_Handler                              0x08002d6b   Thumb Code     2  stm32f1xx_it.o(i.NMI_Handler)
    PendSV_Handler                           0x08002d6d   Thumb Code     2  stm32f1xx_it.o(i.PendSV_Handler)
    SDIO_ConfigData                          0x08002d99   Thumb Code    44  stm32f1xx_ll_sdmmc.o(i.SDIO_ConfigData)
    SDIO_GetCommandResponse                  0x08002dc5   Thumb Code     8  stm32f1xx_ll_sdmmc.o(i.SDIO_GetCommandResponse)
    SDIO_GetPowerState                       0x08002dcd   Thumb Code    10  stm32f1xx_ll_sdmmc.o(i.SDIO_GetPowerState)
    SDIO_GetResponse                         0x08002dd7   Thumb Code    12  stm32f1xx_ll_sdmmc.o(i.SDIO_GetResponse)
    SDIO_Init                                0x08002de3   Thumb Code    52  stm32f1xx_ll_sdmmc.o(i.SDIO_Init)
    SDIO_PowerState_ON                       0x08002e17   Thumb Code    18  stm32f1xx_ll_sdmmc.o(i.SDIO_PowerState_ON)
    SDIO_ReadFIFO                            0x08002e29   Thumb Code     8  stm32f1xx_ll_sdmmc.o(i.SDIO_ReadFIFO)
    SDIO_SendCommand                         0x08002e31   Thumb Code    40  stm32f1xx_ll_sdmmc.o(i.SDIO_SendCommand)
    SDIO_WriteFIFO                           0x08002e59   Thumb Code    12  stm32f1xx_ll_sdmmc.o(i.SDIO_WriteFIFO)
    SDMMC_CmdAppCommand                      0x08002e65   Thumb Code    56  stm32f1xx_ll_sdmmc.o(i.SDMMC_CmdAppCommand)
    SDMMC_CmdAppOperCommand                  0x08002e9d   Thumb Code    54  stm32f1xx_ll_sdmmc.o(i.SDMMC_CmdAppOperCommand)
    SDMMC_CmdBlockLength                     0x08002ed9   Thumb Code    56  stm32f1xx_ll_sdmmc.o(i.SDMMC_CmdBlockLength)
    SDMMC_CmdGoIdleState                     0x08002f11   Thumb Code    44  stm32f1xx_ll_sdmmc.o(i.SDMMC_CmdGoIdleState)
    SDMMC_CmdOperCond                        0x08002f3d   Thumb Code    52  stm32f1xx_ll_sdmmc.o(i.SDMMC_CmdOperCond)
    SDMMC_CmdReadMultiBlock                  0x08002f71   Thumb Code    56  stm32f1xx_ll_sdmmc.o(i.SDMMC_CmdReadMultiBlock)
    SDMMC_CmdReadSingleBlock                 0x08002fa9   Thumb Code    56  stm32f1xx_ll_sdmmc.o(i.SDMMC_CmdReadSingleBlock)
    SDMMC_CmdSelDesel                        0x08002fe1   Thumb Code    58  stm32f1xx_ll_sdmmc.o(i.SDMMC_CmdSelDesel)
    SDMMC_CmdSendCID                         0x0800301b   Thumb Code    50  stm32f1xx_ll_sdmmc.o(i.SDMMC_CmdSendCID)
    SDMMC_CmdSendCSD                         0x0800304d   Thumb Code    50  stm32f1xx_ll_sdmmc.o(i.SDMMC_CmdSendCSD)
    SDMMC_CmdSendStatus                      0x0800307f   Thumb Code    56  stm32f1xx_ll_sdmmc.o(i.SDMMC_CmdSendStatus)
    SDMMC_CmdSetRelAdd                       0x080030b7   Thumb Code    56  stm32f1xx_ll_sdmmc.o(i.SDMMC_CmdSetRelAdd)
    SDMMC_CmdStopTransfer                    0x080030f1   Thumb Code    54  stm32f1xx_ll_sdmmc.o(i.SDMMC_CmdStopTransfer)
    SDMMC_CmdWriteMultiBlock                 0x0800312d   Thumb Code    56  stm32f1xx_ll_sdmmc.o(i.SDMMC_CmdWriteMultiBlock)
    SDMMC_CmdWriteSingleBlock                0x08003165   Thumb Code    56  stm32f1xx_ll_sdmmc.o(i.SDMMC_CmdWriteSingleBlock)
    SPI_ISCRCErrorValid                      0x08003791   Thumb Code     6  stm32f1xx_hal_spi.o(i.SPI_ISCRCErrorValid)
    SVC_Handler                              0x08003871   Thumb Code     2  stm32f1xx_it.o(i.SVC_Handler)
    SysTick_Handler                          0x08003873   Thumb Code     8  stm32f1xx_it.o(i.SysTick_Handler)
    SystemInit                               0x0800387b   Thumb Code     2  system_stm32f1xx.o(i.SystemInit)
    TIM4_IRQHandler                          0x0800387d   Thumb Code    58  usmart_port.o(i.TIM4_IRQHandler)
    TIM_Base_SetConfig                       0x080038c1   Thumb Code   134  stm32f1xx_hal_tim.o(i.TIM_Base_SetConfig)
    USART1_IRQHandler                        0x08003bad   Thumb Code    10  usart.o(i.USART1_IRQHandler)
    UsageFault_Handler                       0x08003bbd   Thumb Code     4  stm32f1xx_it.o(i.UsageFault_Handler)
    _is_digit                                0x08003bf9   Thumb Code    14  __printf_wp.o(i._is_digit)
    _sys_exit                                0x08003c07   Thumb Code     4  usart.o(i._sys_exit)
    audio_get_tnum                           0x08003c0b   Thumb Code    94  audioplayer.o(i.audio_get_tnum)
    audio_index_show                         0x08003c69   Thumb Code    82  audioplayer.o(i.audio_index_show)
    audio_msg_show                           0x08003cbd   Thumb Code   376  audioplayer.o(i.audio_msg_show)
    audio_play                               0x08003e49   Thumb Code   580  audioplayer.o(i.audio_play)
    audio_play_song                          0x080040e1   Thumb Code   368  audioplayer.o(i.audio_play_song)
    audio_vol_show                           0x08004259   Thumb Code    58  audioplayer.o(i.audio_vol_show)
    delay_init                               0x08004a75   Thumb Code     6  delay.o(i.delay_init)
    delay_ms                                 0x08004a81   Thumb Code    18  delay.o(i.delay_ms)
    delay_us                                 0x08004a95   Thumb Code    68  delay.o(i.delay_us)
    dir_sdi                                  0x080051cf   Thumb Code   170  ff.o(i.dir_sdi)
    disk_initialize                          0x08005279   Thumb Code    44  diskio.o(i.disk_initialize)
    disk_ioctl                               0x080052a5   Thumb Code   176  diskio.o(i.disk_ioctl)
    disk_read                                0x08005359   Thumb Code   126  diskio.o(i.disk_read)
    disk_status                              0x080053d7   Thumb Code     6  diskio.o(i.disk_status)
    disk_write                               0x080053dd   Thumb Code   126  diskio.o(i.disk_write)
    exfuns_char_upper                        0x0800545b   Thumb Code    26  exfuns.o(i.exfuns_char_upper)
    exfuns_file_type                         0x08005475   Thumb Code   186  exfuns.o(i.exfuns_file_type)
    exfuns_init                              0x08005535   Thumb Code    64  exfuns.o(i.exfuns_init)
    f_close                                  0x08005579   Thumb Code    38  ff.o(i.f_close)
    f_mount                                  0x080055a1   Thumb Code    80  ff.o(i.f_mount)
    f_open                                   0x080055f5   Thumb Code   786  ff.o(i.f_open)
    f_opendir                                0x08005907   Thumb Code   184  ff.o(i.f_opendir)
    f_read                                   0x080059bf   Thumb Code   552  ff.o(i.f_read)
    f_readdir                                0x08005be7   Thumb Code   112  ff.o(i.f_readdir)
    f_sync                                   0x08005c57   Thumb Code   424  ff.o(i.f_sync)
    ff_memalloc                              0x08005dff   Thumb Code    14  ffsystem.o(i.ff_memalloc)
    ff_memfree                               0x08005e0d   Thumb Code    14  ffsystem.o(i.ff_memfree)
    ff_oem2uni                               0x08005e1d   Thumb Code   130  myffunicode.o(i.ff_oem2uni)
    ff_uni2oem                               0x08005ea5   Thumb Code   126  myffunicode.o(i.ff_uni2oem)
    ff_wtoupper                              0x08005f29   Thumb Code   166  myffunicode.o(i.ff_wtoupper)
    fonts_init                               0x08006235   Thumb Code    60  fonts.o(i.fonts_init)
    fputc                                    0x08006275   Thumb Code    24  usart.o(i.fputc)
    get_fattime                              0x080064f9   Thumb Code     4  ffsystem.o(i.get_fattime)
    get_sd_card_state                        0x080067c5   Thumb Code    20  sdio_sdcard.o(i.get_sd_card_state)
    key_init                                 0x08006811   Thumb Code   226  key.o(i.key_init)
    key_scan                                 0x08006901   Thumb Code   184  key.o(i.key_scan)
    lcd_clear                                0x080069c5   Thumb Code    42  lcd.o(i.lcd_clear)
    lcd_display_dir                          0x080069f9   Thumb Code   360  lcd.o(i.lcd_display_dir)
    lcd_draw_point                           0x08006b65   Thumb Code    26  lcd.o(i.lcd_draw_point)
    lcd_ex_ili9341_reginit                   0x08006b85   Thumb Code   556  lcd.o(i.lcd_ex_ili9341_reginit)
    lcd_ex_ili9806_reginit                   0x08006db1   Thumb Code   832  lcd.o(i.lcd_ex_ili9806_reginit)
    lcd_ex_nt35310_reginit                   0x080070f1   Thumb Code  3826  lcd.o(i.lcd_ex_nt35310_reginit)
    lcd_ex_nt35510_reginit                   0x08007fe3   Thumb Code  3950  lcd.o(i.lcd_ex_nt35510_reginit)
    lcd_ex_ssd1963_reginit                   0x08008f51   Thumb Code   366  lcd.o(i.lcd_ex_ssd1963_reginit)
    lcd_ex_st7789_reginit                    0x080090bf   Thumb Code   424  lcd.o(i.lcd_ex_st7789_reginit)
    lcd_ex_st7796_reginit                    0x08009267   Thumb Code   454  lcd.o(i.lcd_ex_st7796_reginit)
    lcd_fill                                 0x0800942d   Thumb Code    80  lcd.o(i.lcd_fill)
    lcd_init                                 0x08009481   Thumb Code  1120  lcd.o(i.lcd_init)
    lcd_scan_dir                             0x08009925   Thumb Code   568  lcd.o(i.lcd_scan_dir)
    lcd_set_cursor                           0x08009b61   Thumb Code   282  lcd.o(i.lcd_set_cursor)
    lcd_show_char                            0x08009c81   Thumb Code   294  lcd.o(i.lcd_show_char)
    lcd_show_string                          0x08009dc1   Thumb Code   106  lcd.o(i.lcd_show_string)
    lcd_show_xnum                            0x08009e2b   Thumb Code   198  lcd.o(i.lcd_show_xnum)
    lcd_ssd_backlight_set                    0x08009ef1   Thumb Code    80  lcd.o(i.lcd_ssd_backlight_set)
    lcd_wr_data                              0x08009f45   Thumb Code    18  lcd.o(i.lcd_wr_data)
    lcd_wr_regno                             0x08009f5d   Thumb Code    18  lcd.o(i.lcd_wr_regno)
    lcd_write_ram_prepare                    0x08009f75   Thumb Code    10  lcd.o(i.lcd_write_ram_prepare)
    lcd_write_reg                            0x08009f89   Thumb Code    10  lcd.o(i.lcd_write_reg)
    led_init                                 0x0800a045   Thumb Code   132  led.o(i.led_init)
    main                                     0x0800a225   Thumb Code   430  main.o(i.main)
    mf_free                                  0x0800a48d   Thumb Code    26  fattester.o(i.mf_free)
    mf_init                                  0x0800a4ad   Thumb Code    58  fattester.o(i.mf_init)
    my_mem_init                              0x0800aa01   Thumb Code    38  malloc.o(i.my_mem_init)
    my_mem_perused                           0x0800aad9   Thumb Code    56  malloc.o(i.my_mem_perused)
    my_mem_set                               0x0800ab19   Thumb Code    20  malloc.o(i.my_mem_set)
    myfree                                   0x0800ab2d   Thumb Code    30  malloc.o(i.myfree)
    mymalloc                                 0x0800ab51   Thumb Code    34  malloc.o(i.mymalloc)
    norflash_erase_sector                    0x0800ab79   Thumb Code    62  norflash.o(i.norflash_erase_sector)
    norflash_init                            0x0800abbd   Thumb Code   172  norflash.o(i.norflash_init)
    norflash_read                            0x0800ac75   Thumb Code    76  norflash.o(i.norflash_read)
    norflash_read_id                         0x0800acc5   Thumb Code    76  norflash.o(i.norflash_read_id)
    norflash_read_sr                         0x0800ad15   Thumb Code    88  norflash.o(i.norflash_read_sr)
    norflash_write                           0x0800adb9   Thumb Code   180  norflash.o(i.norflash_write)
    norflash_write_enable                    0x0800ae71   Thumb Code    40  norflash.o(i.norflash_write_enable)
    norflash_write_sr                        0x0800af3d   Thumb Code    84  norflash.o(i.norflash_write_sr)
    read_addr                                0x0800b227   Thumb Code     6  usmart.o(i.read_addr)
    sd_init                                  0x0800b379   Thumb Code    48  sdio_sdcard.o(i.sd_init)
    sd_read_disk                             0x0800b3b1   Thumb Code    72  sdio_sdcard.o(i.sd_read_disk)
    sd_write_disk                            0x0800b401   Thumb Code    72  sdio_sdcard.o(i.sd_write_disk)
    spi1_init                                0x0800b451   Thumb Code   110  spi.o(i.spi1_init)
    spi1_read_write_byte                     0x0800b4cd   Thumb Code    50  spi.o(i.spi1_read_write_byte)
    spi1_set_speed                           0x0800b505   Thumb Code    72  spi.o(i.spi1_set_speed)
    spi2_init                                0x0800b551   Thumb Code   110  spi.o(i.spi2_init)
    spi2_read_write_byte                     0x0800b5cd   Thumb Code    28  spi.o(i.spi2_read_write_byte)
    spi2_set_speed                           0x0800b5ed   Thumb Code    68  spi.o(i.spi2_set_speed)
    sram_init                                0x0800b635   Thumb Code   422  sram.o(i.sram_init)
    sys_stm32_clock_init                     0x0800ba07   Thumb Code   102  sys.o(i.sys_stm32_clock_init)
    text_show_font                           0x0800bb99   Thumb Code   218  text.o(i.text_show_font)
    text_show_string                         0x0800bc79   Thumb Code   198  text.o(i.text_show_string)
    usart_init                               0x0800bd41   Thumb Code    44  usart.o(i.usart_init)
    usmart_cmd_rec                           0x0800bd79   Thumb Code   170  usmart.o(i.usmart_cmd_rec)
    usmart_exe                               0x0800be29   Thumb Code   632  usmart.o(i.usmart_exe)
    usmart_get_aparm                         0x0800c0fd   Thumb Code   212  usmart_str.o(i.usmart_get_aparm)
    usmart_get_cmdname                       0x0800c1d1   Thumb Code    54  usmart_str.o(i.usmart_get_cmdname)
    usmart_get_fname                         0x0800c209   Thumb Code   440  usmart_str.o(i.usmart_get_fname)
    usmart_get_fparam                        0x0800c3c9   Thumb Code   262  usmart_str.o(i.usmart_get_fparam)
    usmart_get_input_string                  0x0800c4d5   Thumb Code    30  usmart_port.o(i.usmart_get_input_string)
    usmart_get_parmpos                       0x0800c4fd   Thumb Code    26  usmart_str.o(i.usmart_get_parmpos)
    usmart_init                              0x0800c51d   Thumb Code    36  usmart.o(i.usmart_init)
    usmart_pow                               0x0800c545   Thumb Code    22  usmart_str.o(i.usmart_pow)
    usmart_scan                              0x0800c55d   Thumb Code   106  usmart.o(i.usmart_scan)
    usmart_search_nextc                      0x0800c605   Thumb Code    22  usmart_str.o(i.usmart_search_nextc)
    usmart_str2num                           0x0800c61b   Thumb Code   262  usmart_str.o(i.usmart_str2num)
    usmart_strcmp                            0x0800c721   Thumb Code    34  usmart_str.o(i.usmart_strcmp)
    usmart_strcopy                           0x0800c743   Thumb Code    22  usmart_str.o(i.usmart_strcopy)
    usmart_strlen                            0x0800c759   Thumb Code    24  usmart_str.o(i.usmart_strlen)
    usmart_sys_cmd_exe                       0x0800c771   Thumb Code  1570  usmart.o(i.usmart_sys_cmd_exe)
    usmart_timx_get_time                     0x0800ce65   Thumb Code    58  usmart_port.o(i.usmart_timx_get_time)
    usmart_timx_init                         0x0800cea9   Thumb Code    84  usmart_port.o(i.usmart_timx_init)
    usmart_timx_reset_time                   0x0800cf09   Thumb Code    44  usmart_port.o(i.usmart_timx_reset_time)
    vs10xx_get_bitrate                       0x0800cf79   Thumb Code   160  vs10xx.o(i.vs10xx_get_bitrate)
    vs10xx_get_byterate                      0x0800d01d   Thumb Code    12  vs10xx.o(i.vs10xx_get_byterate)
    vs10xx_get_decode_time                   0x0800d029   Thumb Code    16  vs10xx.o(i.vs10xx_get_decode_time)
    vs10xx_init                              0x0800d045   Thumb Code   206  vs10xx.o(i.vs10xx_init)
    vs10xx_load_patch                        0x0800d125   Thumb Code   112  vs10xx.o(i.vs10xx_load_patch)
    vs10xx_ram_test                          0x0800d195   Thumb Code   126  vs10xx.o(i.vs10xx_ram_test)
    vs10xx_read_reg                          0x0800d235   Thumb Code   114  vs10xx.o(i.vs10xx_read_reg)
    vs10xx_reset                             0x0800d2b1   Thumb Code   112  vs10xx.o(i.vs10xx_reset)
    vs10xx_reset_decode_time                 0x0800d32d   Thumb Code    20  vs10xx.o(i.vs10xx_reset_decode_time)
    vs10xx_restart_play                      0x0800d341   Thumb Code   182  vs10xx.o(i.vs10xx_restart_play)
    vs10xx_send_music_data                   0x0800d3f9   Thumb Code    70  vs10xx.o(i.vs10xx_send_music_data)
    vs10xx_set_all                           0x0800d449   Thumb Code    42  vs10xx.o(i.vs10xx_set_all)
    vs10xx_set_effect                        0x0800d479   Thumb Code    50  vs10xx.o(i.vs10xx_set_effect)
    vs10xx_set_speaker                       0x0800d4ab   Thumb Code    26  vs10xx.o(i.vs10xx_set_speaker)
    vs10xx_set_tone                          0x0800d4c5   Thumb Code    82  vs10xx.o(i.vs10xx_set_tone)
    vs10xx_set_volume                        0x0800d517   Thumb Code    38  vs10xx.o(i.vs10xx_set_volume)
    vs10xx_sine_test                         0x0800d53d   Thumb Code   376  vs10xx.o(i.vs10xx_sine_test)
    vs10xx_soft_reset                        0x0800d6bd   Thumb Code   136  vs10xx.o(i.vs10xx_soft_reset)
    vs10xx_spi_read_write_byte               0x0800d749   Thumb Code    12  vs10xx.o(i.vs10xx_spi_read_write_byte)
    vs10xx_spi_speed_high                    0x0800d755   Thumb Code    10  vs10xx.o(i.vs10xx_spi_speed_high)
    vs10xx_spi_speed_low                     0x0800d75f   Thumb Code    10  vs10xx.o(i.vs10xx_spi_speed_low)
    vs10xx_write_cmd                         0x0800d769   Thumb Code    98  vs10xx.o(i.vs10xx_write_cmd)
    write_addr                               0x0800d801   Thumb Code     4  usmart.o(i.write_addr)
    __aeabi_d2uiz                            0x0800d88d   Thumb Code     0  dfixu.o(x$fpl$dfixu)
    _dfixu                                   0x0800d88d   Thumb Code    90  dfixu.o(x$fpl$dfixu)
    __aeabi_ui2d                             0x0800d8e7   Thumb Code     0  dflt_clz.o(x$fpl$dfltu)
    _dfltu                                   0x0800d8e7   Thumb Code    38  dflt_clz.o(x$fpl$dfltu)
    __aeabi_dmul                             0x0800d90d   Thumb Code     0  dmul.o(x$fpl$dmul)
    _dmul                                    0x0800d90d   Thumb Code   332  dmul.o(x$fpl$dmul)
    __fpl_dnaninf                            0x0800da61   Thumb Code   156  dnaninf.o(x$fpl$dnaninf)
    __fpl_dretinf                            0x0800dafd   Thumb Code    12  dretinf.o(x$fpl$dretinf)
    AHBPrescTable                            0x0800db08   Data          16  system_stm32f1xx.o(.constdata)
    __I$use$fp                               0x0800db08   Number         0  usenofp.o(x$fpl$usenofp)
    APBPrescTable                            0x0800db18   Data           8  system_stm32f1xx.o(.constdata)
    asc2_1206                                0x08010592   Data        1140  lcd.o(.constdata)
    asc2_1608                                0x08010a06   Data        1520  lcd.o(.constdata)
    asc2_2412                                0x08010ff6   Data        3420  lcd.o(.constdata)
    asc2_3216                                0x08011d52   Data        6080  lcd.o(.constdata)
    g_bitrate                                0x08013512   Data          64  vs10xx.o(.constdata)
    memtblsize                               0x08013554   Data           8  malloc.o(.constdata)
    memblksize                               0x0801355c   Data           8  malloc.o(.constdata)
    memsize                                  0x08013564   Data           8  malloc.o(.constdata)
    FILE_TYPE_TBL                            0x080135c4   Data         196  exfuns.o(.constdata)
    Region$$Table$$Base                      0x08013b84   Number         0  anon$$obj.o(Region$$Table)
    Region$$Table$$Limit                     0x08013ba4   Number         0  anon$$obj.o(Region$$Table)
    SystemCoreClock                          0x20000000   Data           4  system_stm32f1xx.o(.data)
    __stdout                                 0x2000000c   Data           4  usart.o(.data)
    g_usart_rx_sta                           0x20000010   Data           2  usart.o(.data)
    g_rx_buffer                              0x20000012   Data           1  usart.o(.data)
    uwTick                                   0x20000014   Data           4  stm32f1xx_hal.o(.data)
    uwTickPrio                               0x20000018   Data           4  stm32f1xx_hal.o(.data)
    uwTickFreq                               0x2000001c   Data           1  stm32f1xx_hal.o(.data)
    g_point_color                            0x20000020   Data           4  lcd.o(.data)
    g_back_color                             0x20000024   Data           4  lcd.o(.data)
    g_norflash_type                          0x2000002a   Data           2  norflash.o(.data)
    vsset                                    0x2000002c   Data           8  vs10xx.o(.data)
    mallco_dev                               0x20000034   Data          28  malloc.o(.data)
    fs                                       0x2000005c   Data           8  exfuns.o(.data)
    sys_cmd_tab                              0x20000064   Data          28  usmart.o(.data)
    usmart_nametab                           0x20000080   Data          80  usmart_config.o(.data)
    usmart_dev                               0x200000d0   Data         244  usmart_config.o(.data)
    g_usart_rx_buf                           0x200001c4   Data         200  usart.o(.bss)
    g_uart1_handle                           0x2000028c   Data          64  usart.o(.bss)
    g_sram_handle                            0x200002cc   Data          72  lcd.o(.bss)
    lcddev                                   0x20000314   Data          14  lcd.o(.bss)
    g_sram_handler                           0x20000324   Data          72  sram.o(.bss)
    g_sdcard_handler                         0x2000036c   Data         132  sdio_sdcard.o(.bss)
    g_sd_card_info_handle                    0x200003f0   Data          32  sdio_sdcard.o(.bss)
    g_spi2_handler                           0x20000410   Data          88  spi.o(.bss)
    g_spi1_handler                           0x20000468   Data          88  spi.o(.bss)
    g_norflash_buf                           0x200004c0   Data        4096  norflash.o(.bss)
    fattester                                0x2000bec0   Data         384  fattester.o(.bss)
    ftinfo                                   0x2000c040   Data          33  fonts.o(.bss)
    g_timx_usmart_handle                     0x2000c064   Data          72  usmart_port.o(.bss)
    __libspace_start                         0x2000c0ac   Data          96  libspace.o(.bss)
    __temporary_stack_top$libspace           0x2000c10c   Data           0  libspace.o(.bss)



==============================================================================

Memory Map of the image

  Image Entry point : 0x08000131

  Load Region LR_IROM1 (Base: 0x08000000, Size: 0x00013d68, Max: 0x00080000, ABSOLUTE, COMPRESSED[0x00013c48])

    Execution Region ER_IROM1 (Exec base: 0x08000000, Load base: 0x08000000, Size: 0x00013ba4, Max: 0x00080000, ABSOLUTE)

    Exec Addr    Load Addr    Size         Type   Attr      Idx    E Section Name        Object

    0x08000000   0x08000000   0x00000130   Data   RO            3    RESET               startup_stm32f103xe.o
    0x08000130   0x08000130   0x00000008   Code   RO         6880  * !!!main             c_w.l(__main.o)
    0x08000138   0x08000138   0x00000034   Code   RO         7111    !!!scatter          c_w.l(__scatter.o)
    0x0800016c   0x0800016c   0x0000005a   Code   RO         7109    !!dczerorl2         c_w.l(__dczerorl2.o)
    0x080001c6   0x080001c6   0x00000002   PAD
    0x080001c8   0x080001c8   0x0000001c   Code   RO         7113    !!handler_zi        c_w.l(__scatter_zi.o)
    0x080001e4   0x080001e4   0x00000000   Code   RO         6854    .ARM.Collect$$_printf_percent$$00000000  c_w.l(_printf_percent.o)
    0x080001e4   0x080001e4   0x00000006   Code   RO         6852    .ARM.Collect$$_printf_percent$$00000009  c_w.l(_printf_d.o)
    0x080001ea   0x080001ea   0x00000006   Code   RO         6853    .ARM.Collect$$_printf_percent$$0000000A  c_w.l(_printf_u.o)
    0x080001f0   0x080001f0   0x00000006   Code   RO         6851    .ARM.Collect$$_printf_percent$$0000000C  c_w.l(_printf_x.o)
    0x080001f6   0x080001f6   0x00000006   Code   RO         6849    .ARM.Collect$$_printf_percent$$00000013  c_w.l(_printf_c.o)
    0x080001fc   0x080001fc   0x00000006   Code   RO         6850    .ARM.Collect$$_printf_percent$$00000014  c_w.l(_printf_s.o)
    0x08000202   0x08000202   0x00000004   Code   RO         6937    .ARM.Collect$$_printf_percent$$00000017  c_w.l(_printf_percent_end.o)
    0x08000206   0x08000206   0x00000002   Code   RO         6988    .ARM.Collect$$libinit$$00000000  c_w.l(libinit.o)
    0x08000208   0x08000208   0x00000000   Code   RO         7001    .ARM.Collect$$libinit$$00000002  c_w.l(libinit2.o)
    0x08000208   0x08000208   0x00000000   Code   RO         7003    .ARM.Collect$$libinit$$00000004  c_w.l(libinit2.o)
    0x08000208   0x08000208   0x00000000   Code   RO         7006    .ARM.Collect$$libinit$$0000000A  c_w.l(libinit2.o)
    0x08000208   0x08000208   0x00000000   Code   RO         7008    .ARM.Collect$$libinit$$0000000C  c_w.l(libinit2.o)
    0x08000208   0x08000208   0x00000000   Code   RO         7010    .ARM.Collect$$libinit$$0000000E  c_w.l(libinit2.o)
    0x08000208   0x08000208   0x00000000   Code   RO         7013    .ARM.Collect$$libinit$$00000011  c_w.l(libinit2.o)
    0x08000208   0x08000208   0x00000000   Code   RO         7015    .ARM.Collect$$libinit$$00000013  c_w.l(libinit2.o)
    0x08000208   0x08000208   0x00000000   Code   RO         7017    .ARM.Collect$$libinit$$00000015  c_w.l(libinit2.o)
    0x08000208   0x08000208   0x00000000   Code   RO         7019    .ARM.Collect$$libinit$$00000017  c_w.l(libinit2.o)
    0x08000208   0x08000208   0x00000000   Code   RO         7021    .ARM.Collect$$libinit$$00000019  c_w.l(libinit2.o)
    0x08000208   0x08000208   0x00000000   Code   RO         7023    .ARM.Collect$$libinit$$0000001B  c_w.l(libinit2.o)
    0x08000208   0x08000208   0x00000000   Code   RO         7025    .ARM.Collect$$libinit$$0000001D  c_w.l(libinit2.o)
    0x08000208   0x08000208   0x00000000   Code   RO         7027    .ARM.Collect$$libinit$$0000001F  c_w.l(libinit2.o)
    0x08000208   0x08000208   0x00000000   Code   RO         7029    .ARM.Collect$$libinit$$00000021  c_w.l(libinit2.o)
    0x08000208   0x08000208   0x00000000   Code   RO         7031    .ARM.Collect$$libinit$$00000023  c_w.l(libinit2.o)
    0x08000208   0x08000208   0x00000000   Code   RO         7033    .ARM.Collect$$libinit$$00000025  c_w.l(libinit2.o)
    0x08000208   0x08000208   0x00000000   Code   RO         7037    .ARM.Collect$$libinit$$0000002C  c_w.l(libinit2.o)
    0x08000208   0x08000208   0x00000000   Code   RO         7039    .ARM.Collect$$libinit$$0000002E  c_w.l(libinit2.o)
    0x08000208   0x08000208   0x00000000   Code   RO         7041    .ARM.Collect$$libinit$$00000030  c_w.l(libinit2.o)
    0x08000208   0x08000208   0x00000000   Code   RO         7043    .ARM.Collect$$libinit$$00000032  c_w.l(libinit2.o)
    0x08000208   0x08000208   0x00000002   Code   RO         7044    .ARM.Collect$$libinit$$00000033  c_w.l(libinit2.o)
    0x0800020a   0x0800020a   0x00000002   Code   RO         7068    .ARM.Collect$$libshutdown$$00000000  c_w.l(libshutdown.o)
    0x0800020c   0x0800020c   0x00000000   Code   RO         7092    .ARM.Collect$$libshutdown$$00000002  c_w.l(libshutdown2.o)
    0x0800020c   0x0800020c   0x00000000   Code   RO         7094    .ARM.Collect$$libshutdown$$00000004  c_w.l(libshutdown2.o)
    0x0800020c   0x0800020c   0x00000000   Code   RO         7097    .ARM.Collect$$libshutdown$$00000007  c_w.l(libshutdown2.o)
    0x0800020c   0x0800020c   0x00000000   Code   RO         7100    .ARM.Collect$$libshutdown$$0000000A  c_w.l(libshutdown2.o)
    0x0800020c   0x0800020c   0x00000000   Code   RO         7102    .ARM.Collect$$libshutdown$$0000000C  c_w.l(libshutdown2.o)
    0x0800020c   0x0800020c   0x00000000   Code   RO         7105    .ARM.Collect$$libshutdown$$0000000F  c_w.l(libshutdown2.o)
    0x0800020c   0x0800020c   0x00000002   Code   RO         7106    .ARM.Collect$$libshutdown$$00000010  c_w.l(libshutdown2.o)
    0x0800020e   0x0800020e   0x00000000   Code   RO         6924    .ARM.Collect$$rtentry$$00000000  c_w.l(__rtentry.o)
    0x0800020e   0x0800020e   0x00000000   Code   RO         6951    .ARM.Collect$$rtentry$$00000002  c_w.l(__rtentry2.o)
    0x0800020e   0x0800020e   0x00000006   Code   RO         6963    .ARM.Collect$$rtentry$$00000004  c_w.l(__rtentry4.o)
    0x08000214   0x08000214   0x00000000   Code   RO         6953    .ARM.Collect$$rtentry$$00000009  c_w.l(__rtentry2.o)
    0x08000214   0x08000214   0x00000004   Code   RO         6954    .ARM.Collect$$rtentry$$0000000A  c_w.l(__rtentry2.o)
    0x08000218   0x08000218   0x00000000   Code   RO         6956    .ARM.Collect$$rtentry$$0000000C  c_w.l(__rtentry2.o)
    0x08000218   0x08000218   0x00000008   Code   RO         6957    .ARM.Collect$$rtentry$$0000000D  c_w.l(__rtentry2.o)
    0x08000220   0x08000220   0x00000002   Code   RO         6992    .ARM.Collect$$rtexit$$00000000  c_w.l(rtexit.o)
    0x08000222   0x08000222   0x00000000   Code   RO         7046    .ARM.Collect$$rtexit$$00000002  c_w.l(rtexit2.o)
    0x08000222   0x08000222   0x00000004   Code   RO         7047    .ARM.Collect$$rtexit$$00000003  c_w.l(rtexit2.o)
    0x08000226   0x08000226   0x00000006   Code   RO         7048    .ARM.Collect$$rtexit$$00000004  c_w.l(rtexit2.o)
    0x0800022c   0x0800022c   0x00000040   Code   RO            4    .text               startup_stm32f103xe.o
    0x0800026c   0x0800026c   0x00000002   Code   RO         6788    .text               c_w.l(use_no_semi_2.o)
    0x0800026e   0x0800026e   0x000000ee   Code   RO         6790    .text               c_w.l(lludivv7m.o)
    0x0800035c   0x0800035c   0x00000048   Code   RO         6792    .text               c_w.l(llsdiv.o)
    0x080003a4   0x080003a4   0x00000018   Code   RO         6796    .text               c_w.l(noretval__2printf.o)
    0x080003bc   0x080003bc   0x0000004e   Code   RO         6800    .text               c_w.l(_printf_pad.o)
    0x0800040a   0x0800040a   0x00000052   Code   RO         6802    .text               c_w.l(_printf_str.o)
    0x0800045c   0x0800045c   0x00000078   Code   RO         6804    .text               c_w.l(_printf_dec.o)
    0x080004d4   0x080004d4   0x00000058   Code   RO         6811    .text               c_w.l(_printf_hex_int.o)
    0x0800052c   0x0800052c   0x00000188   Code   RO         6846    .text               c_w.l(__printf_flags_ss_wp.o)
    0x080006b4   0x080006b4   0x00000014   Code   RO         6856    .text               c_w.l(strchr.o)
    0x080006c8   0x080006c8   0x00000058   Code   RO         6858    .text               c_w.l(memcmp.o)
    0x08000720   0x08000720   0x00000048   Code   RO         6860    .text               c_w.l(strcpy.o)
    0x08000768   0x08000768   0x00000018   Code   RO         6864    .text               c_w.l(strcat.o)
    0x08000780   0x08000780   0x0000008a   Code   RO         6866    .text               c_w.l(rt_memcpy_v6.o)
    0x0800080a   0x0800080a   0x00000064   Code   RO         6868    .text               c_w.l(rt_memcpy_w.o)
    0x0800086e   0x0800086e   0x00000010   Code   RO         6870    .text               c_w.l(aeabi_memset.o)
    0x0800087e   0x0800087e   0x00000044   Code   RO         6872    .text               c_w.l(rt_memclr.o)
    0x080008c2   0x080008c2   0x0000004e   Code   RO         6874    .text               c_w.l(rt_memclr_w.o)
    0x08000910   0x08000910   0x00000080   Code   RO         6876    .text               c_w.l(strcmpv7m.o)
    0x08000990   0x08000990   0x00000006   Code   RO         6878    .text               c_w.l(heapauxi.o)
    0x08000996   0x08000996   0x00000002   Code   RO         6922    .text               c_w.l(use_no_semi.o)
    0x08000998   0x08000998   0x000000b2   Code   RO         6931    .text               c_w.l(_printf_intcommon.o)
    0x08000a4a   0x08000a4a   0x0000002c   Code   RO         6933    .text               c_w.l(_printf_char.o)
    0x08000a76   0x08000a76   0x00000002   PAD
    0x08000a78   0x08000a78   0x00000024   Code   RO         6935    .text               c_w.l(_printf_char_file.o)
    0x08000a9c   0x08000a9c   0x00000030   Code   RO         6967    .text               c_w.l(_printf_char_common.o)
    0x08000acc   0x08000acc   0x00000008   Code   RO         6969    .text               c_w.l(ferror.o)
    0x08000ad4   0x08000ad4   0x0000004a   Code   RO         6973    .text               c_w.l(sys_stackheap_outer.o)
    0x08000b1e   0x08000b1e   0x00000012   Code   RO         6977    .text               c_w.l(exit.o)
    0x08000b30   0x08000b30   0x00000008   Code   RO         6989    .text               c_w.l(libspace.o)
    0x08000b38   0x08000b38   0x00000004   Code   RO          323    i.BusFault_Handler  stm32f1xx_it.o
    0x08000b3c   0x08000b3c   0x00000002   Code   RO          324    i.DebugMon_Handler  stm32f1xx_it.o
    0x08000b3e   0x08000b3e   0x00000002   PAD
    0x08000b40   0x08000b40   0x00000044   Code   RO         2284    i.FSMC_NORSRAM_Extended_Timing_Init  stm32f1xx_ll_fsmc.o
    0x08000b84   0x08000b84   0x00000078   Code   RO         2285    i.FSMC_NORSRAM_Init  stm32f1xx_ll_fsmc.o
    0x08000bfc   0x08000bfc   0x00000042   Code   RO         2286    i.FSMC_NORSRAM_Timing_Init  stm32f1xx_ll_fsmc.o
    0x08000c3e   0x08000c3e   0x00000002   PAD
    0x08000c40   0x08000c40   0x000001a8   Code   RO         1081    i.HAL_DMA_Abort_IT  stm32f1xx_hal_dma.o
    0x08000de8   0x08000de8   0x0000000c   Code   RO          589    i.HAL_Delay         delay.o
    0x08000df4   0x08000df4   0x00000340   Code   RO         1177    i.HAL_GPIO_Init     stm32f1xx_hal_gpio.o
    0x08001134   0x08001134   0x00000010   Code   RO         1179    i.HAL_GPIO_ReadPin  stm32f1xx_hal_gpio.o
    0x08001144   0x08001144   0x00000014   Code   RO         1180    i.HAL_GPIO_TogglePin  stm32f1xx_hal_gpio.o
    0x08001158   0x08001158   0x0000000c   Code   RO         1181    i.HAL_GPIO_WritePin  stm32f1xx_hal_gpio.o
    0x08001164   0x08001164   0x0000000c   Code   RO          794    i.HAL_GetTick       stm32f1xx_hal.o
    0x08001170   0x08001170   0x00000018   Code   RO          800    i.HAL_IncTick       stm32f1xx_hal.o
    0x08001188   0x08001188   0x00000028   Code   RO          801    i.HAL_Init          stm32f1xx_hal.o
    0x080011b0   0x080011b0   0x0000004c   Code   RO          802    i.HAL_InitTick      stm32f1xx_hal.o
    0x080011fc   0x080011fc   0x00000002   Code   RO          804    i.HAL_MspInit       stm32f1xx_hal.o
    0x080011fe   0x080011fe   0x00000020   Code   RO          959    i.HAL_NVIC_EnableIRQ  stm32f1xx_hal_cortex.o
    0x0800121e   0x0800121e   0x0000007c   Code   RO          965    i.HAL_NVIC_SetPriority  stm32f1xx_hal_cortex.o
    0x0800129a   0x0800129a   0x00000002   PAD
    0x0800129c   0x0800129c   0x00000028   Code   RO          966    i.HAL_NVIC_SetPriorityGrouping  stm32f1xx_hal_cortex.o
    0x080012c4   0x080012c4   0x0000018c   Code   RO         1402    i.HAL_RCC_ClockConfig  stm32f1xx_hal_rcc.o
    0x08001450   0x08001450   0x0000000c   Code   RO         1407    i.HAL_RCC_GetHCLKFreq  stm32f1xx_hal_rcc.o
    0x0800145c   0x0800145c   0x00000020   Code   RO         1409    i.HAL_RCC_GetPCLK1Freq  stm32f1xx_hal_rcc.o
    0x0800147c   0x0800147c   0x00000020   Code   RO         1410    i.HAL_RCC_GetPCLK2Freq  stm32f1xx_hal_rcc.o
    0x0800149c   0x0800149c   0x00000094   Code   RO         1411    i.HAL_RCC_GetSysClockFreq  stm32f1xx_hal_rcc.o
    0x08001530   0x08001530   0x00000464   Code   RO         1414    i.HAL_RCC_OscConfig  stm32f1xx_hal_rcc.o
    0x08001994   0x08001994   0x000001c8   Code   RO         3742    i.HAL_SD_GetCardCSD  stm32f1xx_hal_sd.o
    0x08001b5c   0x08001b5c   0x00000024   Code   RO         3744    i.HAL_SD_GetCardState  stm32f1xx_hal_sd.o
    0x08001b80   0x08001b80   0x0000003c   Code   RO         3749    i.HAL_SD_Init       stm32f1xx_hal_sd.o
    0x08001bbc   0x08001bbc   0x00000084   Code   RO         3750    i.HAL_SD_InitCard   stm32f1xx_hal_sd.o
    0x08001c40   0x08001c40   0x00000144   Code   RO         4635    i.HAL_SD_MspInit    sdio_sdcard.o
    0x08001d84   0x08001d84   0x000002c0   Code   RO         3753    i.HAL_SD_ReadBlocks  stm32f1xx_hal_sd.o
    0x08002044   0x08002044   0x00000254   Code   RO         3758    i.HAL_SD_WriteBlocks  stm32f1xx_hal_sd.o
    0x08002298   0x08002298   0x000000d4   Code   RO         3397    i.HAL_SPI_Init      stm32f1xx_hal_spi.o
    0x0800236c   0x0800236c   0x00000158   Code   RO         4705    i.HAL_SPI_MspInit   spi.o
    0x080024c4   0x080024c4   0x000002ee   Code   RO         3406    i.HAL_SPI_TransmitReceive  stm32f1xx_hal_spi.o
    0x080027b2   0x080027b2   0x00000066   Code   RO         2145    i.HAL_SRAM_Init     stm32f1xx_hal_sram.o
    0x08002818   0x08002818   0x00000090   Code   RO         4289    i.HAL_SRAM_MspInit  lcd.o
    0x080028a8   0x080028a8   0x00000034   Code   RO          970    i.HAL_SYSTICK_Config  stm32f1xx_hal_cortex.o
    0x080028dc   0x080028dc   0x00000066   Code   RO         2404    i.HAL_TIM_Base_Init  stm32f1xx_hal_tim.o
    0x08002942   0x08002942   0x00000002   Code   RO         2406    i.HAL_TIM_Base_MspInit  stm32f1xx_hal_tim.o
    0x08002944   0x08002944   0x00000090   Code   RO         2409    i.HAL_TIM_Base_Start_IT  stm32f1xx_hal_tim.o
    0x080029d4   0x080029d4   0x00000002   Code   RO         1565    i.HAL_UART_ErrorCallback  stm32f1xx_hal_uart.o
    0x080029d6   0x080029d6   0x00000002   PAD
    0x080029d8   0x080029d8   0x00000154   Code   RO         1568    i.HAL_UART_IRQHandler  stm32f1xx_hal_uart.o
    0x08002b2c   0x08002b2c   0x00000072   Code   RO         1569    i.HAL_UART_Init     stm32f1xx_hal_uart.o
    0x08002b9e   0x08002b9e   0x00000002   PAD
    0x08002ba0   0x08002ba0   0x000000b4   Code   RO          706    i.HAL_UART_MspInit  usart.o
    0x08002c54   0x08002c54   0x00000070   Code   RO         1574    i.HAL_UART_Receive_IT  stm32f1xx_hal_uart.o
    0x08002cc4   0x08002cc4   0x0000009c   Code   RO          707    i.HAL_UART_RxCpltCallback  usart.o
    0x08002d60   0x08002d60   0x00000002   Code   RO         1580    i.HAL_UART_TxCpltCallback  stm32f1xx_hal_uart.o
    0x08002d62   0x08002d62   0x00000004   Code   RO          325    i.HardFault_Handler  stm32f1xx_it.o
    0x08002d66   0x08002d66   0x00000004   Code   RO          326    i.MemManage_Handler  stm32f1xx_it.o
    0x08002d6a   0x08002d6a   0x00000002   Code   RO          327    i.NMI_Handler       stm32f1xx_it.o
    0x08002d6c   0x08002d6c   0x00000002   Code   RO          328    i.PendSV_Handler    stm32f1xx_it.o
    0x08002d6e   0x08002d6e   0x00000002   PAD
    0x08002d70   0x08002d70   0x00000028   Code   RO         1415    i.RCC_Delay         stm32f1xx_hal_rcc.o
    0x08002d98   0x08002d98   0x0000002c   Code   RO         3989    i.SDIO_ConfigData   stm32f1xx_ll_sdmmc.o
    0x08002dc4   0x08002dc4   0x00000008   Code   RO         3990    i.SDIO_GetCommandResponse  stm32f1xx_ll_sdmmc.o
    0x08002dcc   0x08002dcc   0x0000000a   Code   RO         3993    i.SDIO_GetPowerState  stm32f1xx_ll_sdmmc.o
    0x08002dd6   0x08002dd6   0x0000000c   Code   RO         3994    i.SDIO_GetResponse  stm32f1xx_ll_sdmmc.o
    0x08002de2   0x08002de2   0x00000034   Code   RO         3995    i.SDIO_Init         stm32f1xx_ll_sdmmc.o
    0x08002e16   0x08002e16   0x00000012   Code   RO         3997    i.SDIO_PowerState_ON  stm32f1xx_ll_sdmmc.o
    0x08002e28   0x08002e28   0x00000008   Code   RO         3998    i.SDIO_ReadFIFO     stm32f1xx_ll_sdmmc.o
    0x08002e30   0x08002e30   0x00000028   Code   RO         3999    i.SDIO_SendCommand  stm32f1xx_ll_sdmmc.o
    0x08002e58   0x08002e58   0x0000000c   Code   RO         4001    i.SDIO_WriteFIFO    stm32f1xx_ll_sdmmc.o
    0x08002e64   0x08002e64   0x00000038   Code   RO         4002    i.SDMMC_CmdAppCommand  stm32f1xx_ll_sdmmc.o
    0x08002e9c   0x08002e9c   0x0000003c   Code   RO         4003    i.SDMMC_CmdAppOperCommand  stm32f1xx_ll_sdmmc.o
    0x08002ed8   0x08002ed8   0x00000038   Code   RO         4004    i.SDMMC_CmdBlockLength  stm32f1xx_ll_sdmmc.o
    0x08002f10   0x08002f10   0x0000002c   Code   RO         4009    i.SDMMC_CmdGoIdleState  stm32f1xx_ll_sdmmc.o
    0x08002f3c   0x08002f3c   0x00000034   Code   RO         4011    i.SDMMC_CmdOperCond  stm32f1xx_ll_sdmmc.o
    0x08002f70   0x08002f70   0x00000038   Code   RO         4012    i.SDMMC_CmdReadMultiBlock  stm32f1xx_ll_sdmmc.o
    0x08002fa8   0x08002fa8   0x00000038   Code   RO         4013    i.SDMMC_CmdReadSingleBlock  stm32f1xx_ll_sdmmc.o
    0x08002fe0   0x08002fe0   0x0000003a   Code   RO         4016    i.SDMMC_CmdSelDesel  stm32f1xx_ll_sdmmc.o
    0x0800301a   0x0800301a   0x00000032   Code   RO         4017    i.SDMMC_CmdSendCID  stm32f1xx_ll_sdmmc.o
    0x0800304c   0x0800304c   0x00000032   Code   RO         4018    i.SDMMC_CmdSendCSD  stm32f1xx_ll_sdmmc.o
    0x0800307e   0x0800307e   0x00000038   Code   RO         4020    i.SDMMC_CmdSendStatus  stm32f1xx_ll_sdmmc.o
    0x080030b6   0x080030b6   0x00000038   Code   RO         4021    i.SDMMC_CmdSetRelAdd  stm32f1xx_ll_sdmmc.o
    0x080030ee   0x080030ee   0x00000002   PAD
    0x080030f0   0x080030f0   0x0000003c   Code   RO         4023    i.SDMMC_CmdStopTransfer  stm32f1xx_ll_sdmmc.o
    0x0800312c   0x0800312c   0x00000038   Code   RO         4025    i.SDMMC_CmdWriteMultiBlock  stm32f1xx_ll_sdmmc.o
    0x08003164   0x08003164   0x00000038   Code   RO         4026    i.SDMMC_CmdWriteSingleBlock  stm32f1xx_ll_sdmmc.o
    0x0800319c   0x0800319c   0x00000040   Code   RO         4027    i.SDMMC_GetCmdError  stm32f1xx_ll_sdmmc.o
    0x080031dc   0x080031dc   0x000001ac   Code   RO         4028    i.SDMMC_GetCmdResp1  stm32f1xx_ll_sdmmc.o
    0x08003388   0x08003388   0x00000064   Code   RO         4029    i.SDMMC_GetCmdResp2  stm32f1xx_ll_sdmmc.o
    0x080033ec   0x080033ec   0x00000058   Code   RO         4030    i.SDMMC_GetCmdResp3  stm32f1xx_ll_sdmmc.o
    0x08003444   0x08003444   0x000000b8   Code   RO         4031    i.SDMMC_GetCmdResp6  stm32f1xx_ll_sdmmc.o
    0x080034fc   0x080034fc   0x0000006c   Code   RO         4032    i.SDMMC_GetCmdResp7  stm32f1xx_ll_sdmmc.o
    0x08003568   0x08003568   0x00000102   Code   RO         3767    i.SD_InitCard       stm32f1xx_hal_sd.o
    0x0800366a   0x0800366a   0x00000002   PAD
    0x0800366c   0x0800366c   0x000000cc   Code   RO         3769    i.SD_PowerON        stm32f1xx_hal_sd.o
    0x08003738   0x08003738   0x00000030   Code   RO         3772    i.SD_SendStatus     stm32f1xx_hal_sd.o
    0x08003768   0x08003768   0x00000028   Code   RO         3437    i.SPI_EndRxTxTransaction  stm32f1xx_hal_spi.o
    0x08003790   0x08003790   0x00000006   Code   RO         3438    i.SPI_ISCRCErrorValid  stm32f1xx_hal_spi.o
    0x08003796   0x08003796   0x00000002   PAD
    0x08003798   0x08003798   0x000000d8   Code   RO         3445    i.SPI_WaitFlagStateUntilTimeout  stm32f1xx_hal_spi.o
    0x08003870   0x08003870   0x00000002   Code   RO          329    i.SVC_Handler       stm32f1xx_it.o
    0x08003872   0x08003872   0x00000008   Code   RO          330    i.SysTick_Handler   stm32f1xx_it.o
    0x0800387a   0x0800387a   0x00000002   Code   RO          287    i.SystemInit        system_stm32f1xx.o
    0x0800387c   0x0800387c   0x00000044   Code   RO         6654    i.TIM4_IRQHandler   usmart_port.o
    0x080038c0   0x080038c0   0x0000009c   Code   RO         2497    i.TIM_Base_SetConfig  stm32f1xx_hal_tim.o
    0x0800395c   0x0800395c   0x00000014   Code   RO         1582    i.UART_DMAAbortOnError  stm32f1xx_hal_uart.o
    0x08003970   0x08003970   0x00000020   Code   RO         1592    i.UART_EndRxTransfer  stm32f1xx_hal_uart.o
    0x08003990   0x08003990   0x00000020   Code   RO         1593    i.UART_EndTransmit_IT  stm32f1xx_hal_uart.o
    0x080039b0   0x080039b0   0x000000a0   Code   RO         1595    i.UART_Receive_IT   stm32f1xx_hal_uart.o
    0x08003a50   0x08003a50   0x000000fc   Code   RO         1596    i.UART_SetConfig    stm32f1xx_hal_uart.o
    0x08003b4c   0x08003b4c   0x00000060   Code   RO         1597    i.UART_Transmit_IT  stm32f1xx_hal_uart.o
    0x08003bac   0x08003bac   0x00000010   Code   RO          708    i.USART1_IRQHandler  usart.o
    0x08003bbc   0x08003bbc   0x00000004   Code   RO          331    i.UsageFault_Handler  stm32f1xx_it.o
    0x08003bc0   0x08003bc0   0x00000010   Code   RO          972    i.__NVIC_GetPriorityGrouping  stm32f1xx_hal_cortex.o
    0x08003bd0   0x08003bd0   0x00000028   Code   RO          973    i.__NVIC_SetPriority  stm32f1xx_hal_cortex.o
    0x08003bf8   0x08003bf8   0x0000000e   Code   RO         6839    i._is_digit         c_w.l(__printf_wp.o)
    0x08003c06   0x08003c06   0x00000004   Code   RO          710    i._sys_exit         usart.o
    0x08003c0a   0x08003c0a   0x0000005e   Code   RO          526    i.audio_get_tnum    audioplayer.o
    0x08003c68   0x08003c68   0x00000052   Code   RO          527    i.audio_index_show  audioplayer.o
    0x08003cba   0x08003cba   0x00000002   PAD
    0x08003cbc   0x08003cbc   0x0000018c   Code   RO          528    i.audio_msg_show    audioplayer.o
    0x08003e48   0x08003e48   0x00000298   Code   RO          529    i.audio_play        audioplayer.o
    0x080040e0   0x080040e0   0x00000178   Code   RO          530    i.audio_play_song   audioplayer.o
    0x08004258   0x08004258   0x00000044   Code   RO          531    i.audio_vol_show    audioplayer.o
    0x0800429c   0x0800429c   0x0000008a   Code   RO         5355    i.change_bitmap     ff.o
    0x08004326   0x08004326   0x00000002   PAD
    0x08004328   0x08004328   0x00000104   Code   RO         5356    i.check_fs          ff.o
    0x0800442c   0x0800442c   0x00000062   Code   RO         5357    i.clmt_clust        ff.o
    0x0800448e   0x0800448e   0x0000001a   Code   RO         5358    i.clst2sect         ff.o
    0x080044a8   0x080044a8   0x00000098   Code   RO         5359    i.cmp_lfn           ff.o
    0x08004540   0x08004540   0x000001cc   Code   RO         5360    i.create_chain      ff.o
    0x0800470c   0x0800470c   0x0000025c   Code   RO         5361    i.create_name       ff.o
    0x08004968   0x08004968   0x00000090   Code   RO         5363    i.create_xdir       ff.o
    0x080049f8   0x080049f8   0x00000034   Code   RO         5364    i.dbc_1st           ff.o
    0x08004a2c   0x08004a2c   0x00000048   Code   RO         5365    i.dbc_2nd           ff.o
    0x08004a74   0x08004a74   0x0000000c   Code   RO          590    i.delay_init        delay.o
    0x08004a80   0x08004a80   0x00000012   Code   RO          591    i.delay_ms          delay.o
    0x08004a92   0x08004a92   0x00000002   PAD
    0x08004a94   0x08004a94   0x00000048   Code   RO          592    i.delay_us          delay.o
    0x08004adc   0x08004adc   0x0000007c   Code   RO         5366    i.dir_alloc         ff.o
    0x08004b58   0x08004b58   0x000000c2   Code   RO         5367    i.dir_clear         ff.o
    0x08004c1a   0x08004c1a   0x000001a8   Code   RO         5368    i.dir_find          ff.o
    0x08004dc2   0x08004dc2   0x000000e0   Code   RO         5369    i.dir_next          ff.o
    0x08004ea2   0x08004ea2   0x00000102   Code   RO         5370    i.dir_read          ff.o
    0x08004fa4   0x08004fa4   0x0000022a   Code   RO         5371    i.dir_register      ff.o
    0x080051ce   0x080051ce   0x000000aa   Code   RO         5373    i.dir_sdi           ff.o
    0x08005278   0x08005278   0x0000002c   Code   RO         5307    i.disk_initialize   diskio.o
    0x080052a4   0x080052a4   0x000000b4   Code   RO         5308    i.disk_ioctl        diskio.o
    0x08005358   0x08005358   0x0000007e   Code   RO         5309    i.disk_read         diskio.o
    0x080053d6   0x080053d6   0x00000006   Code   RO         5310    i.disk_status       diskio.o
    0x080053dc   0x080053dc   0x0000007e   Code   RO         5311    i.disk_write        diskio.o
    0x0800545a   0x0800545a   0x0000001a   Code   RO         5844    i.exfuns_char_upper  exfuns.o
    0x08005474   0x08005474   0x000000c0   Code   RO         5846    i.exfuns_file_type  exfuns.o
    0x08005534   0x08005534   0x00000044   Code   RO         5851    i.exfuns_init       exfuns.o
    0x08005578   0x08005578   0x00000026   Code   RO         5374    i.f_close           ff.o
    0x0800559e   0x0800559e   0x00000002   PAD
    0x080055a0   0x080055a0   0x00000054   Code   RO         5382    i.f_mount           ff.o
    0x080055f4   0x080055f4   0x00000312   Code   RO         5383    i.f_open            ff.o
    0x08005906   0x08005906   0x000000b8   Code   RO         5384    i.f_opendir         ff.o
    0x080059be   0x080059be   0x00000228   Code   RO         5388    i.f_read            ff.o
    0x08005be6   0x08005be6   0x00000070   Code   RO         5389    i.f_readdir         ff.o
    0x08005c56   0x08005c56   0x000001a8   Code   RO         5393    i.f_sync            ff.o
    0x08005dfe   0x08005dfe   0x0000000e   Code   RO         5808    i.ff_memalloc       ffsystem.o
    0x08005e0c   0x08005e0c   0x0000000e   Code   RO         5809    i.ff_memfree        ffsystem.o
    0x08005e1a   0x08005e1a   0x00000002   PAD
    0x08005e1c   0x08005e1c   0x00000088   Code   RO         6092    i.ff_oem2uni        myffunicode.o
    0x08005ea4   0x08005ea4   0x00000084   Code   RO         6093    i.ff_uni2oem        myffunicode.o
    0x08005f28   0x08005f28   0x000000b0   Code   RO         6094    i.ff_wtoupper       myffunicode.o
    0x08005fd8   0x08005fd8   0x00000036   Code   RO         5397    i.fill_first_frag   ff.o
    0x0800600e   0x0800600e   0x00000044   Code   RO         5398    i.fill_last_frag    ff.o
    0x08006052   0x08006052   0x000000a4   Code   RO         5399    i.find_bitmap       ff.o
    0x080060f6   0x080060f6   0x00000078   Code   RO         5400    i.find_volume       ff.o
    0x0800616e   0x0800616e   0x000000c4   Code   RO         5401    i.follow_path       ff.o
    0x08006232   0x08006232   0x00000002   PAD
    0x08006234   0x08006234   0x00000040   Code   RO         6129    i.fonts_init        fonts.o
    0x08006274   0x08006274   0x0000001c   Code   RO          712    i.fputc             usart.o
    0x08006290   0x08006290   0x000000d4   Code   RO         5402    i.gen_numname       ff.o
    0x08006364   0x08006364   0x00000194   Code   RO         5403    i.get_fat           ff.o
    0x080064f8   0x080064f8   0x00000004   Code   RO         5810    i.get_fattime       ffsystem.o
    0x080064fc   0x080064fc   0x0000027a   Code   RO         5404    i.get_fileinfo      ff.o
    0x08006776   0x08006776   0x0000004e   Code   RO         5405    i.get_ldnumber      ff.o
    0x080067c4   0x080067c4   0x00000018   Code   RO         4637    i.get_sd_card_state  sdio_sdcard.o
    0x080067dc   0x080067dc   0x00000032   Code   RO         5406    i.init_alloc_info   ff.o
    0x0800680e   0x0800680e   0x00000002   PAD
    0x08006810   0x08006810   0x000000f0   Code   RO         4550    i.key_init          key.o
    0x08006900   0x08006900   0x000000c4   Code   RO         4551    i.key_scan          key.o
    0x080069c4   0x080069c4   0x00000034   Code   RO         4290    i.lcd_clear         lcd.o
    0x080069f8   0x080069f8   0x0000016c   Code   RO         4292    i.lcd_display_dir   lcd.o
    0x08006b64   0x08006b64   0x00000020   Code   RO         4298    i.lcd_draw_point    lcd.o
    0x08006b84   0x08006b84   0x0000022c   Code   RO         4300    i.lcd_ex_ili9341_reginit  lcd.o
    0x08006db0   0x08006db0   0x00000340   Code   RO         4301    i.lcd_ex_ili9806_reginit  lcd.o
    0x080070f0   0x080070f0   0x00000ef2   Code   RO         4302    i.lcd_ex_nt35310_reginit  lcd.o
    0x08007fe2   0x08007fe2   0x00000f6e   Code   RO         4303    i.lcd_ex_nt35510_reginit  lcd.o
    0x08008f50   0x08008f50   0x0000016e   Code   RO         4304    i.lcd_ex_ssd1963_reginit  lcd.o
    0x080090be   0x080090be   0x000001a8   Code   RO         4305    i.lcd_ex_st7789_reginit  lcd.o
    0x08009266   0x08009266   0x000001c6   Code   RO         4306    i.lcd_ex_st7796_reginit  lcd.o
    0x0800942c   0x0800942c   0x00000054   Code   RO         4307    i.lcd_fill          lcd.o
    0x08009480   0x08009480   0x00000468   Code   RO         4309    i.lcd_init          lcd.o
    0x080098e8   0x080098e8   0x0000000c   Code   RO         4310    i.lcd_opt_delay     lcd.o
    0x080098f4   0x080098f4   0x00000016   Code   RO         4311    i.lcd_pow           lcd.o
    0x0800990a   0x0800990a   0x00000002   PAD
    0x0800990c   0x0800990c   0x00000018   Code   RO         4312    i.lcd_rd_data       lcd.o
    0x08009924   0x08009924   0x0000023c   Code   RO         4314    i.lcd_scan_dir      lcd.o
    0x08009b60   0x08009b60   0x00000120   Code   RO         4315    i.lcd_set_cursor    lcd.o
    0x08009c80   0x08009c80   0x00000140   Code   RO         4317    i.lcd_show_char     lcd.o
    0x08009dc0   0x08009dc0   0x0000006a   Code   RO         4319    i.lcd_show_string   lcd.o
    0x08009e2a   0x08009e2a   0x000000c6   Code   RO         4320    i.lcd_show_xnum     lcd.o
    0x08009ef0   0x08009ef0   0x00000054   Code   RO         4321    i.lcd_ssd_backlight_set  lcd.o
    0x08009f44   0x08009f44   0x00000018   Code   RO         4322    i.lcd_wr_data       lcd.o
    0x08009f5c   0x08009f5c   0x00000018   Code   RO         4323    i.lcd_wr_regno      lcd.o
    0x08009f74   0x08009f74   0x00000014   Code   RO         4324    i.lcd_write_ram_prepare  lcd.o
    0x08009f88   0x08009f88   0x00000010   Code   RO         4325    i.lcd_write_reg     lcd.o
    0x08009f98   0x08009f98   0x00000026   Code   RO         5407    i.ld_clust          ff.o
    0x08009fbe   0x08009fbe   0x00000018   Code   RO         5408    i.ld_dword          ff.o
    0x08009fd6   0x08009fd6   0x00000062   Code   RO         5409    i.ld_qword          ff.o
    0x0800a038   0x0800a038   0x0000000c   Code   RO         5410    i.ld_word           ff.o
    0x0800a044   0x0800a044   0x00000090   Code   RO         4265    i.led_init          led.o
    0x0800a0d4   0x0800a0d4   0x00000040   Code   RO         5411    i.load_obj_xdir     ff.o
    0x0800a114   0x0800a114   0x0000010e   Code   RO         5412    i.load_xdir         ff.o
    0x0800a222   0x0800a222   0x00000002   PAD
    0x0800a224   0x0800a224   0x00000268   Code   RO           13    i.main              main.o
    0x0800a48c   0x0800a48c   0x00000020   Code   RO         5926    i.mf_free           fattester.o
    0x0800a4ac   0x0800a4ac   0x00000040   Code   RO         5929    i.mf_init           fattester.o
    0x0800a4ec   0x0800a4ec   0x00000474   Code   RO         5413    i.mount_volume      ff.o
    0x0800a960   0x0800a960   0x00000034   Code   RO         5414    i.move_window       ff.o
    0x0800a994   0x0800a994   0x0000006c   Code   RO         5228    i.my_mem_free       malloc.o
    0x0800aa00   0x0800aa00   0x00000030   Code   RO         5229    i.my_mem_init       malloc.o
    0x0800aa30   0x0800aa30   0x000000a8   Code   RO         5230    i.my_mem_malloc     malloc.o
    0x0800aad8   0x0800aad8   0x00000040   Code   RO         5231    i.my_mem_perused    malloc.o
    0x0800ab18   0x0800ab18   0x00000014   Code   RO         5232    i.my_mem_set        malloc.o
    0x0800ab2c   0x0800ab2c   0x00000024   Code   RO         5233    i.myfree            malloc.o
    0x0800ab50   0x0800ab50   0x00000028   Code   RO         5234    i.mymalloc          malloc.o
    0x0800ab78   0x0800ab78   0x00000044   Code   RO         4943    i.norflash_erase_sector  norflash.o
    0x0800abbc   0x0800abbc   0x000000b8   Code   RO         4944    i.norflash_init     norflash.o
    0x0800ac74   0x0800ac74   0x00000050   Code   RO         4945    i.norflash_read     norflash.o
    0x0800acc4   0x0800acc4   0x00000050   Code   RO         4946    i.norflash_read_id  norflash.o
    0x0800ad14   0x0800ad14   0x0000005c   Code   RO         4947    i.norflash_read_sr  norflash.o
    0x0800ad70   0x0800ad70   0x00000034   Code   RO         4948    i.norflash_send_address  norflash.o
    0x0800ada4   0x0800ada4   0x00000014   Code   RO         4949    i.norflash_wait_busy  norflash.o
    0x0800adb8   0x0800adb8   0x000000b8   Code   RO         4950    i.norflash_write    norflash.o
    0x0800ae70   0x0800ae70   0x0000002c   Code   RO         4951    i.norflash_write_enable  norflash.o
    0x0800ae9c   0x0800ae9c   0x00000046   Code   RO         4952    i.norflash_write_nocheck  norflash.o
    0x0800aee2   0x0800aee2   0x00000002   PAD
    0x0800aee4   0x0800aee4   0x00000058   Code   RO         4953    i.norflash_write_page  norflash.o
    0x0800af3c   0x0800af3c   0x00000058   Code   RO         4954    i.norflash_write_sr  norflash.o
    0x0800af94   0x0800af94   0x0000008c   Code   RO         5415    i.pick_lfn          ff.o
    0x0800b020   0x0800b020   0x00000144   Code   RO         5416    i.put_fat           ff.o
    0x0800b164   0x0800b164   0x00000080   Code   RO         5417    i.put_lfn           ff.o
    0x0800b1e4   0x0800b1e4   0x00000042   Code   RO         5418    i.put_utf           ff.o
    0x0800b226   0x0800b226   0x00000006   Code   RO         6562    i.read_addr         usmart.o
    0x0800b22c   0x0800b22c   0x0000014a   Code   RO         5422    i.remove_chain      ff.o
    0x0800b376   0x0800b376   0x00000002   PAD
    0x0800b378   0x0800b378   0x00000038   Code   RO         4638    i.sd_init           sdio_sdcard.o
    0x0800b3b0   0x0800b3b0   0x00000050   Code   RO         4639    i.sd_read_disk      sdio_sdcard.o
    0x0800b400   0x0800b400   0x00000050   Code   RO         4640    i.sd_write_disk     sdio_sdcard.o
    0x0800b450   0x0800b450   0x0000007c   Code   RO         4706    i.spi1_init         spi.o
    0x0800b4cc   0x0800b4cc   0x00000038   Code   RO         4707    i.spi1_read_write_byte  spi.o
    0x0800b504   0x0800b504   0x0000004c   Code   RO         4708    i.spi1_set_speed    spi.o
    0x0800b550   0x0800b550   0x0000007c   Code   RO         4709    i.spi2_init         spi.o
    0x0800b5cc   0x0800b5cc   0x00000020   Code   RO         4710    i.spi2_read_write_byte  spi.o
    0x0800b5ec   0x0800b5ec   0x00000048   Code   RO         4711    i.spi2_set_speed    spi.o
    0x0800b634   0x0800b634   0x000001c4   Code   RO         4581    i.sram_init         sram.o
    0x0800b7f8   0x0800b7f8   0x00000024   Code   RO         5423    i.st_clust          ff.o
    0x0800b81c   0x0800b81c   0x00000018   Code   RO         5424    i.st_dword          ff.o
    0x0800b834   0x0800b834   0x0000005c   Code   RO         5425    i.st_qword          ff.o
    0x0800b890   0x0800b890   0x0000000c   Code   RO         5426    i.st_word           ff.o
    0x0800b89c   0x0800b89c   0x00000072   Code   RO         5427    i.store_xdir        ff.o
    0x0800b90e   0x0800b90e   0x00000020   Code   RO         5428    i.sum_sfn           ff.o
    0x0800b92e   0x0800b92e   0x00000002   PAD
    0x0800b930   0x0800b930   0x0000008c   Code   RO         5429    i.sync_fs           ff.o
    0x0800b9bc   0x0800b9bc   0x0000004a   Code   RO         5430    i.sync_window       ff.o
    0x0800ba06   0x0800ba06   0x00000066   Code   RO          639    i.sys_stm32_clock_init  sys.o
    0x0800ba6c   0x0800ba6c   0x0000004c   Code   RO         5431    i.tchar2uni         ff.o
    0x0800bab8   0x0800bab8   0x000000e0   Code   RO         6184    i.text_get_hz_mat   text.o
    0x0800bb98   0x0800bb98   0x000000e0   Code   RO         6185    i.text_show_font    text.o
    0x0800bc78   0x0800bc78   0x000000c6   Code   RO         6186    i.text_show_string  text.o
    0x0800bd3e   0x0800bd3e   0x00000002   PAD
    0x0800bd40   0x0800bd40   0x00000038   Code   RO          713    i.usart_init        usart.o
    0x0800bd78   0x0800bd78   0x000000b0   Code   RO         6563    i.usmart_cmd_rec    usmart.o
    0x0800be28   0x0800be28   0x000002d4   Code   RO         6564    i.usmart_exe        usmart.o
    0x0800c0fc   0x0800c0fc   0x000000d4   Code   RO         6705    i.usmart_get_aparm  usmart_str.o
    0x0800c1d0   0x0800c1d0   0x00000036   Code   RO         6706    i.usmart_get_cmdname  usmart_str.o
    0x0800c206   0x0800c206   0x00000002   PAD
    0x0800c208   0x0800c208   0x000001c0   Code   RO         6707    i.usmart_get_fname  usmart_str.o
    0x0800c3c8   0x0800c3c8   0x0000010c   Code   RO         6708    i.usmart_get_fparam  usmart_str.o
    0x0800c4d4   0x0800c4d4   0x00000028   Code   RO         6655    i.usmart_get_input_string  usmart_port.o
    0x0800c4fc   0x0800c4fc   0x00000020   Code   RO         6709    i.usmart_get_parmpos  usmart_str.o
    0x0800c51c   0x0800c51c   0x00000028   Code   RO         6565    i.usmart_init       usmart.o
    0x0800c544   0x0800c544   0x00000016   Code   RO         6710    i.usmart_pow        usmart_str.o
    0x0800c55a   0x0800c55a   0x00000002   PAD
    0x0800c55c   0x0800c55c   0x000000a8   Code   RO         6566    i.usmart_scan       usmart.o
    0x0800c604   0x0800c604   0x00000016   Code   RO         6711    i.usmart_search_nextc  usmart_str.o
    0x0800c61a   0x0800c61a   0x00000106   Code   RO         6712    i.usmart_str2num    usmart_str.o
    0x0800c720   0x0800c720   0x00000022   Code   RO         6713    i.usmart_strcmp     usmart_str.o
    0x0800c742   0x0800c742   0x00000016   Code   RO         6714    i.usmart_strcopy    usmart_str.o
    0x0800c758   0x0800c758   0x00000018   Code   RO         6715    i.usmart_strlen     usmart_str.o
    0x0800c770   0x0800c770   0x000006f4   Code   RO         6567    i.usmart_sys_cmd_exe  usmart.o
    0x0800ce64   0x0800ce64   0x00000044   Code   RO         6656    i.usmart_timx_get_time  usmart_port.o
    0x0800cea8   0x0800cea8   0x00000060   Code   RO         6657    i.usmart_timx_init  usmart_port.o
    0x0800cf08   0x0800cf08   0x00000034   Code   RO         6658    i.usmart_timx_reset_time  usmart_port.o
    0x0800cf3c   0x0800cf3c   0x0000003c   Code   RO         5432    i.validate          ff.o
    0x0800cf78   0x0800cf78   0x000000a4   Code   RO         5049    i.vs10xx_get_bitrate  vs10xx.o
    0x0800d01c   0x0800d01c   0x0000000c   Code   RO         5050    i.vs10xx_get_byterate  vs10xx.o
    0x0800d028   0x0800d028   0x00000010   Code   RO         5051    i.vs10xx_get_decode_time  vs10xx.o
    0x0800d038   0x0800d038   0x0000000c   Code   RO         5052    i.vs10xx_get_fill_byte  vs10xx.o
    0x0800d044   0x0800d044   0x000000e0   Code   RO         5053    i.vs10xx_init       vs10xx.o
    0x0800d124   0x0800d124   0x00000070   Code   RO         5054    i.vs10xx_load_patch  vs10xx.o
    0x0800d194   0x0800d194   0x00000088   Code   RO         5055    i.vs10xx_ram_test   vs10xx.o
    0x0800d21c   0x0800d21c   0x00000018   Code   RO         5056    i.vs10xx_read_ram   vs10xx.o
    0x0800d234   0x0800d234   0x0000007c   Code   RO         5057    i.vs10xx_read_reg   vs10xx.o
    0x0800d2b0   0x0800d2b0   0x0000007c   Code   RO         5058    i.vs10xx_reset      vs10xx.o
    0x0800d32c   0x0800d32c   0x00000014   Code   RO         5059    i.vs10xx_reset_decode_time  vs10xx.o
    0x0800d340   0x0800d340   0x000000b6   Code   RO         5060    i.vs10xx_restart_play  vs10xx.o
    0x0800d3f6   0x0800d3f6   0x00000002   PAD
    0x0800d3f8   0x0800d3f8   0x00000050   Code   RO         5061    i.vs10xx_send_music_data  vs10xx.o
    0x0800d448   0x0800d448   0x00000030   Code   RO         5062    i.vs10xx_set_all    vs10xx.o
    0x0800d478   0x0800d478   0x00000032   Code   RO         5063    i.vs10xx_set_effect  vs10xx.o
    0x0800d4aa   0x0800d4aa   0x0000001a   Code   RO         5064    i.vs10xx_set_speaker  vs10xx.o
    0x0800d4c4   0x0800d4c4   0x00000052   Code   RO         5066    i.vs10xx_set_tone   vs10xx.o
    0x0800d516   0x0800d516   0x00000026   Code   RO         5067    i.vs10xx_set_volume  vs10xx.o
    0x0800d53c   0x0800d53c   0x00000180   Code   RO         5068    i.vs10xx_sine_test  vs10xx.o
    0x0800d6bc   0x0800d6bc   0x0000008c   Code   RO         5069    i.vs10xx_soft_reset  vs10xx.o
    0x0800d748   0x0800d748   0x0000000c   Code   RO         5070    i.vs10xx_spi_read_write_byte  vs10xx.o
    0x0800d754   0x0800d754   0x0000000a   Code   RO         5071    i.vs10xx_spi_speed_high  vs10xx.o
    0x0800d75e   0x0800d75e   0x0000000a   Code   RO         5072    i.vs10xx_spi_speed_low  vs10xx.o
    0x0800d768   0x0800d768   0x0000006c   Code   RO         5073    i.vs10xx_write_cmd  vs10xx.o
    0x0800d7d4   0x0800d7d4   0x0000002c   Code   RO         5074    i.vs10xx_write_ram  vs10xx.o
    0x0800d800   0x0800d800   0x00000004   Code   RO         6568    i.write_addr        usmart.o
    0x0800d804   0x0800d804   0x0000003a   Code   RO         5433    i.xdir_sum          ff.o
    0x0800d83e   0x0800d83e   0x0000004c   Code   RO         5434    i.xname_sum         ff.o
    0x0800d88a   0x0800d88a   0x00000002   PAD
    0x0800d88c   0x0800d88c   0x0000005a   Code   RO         6882    x$fpl$dfixu         fz_ws.l(dfixu.o)
    0x0800d8e6   0x0800d8e6   0x00000026   Code   RO         6886    x$fpl$dfltu         fz_ws.l(dflt_clz.o)
    0x0800d90c   0x0800d90c   0x00000154   Code   RO         6892    x$fpl$dmul          fz_ws.l(dmul.o)
    0x0800da60   0x0800da60   0x0000009c   Code   RO         6939    x$fpl$dnaninf       fz_ws.l(dnaninf.o)
    0x0800dafc   0x0800dafc   0x0000000c   Code   RO         6941    x$fpl$dretinf       fz_ws.l(dretinf.o)
    0x0800db08   0x0800db08   0x00000000   Code   RO         6949    x$fpl$usenofp       fz_ws.l(usenofp.o)
    0x0800db08   0x0800db08   0x00000018   Data   RO          288    .constdata          system_stm32f1xx.o
    0x0800db20   0x0800db20   0x00002a72   Data   RO          532    .constdata          audioplayer.o
    0x08010592   0x08010592   0x00002f80   Data   RO         4327    .constdata          lcd.o
    0x08013512   0x08013512   0x00000040   Data   RO         5075    .constdata          vs10xx.o
    0x08013552   0x08013552   0x00000002   PAD
    0x08013554   0x08013554   0x00000018   Data   RO         5239    .constdata          malloc.o
    0x0801356c   0x0801356c   0x00000058   Data   RO         5436    .constdata          ff.o
    0x080135c4   0x080135c4   0x000000c4   Data   RO         5852    .constdata          exfuns.o
    0x08013688   0x08013688   0x000002ae   Data   RO         6095    .constdata          myffunicode.o
    0x08013936   0x08013936   0x00000028   Data   RO         6812    .constdata          c_w.l(_printf_hex_int.o)
    0x0801395e   0x0801395e   0x00000011   Data   RO         6847    .constdata          c_w.l(__printf_flags_ss_wp.o)
    0x0801396f   0x0801396f   0x00000001   PAD
    0x08013970   0x08013970   0x00000054   Data   RO         5853    .conststring        exfuns.o
    0x080139c4   0x080139c4   0x00000028   Data   RO         6569    .conststring        usmart.o
    0x080139ec   0x080139ec   0x00000195   Data   RO         6629    .conststring        usmart_config.o
    0x08013b81   0x08013b81   0x00000003   PAD
    0x08013b84   0x08013b84   0x00000020   Data   RO         7107    Region$$Table       anon$$obj.o


    Execution Region RW_IRAM1 (Exec base: 0x20000000, Load base: 0x08013ba4, Size: 0x0000c710, Max: 0x00010000, ABSOLUTE, COMPRESSED[0x000000a4])

    Exec Addr    Load Addr    Size         Type   Attr      Idx    E Section Name        Object

    0x20000000   COMPRESSED   0x00000004   Data   RW          289    .data               system_stm32f1xx.o
    0x20000004   COMPRESSED   0x00000004   Data   RW          533    .data               audioplayer.o
    0x20000008   COMPRESSED   0x00000004   Data   RW          593    .data               delay.o
    0x2000000c   COMPRESSED   0x00000007   Data   RW          715    .data               usart.o
    0x20000013   COMPRESSED   0x00000001   PAD
    0x20000014   COMPRESSED   0x00000009   Data   RW          808    .data               stm32f1xx_hal.o
    0x2000001d   COMPRESSED   0x00000003   PAD
    0x20000020   COMPRESSED   0x00000008   Data   RW         4328    .data               lcd.o
    0x20000028   COMPRESSED   0x00000001   Data   RW         4552    .data               key.o
    0x20000029   COMPRESSED   0x00000001   PAD
    0x2000002a   COMPRESSED   0x00000002   Data   RW         4956    .data               norflash.o
    0x2000002c   COMPRESSED   0x00000008   Data   RW         5076    .data               vs10xx.o
    0x20000034   COMPRESSED   0x0000001c   Data   RW         5240    .data               malloc.o
    0x20000050   COMPRESSED   0x0000000a   Data   RW         5437    .data               ff.o
    0x2000005a   COMPRESSED   0x00000002   PAD
    0x2000005c   COMPRESSED   0x00000008   Data   RW         5854    .data               exfuns.o
    0x20000064   COMPRESSED   0x0000001c   Data   RW         6570    .data               usmart.o
    0x20000080   COMPRESSED   0x00000144   Data   RW         6630    .data               usmart_config.o
    0x200001c4        -       0x00000108   Zero   RW          714    .bss                usart.o
    0x200002cc        -       0x00000056   Zero   RW         4326    .bss                lcd.o
    0x20000322   COMPRESSED   0x00000002   PAD
    0x20000324        -       0x00000048   Zero   RW         4586    .bss                sram.o
    0x2000036c        -       0x000000a4   Zero   RW         4641    .bss                sdio_sdcard.o
    0x20000410        -       0x000000b0   Zero   RW         4712    .bss                spi.o
    0x200004c0        -       0x00001000   Zero   RW         4955    .bss                norflash.o
    0x200014c0        -       0x0000aa00   Zero   RW         5238    .bss                malloc.o
    0x2000bec0        -       0x00000180   Zero   RW         5947    .bss                fattester.o
    0x2000c040        -       0x00000021   Zero   RW         6133    .bss                fonts.o
    0x2000c061   COMPRESSED   0x00000003   PAD
    0x2000c064        -       0x00000048   Zero   RW         6659    .bss                usmart_port.o
    0x2000c0ac        -       0x00000060   Zero   RW         6990    .bss                c_w.l(libspace.o)
    0x2000c10c   COMPRESSED   0x00000004   PAD
    0x2000c110        -       0x00000200   Zero   RW            2    HEAP                startup_stm32f103xe.o
    0x2000c310        -       0x00000400   Zero   RW            1    STACK               startup_stm32f103xe.o



  Load Region LR$$.ARM.__AT_0x68000000 (Base: 0x68000000, Size: 0x00000000, Max: 0x000f0c00, ABSOLUTE)

    Execution Region ER$$.ARM.__AT_0x68000000 (Exec base: 0x68000000, Load base: 0x68000000, Size: 0x000f0c00, Max: 0x000f0c00, ABSOLUTE, UNINIT)

    Exec Addr    Load Addr    Size         Type   Attr      Idx    E Section Name        Object

    0x68000000        -       0x000f0c00   Zero   RW         5236    .ARM.__AT_0x68000000  malloc.o



  Load Region LR$$.ARM.__AT_0x680F0C00 (Base: 0x680f0c00, Size: 0x00000000, Max: 0x0000f0c0, ABSOLUTE)

    Execution Region ER$$.ARM.__AT_0x680F0C00 (Exec base: 0x680f0c00, Load base: 0x680f0c00, Size: 0x0000f0c0, Max: 0x0000f0c0, ABSOLUTE, UNINIT)

    Exec Addr    Load Addr    Size         Type   Attr      Idx    E Section Name        Object

    0x680f0c00        -       0x0000f0c0   Zero   RW         5237    .ARM.__AT_0x680F0C00  malloc.o


==============================================================================

Image component sizes


      Code (inc. data)   RO Data    RW Data    ZI Data      Debug   Object Name

      1680        122      10866          4          0       6093   audioplayer.o
       114         10          0          4          0       2603   delay.o
       482          4          0          0          0       5538   diskio.o
       286         10        280          8          0       3336   exfuns.o
        96         12          0          0        384       1972   fattester.o
     11594        110         88         10          0      76895   ff.o
        32          0          0          0          0       1713   ffsystem.o
        64          4          0          0         33       2322   fonts.o
       436         26          0          1          0       1874   key.o
     13922        176      12160          8         86      27550   lcd.o
       144         12          0          0          0       1003   led.o
       616        186          0          0          0     530083   main.o
       484         54         24         28    1091264       6739   malloc.o
       444         32        686          0          0       3060   myffunicode.o
      1050         54          0          2       4096       8320   norflash.o
       564         42          0          0        164       4639   sdio_sdcard.o
       828         68          0          0        176     409538   spi.o
       452         30          0          0         72       1685   sram.o
        64         26        304          0       1536        964   startup_stm32f103xe.o
       154         32          0          9          0       6779   stm32f1xx_hal.o
       304         22          0          0          0      29795   stm32f1xx_hal_cortex.o
       424         10          0          0          0       1335   stm32f1xx_hal_dma.o
       880         40          0          0          0       4212   stm32f1xx_hal_gpio.o
      1784        110          0          0          0       6432   stm32f1xx_hal_rcc.o
      2494         26          0          0          0       9619   stm32f1xx_hal_sd.o
      1224          6          0          0          0       5515   stm32f1xx_hal_spi.o
       102          0          0          0          0       1304   stm32f1xx_hal_sram.o
       404         44          0          0          0       3368   stm32f1xx_hal_tim.o
      1162         10          0          0          0       8331   stm32f1xx_hal_uart.o
        32          0          0          0          0       4322   stm32f1xx_it.o
       254         10          0          0          0       4039   stm32f1xx_ll_fsmc.o
      1998         46          0          0          0      23484   stm32f1xx_ll_sdmmc.o
       102          0          0          0          0        759   sys.o
         2          0         24          4          0       1487   system_stm32f1xx.o
       646         10          0          0          0       3768   text.o
       440         56          0          7        264       5801   usart.o
      2898       1308         40         28          0       6206   usmart.o
         0          0        405        324          0       1720   usmart_config.o
       324         50          0          0         72       3670   usmart_port.o
      1400         20          0          0          0       9609   usmart_str.o
      2182         96         64          8          0      18103   vs10xx.o

    ----------------------------------------------------------------------
     52614       2874      24978        452    1098152    1255585   Object Totals
         0          0         32          0          0          0   (incl. Generated)
        52          0          5          7          5          0   (incl. Padding)

    ----------------------------------------------------------------------

      Code (inc. data)   RO Data    RW Data    ZI Data      Debug   Library Member Name

        90          0          0          0          0          0   __dczerorl2.o
         8          0          0          0          0         68   __main.o
       392          4         17          0          0         92   __printf_flags_ss_wp.o
        14          0          0          0          0         68   __printf_wp.o
         0          0          0          0          0          0   __rtentry.o
        12          0          0          0          0          0   __rtentry2.o
         6          0          0          0          0          0   __rtentry4.o
        52          8          0          0          0          0   __scatter.o
        28          0          0          0          0          0   __scatter_zi.o
         6          0          0          0          0          0   _printf_c.o
        44          0          0          0          0        108   _printf_char.o
        48          6          0          0          0         96   _printf_char_common.o
        36          4          0          0          0         80   _printf_char_file.o
         6          0          0          0          0          0   _printf_d.o
       120         16          0          0          0         92   _printf_dec.o
        88          4         40          0          0         88   _printf_hex_int.o
       178          0          0          0          0         88   _printf_intcommon.o
        78          0          0          0          0        108   _printf_pad.o
         0          0          0          0          0          0   _printf_percent.o
         4          0          0          0          0          0   _printf_percent_end.o
         6          0          0          0          0          0   _printf_s.o
        82          0          0          0          0         80   _printf_str.o
         6          0          0          0          0          0   _printf_u.o
         6          0          0          0          0          0   _printf_x.o
        16          0          0          0          0         68   aeabi_memset.o
        18          0          0          0          0         80   exit.o
         8          0          0          0          0         68   ferror.o
         6          0          0          0          0        152   heapauxi.o
         2          0          0          0          0          0   libinit.o
         2          0          0          0          0          0   libinit2.o
         2          0          0          0          0          0   libshutdown.o
         2          0          0          0          0          0   libshutdown2.o
         8          4          0          0         96         68   libspace.o
        72          0          0          0          0         76   llsdiv.o
       238          0          0          0          0        100   lludivv7m.o
        88          0          0          0          0         76   memcmp.o
        24          4          0          0          0         84   noretval__2printf.o
        68          0          0          0          0         68   rt_memclr.o
        78          0          0          0          0         80   rt_memclr_w.o
       138          0          0          0          0         68   rt_memcpy_v6.o
       100          0          0          0          0         80   rt_memcpy_w.o
         2          0          0          0          0          0   rtexit.o
        10          0          0          0          0          0   rtexit2.o
        24          0          0          0          0         68   strcat.o
        20          0          0          0          0         68   strchr.o
       128          0          0          0          0         68   strcmpv7m.o
        72          0          0          0          0         80   strcpy.o
        74          0          0          0          0         80   sys_stackheap_outer.o
         2          0          0          0          0         68   use_no_semi.o
         2          0          0          0          0         68   use_no_semi_2.o
        90          4          0          0          0         92   dfixu.o
        38          0          0          0          0         68   dflt_clz.o
       340         12          0          0          0        104   dmul.o
       156          4          0          0          0         92   dnaninf.o
        12          0          0          0          0         68   dretinf.o
         0          0          0          0          0          0   usenofp.o

    ----------------------------------------------------------------------
      3154         70         58          0        100       2960   Library Totals
         4          0          1          0          4          0   (incl. Padding)

    ----------------------------------------------------------------------

      Code (inc. data)   RO Data    RW Data    ZI Data      Debug   Library Name

      2514         50         57          0         96       2536   c_w.l
       636         20          0          0          0        424   fz_ws.l

    ----------------------------------------------------------------------
      3154         70         58          0        100       2960   Library Totals

    ----------------------------------------------------------------------

==============================================================================


      Code (inc. data)   RO Data    RW Data    ZI Data      Debug   

     55768       2944      25036        452    1098252    1241485   Grand Totals
     55768       2944      25036        164    1098252    1241485   ELF Image Totals (compressed)
     55768       2944      25036        164          0          0   ROM Totals

==============================================================================

    Total RO  Size (Code + RO Data)                80804 (  78.91kB)
    Total RW  Size (RW Data + ZI Data)           1098704 (1072.95kB)
    Total ROM Size (Code + RO Data + RW Data)      80968 (  79.07kB)

==============================================================================

